Archive member included to satisfy reference by file (symbol)

c:/MaximSDK/Libraries/PeriphDrivers/bin/MAX78000/softfp/libPeriphDriver_softfp.a(mxc_delay.o)
                              c:/MaximSDK/Examples/MAX78000/CNN/yolov1_demo3/build/main_faceid.o (MXC_Delay)
c:/MaximSDK/Libraries/PeriphDrivers/bin/MAX78000/softfp/libPeriphDriver_softfp.a(pins_ai85.o)
                              c:/MaximSDK/Examples/MAX78000/CNN/yolov1_demo3/build/camera.o (gpio_cfg_pcif_xclk)
c:/MaximSDK/Libraries/PeriphDrivers/bin/MAX78000/softfp/libPeriphDriver_softfp.a(sys_ai85.o)
                              c:/MaximSDK/Examples/MAX78000/CNN/yolov1_demo3/build/cnn.o (MXC_SYS_ClockDisable)
c:/MaximSDK/Libraries/PeriphDrivers/bin/MAX78000/softfp/libPeriphDriver_softfp.a(nvic_table.o)
                              c:/MaximSDK/Examples/MAX78000/CNN/yolov1_demo3/build/cnn.o (NVIC_SetVector)
c:/MaximSDK/Libraries/PeriphDrivers/bin/MAX78000/softfp/libPeriphDriver_softfp.a(aes_me17.o)
                              c:/MaximSDK/Libraries/PeriphDrivers/bin/MAX78000/softfp/libPeriphDriver_softfp.a(sys_ai85.o) (MXC_AES_Init)
c:/MaximSDK/Libraries/PeriphDrivers/bin/MAX78000/softfp/libPeriphDriver_softfp.a(aes_revb.o)
                              c:/MaximSDK/Libraries/PeriphDrivers/bin/MAX78000/softfp/libPeriphDriver_softfp.a(aes_me17.o) (MXC_AES_RevB_Init)
c:/MaximSDK/Libraries/PeriphDrivers/bin/MAX78000/softfp/libPeriphDriver_softfp.a(cameraif_ai85.o)
                              c:/MaximSDK/Examples/MAX78000/CNN/yolov1_demo3/build/camera.o (MXC_PCIF_Init)
c:/MaximSDK/Libraries/PeriphDrivers/bin/MAX78000/softfp/libPeriphDriver_softfp.a(cameraif_reva.o)
                              c:/MaximSDK/Libraries/PeriphDrivers/bin/MAX78000/softfp/libPeriphDriver_softfp.a(cameraif_ai85.o) (MXC_PCIF_RevA_SetDatawidth)
c:/MaximSDK/Libraries/PeriphDrivers/bin/MAX78000/softfp/libPeriphDriver_softfp.a(dma_me17.o)
                              c:/MaximSDK/Libraries/PeriphDrivers/bin/MAX78000/softfp/libPeriphDriver_softfp.a(aes_revb.o) (MXC_DMA_Init)
c:/MaximSDK/Libraries/PeriphDrivers/bin/MAX78000/softfp/libPeriphDriver_softfp.a(dma_reva.o)
                              c:/MaximSDK/Libraries/PeriphDrivers/bin/MAX78000/softfp/libPeriphDriver_softfp.a(dma_me17.o) (MXC_DMA_RevA_Init)
c:/MaximSDK/Libraries/PeriphDrivers/bin/MAX78000/softfp/libPeriphDriver_softfp.a(flc_me17.o)
                              c:/MaximSDK/Libraries/PeriphDrivers/bin/MAX78000/softfp/libPeriphDriver_softfp.a(sys_ai85.o) (MXC_FLC_UnlockInfoBlock)
c:/MaximSDK/Libraries/PeriphDrivers/bin/MAX78000/softfp/libPeriphDriver_softfp.a(flc_revb.o)
                              c:/MaximSDK/Libraries/PeriphDrivers/bin/MAX78000/softfp/libPeriphDriver_softfp.a(flc_me17.o) (MXC_FLC_RevB_Busy)
c:/MaximSDK/Libraries/PeriphDrivers/bin/MAX78000/softfp/libPeriphDriver_softfp.a(gpio_ai85.o)
                              c:/MaximSDK/Examples/MAX78000/CNN/yolov1_demo3/build/cnn.o (MXC_GPIO_Config)
c:/MaximSDK/Libraries/PeriphDrivers/bin/MAX78000/softfp/libPeriphDriver_softfp.a(gpio_reva.o)
                              c:/MaximSDK/Libraries/PeriphDrivers/bin/MAX78000/softfp/libPeriphDriver_softfp.a(gpio_ai85.o) (MXC_GPIO_RevA_InGet)
c:/MaximSDK/Libraries/PeriphDrivers/bin/MAX78000/softfp/libPeriphDriver_softfp.a(icc_me17.o)
                              c:/MaximSDK/Examples/MAX78000/CNN/yolov1_demo3/build/main_faceid.o (MXC_ICC_Enable)
c:/MaximSDK/Libraries/PeriphDrivers/bin/MAX78000/softfp/libPeriphDriver_softfp.a(icc_reva.o)
                              c:/MaximSDK/Libraries/PeriphDrivers/bin/MAX78000/softfp/libPeriphDriver_softfp.a(icc_me17.o) (MXC_ICC_RevA_ID)
c:/MaximSDK/Libraries/PeriphDrivers/bin/MAX78000/softfp/libPeriphDriver_softfp.a(pt_me17.o)
                              c:/MaximSDK/Examples/MAX78000/CNN/yolov1_demo3/build/camera.o (MXC_PT_Init)
c:/MaximSDK/Libraries/PeriphDrivers/bin/MAX78000/softfp/libPeriphDriver_softfp.a(pt_reva.o)
                              c:/MaximSDK/Libraries/PeriphDrivers/bin/MAX78000/softfp/libPeriphDriver_softfp.a(pt_me17.o) (MXC_PT_RevA_Init)
c:/MaximSDK/Libraries/PeriphDrivers/bin/MAX78000/softfp/libPeriphDriver_softfp.a(rtc_me17.o)
                              c:/MaximSDK/Examples/MAX78000/CNN/yolov1_demo3/build/utils_faceid.o (MXC_RTC_GetSubSecond)
c:/MaximSDK/Libraries/PeriphDrivers/bin/MAX78000/softfp/libPeriphDriver_softfp.a(rtc_reva.o)
                              c:/MaximSDK/Libraries/PeriphDrivers/bin/MAX78000/softfp/libPeriphDriver_softfp.a(rtc_me17.o) (MXC_RTC_RevA_EnableInt)
c:/MaximSDK/Libraries/PeriphDrivers/bin/MAX78000/softfp/libPeriphDriver_softfp.a(spi_me17.o)
                              c:/MaximSDK/Examples/MAX78000/CNN/yolov1_demo3/build/tft.o (MXC_SPI_Init)
c:/MaximSDK/Libraries/PeriphDrivers/bin/MAX78000/softfp/libPeriphDriver_softfp.a(spi_reva.o)
                              c:/MaximSDK/Libraries/PeriphDrivers/bin/MAX78000/softfp/libPeriphDriver_softfp.a(spi_me17.o) (MXC_SPI_RevA_Init)
[...]
Memory Configuration

Name             Origin             Length             Attributes
ROM              0x00000000         0x00010000         xr
FLASH            0x10000000         0x00080000         xr
SRAM             0x20000000         0x00020000         xrw
*default*        0x00000000         0xffffffff

Linker script and memory map

LOAD c:/maximsdk/tools/gnutools/bin/../lib/gcc/arm-none-eabi/9.2.1/thumb/v7e-m+fp/softfp/crti.o
LOAD c:/maximsdk/tools/gnutools/bin/../lib/gcc/arm-none-eabi/9.2.1/thumb/v7e-m+fp/softfp/crtbegin.o
LOAD c:/maximsdk/tools/gnutools/bin/../lib/gcc/arm-none-eabi/9.2.1/../../../../arm-none-eabi/lib/thumb/v7e-m+fp/softfp/crt0.o
LOAD c:/MaximSDK/Examples/MAX78000/CNN/yolov1_demo3/build/main_faceid.o
LOAD c:/MaximSDK/Examples/MAX78000/CNN/yolov1_demo3/build/cnn.o
LOAD c:/MaximSDK/Examples/MAX78000/CNN/yolov1_demo3/build/utils_faceid.o
LOAD c:/MaximSDK/Examples/MAX78000/CNN/yolov1_demo3/build/sigmoid.o
LOAD c:/MaximSDK/Examples/MAX78000/CNN/yolov1_demo3/build/board.o
LOAD c:/MaximSDK/Examples/MAX78000/CNN/yolov1_demo3/build/stdio.o
LOAD c:/MaximSDK/Examples/MAX78000/CNN/yolov1_demo3/build/led.o
LOAD c:/MaximSDK/Examples/MAX78000/CNN/yolov1_demo3/build/pb.o
LOAD c:/MaximSDK/Examples/MAX78000/CNN/yolov1_demo3/build/tft.o
LOAD c:/MaximSDK/Examples/MAX78000/CNN/yolov1_demo3/build/touchscreen.o
LOAD c:/MaximSDK/Examples/MAX78000/CNN/yolov1_demo3/build/camera.o
LOAD c:/MaximSDK/Examples/MAX78000/CNN/yolov1_demo3/build/sccb.o
LOAD c:/MaximSDK/Examples/MAX78000/CNN/yolov1_demo3/build/startup_max78000.o
LOAD c:/MaximSDK/Examples/MAX78000/CNN/yolov1_demo3/build/heap.o
LOAD c:/MaximSDK/Examples/MAX78000/CNN/yolov1_demo3/build/system_max78000.o
START GROUP
LOAD c:/MaximSDK/Libraries/PeriphDrivers/bin/MAX78000/softfp/libPeriphDriver_softfp.a
LOAD c:/maximsdk/tools/gnutools/bin/../lib/gcc/arm-none-eabi/9.2.1/../../../../arm-none-eabi/lib/thumb/v7e-m+fp/softfp\libc.a
LOAD c:/maximsdk/tools/gnutools/bin/../lib/gcc/arm-none-eabi/9.2.1/../../../../arm-none-eabi/lib/thumb/v7e-m+fp/softfp\libm.a
LOAD c:/maximsdk/tools/gnutools/bin/../lib/gcc/arm-none-eabi/9.2.1/../../../../arm-none-eabi/lib/thumb/v7e-m+fp/softfp\libnosys.a
END GROUP
START GROUP
LOAD c:/maximsdk/tools/gnutools/bin/../lib/gcc/arm-none-eabi/9.2.1/thumb/v7e-m+fp/softfp\libgcc.a
LOAD c:/maximsdk/tools/gnutools/bin/../lib/gcc/arm-none-eabi/9.2.1/../../../../arm-none-eabi/lib/thumb/v7e-m+fp/softfp\libc.a
END GROUP
LOAD c:/maximsdk/tools/gnutools/bin/../lib/gcc/arm-none-eabi/9.2.1/thumb/v7e-m+fp/softfp/crtend.o
LOAD c:/maximsdk/tools/gnutools/bin/../lib/gcc/arm-none-eabi/9.2.1/thumb/v7e-m+fp/softfp/crtn.o

.rom
 *(.rom_vector)
 *(.rom_handlers*)

.text           0x10000000    0x59ef4
                0x10000000                _text = .
 *(.isr_vector)
 .isr_vector    0x10000000      0x1e0 c:/MaximSDK/Examples/MAX78000/CNN/yolov1_demo3/build/startup_max78000.o
                0x10000000                __isr_vector
 *(.text*)
 .text          0x100001e0       0x40 c:/maximsdk/tools/gnutools/bin/../lib/gcc/arm-none-eabi/9.2.1/thumb/v7e-m+fp/softfp/crtbegin.o
 .text.ConsoleUARTInit
                0x10000220       0x2c c:/MaximSDK/Examples/MAX78000/CNN/yolov1_demo3/build/main_faceid.o
                0x10000220                ConsoleUARTInit
 .text.fail     0x1000024c       0x10 c:/MaximSDK/Examples/MAX78000/CNN/yolov1_demo3/build/main_faceid.o
                0x1000024c                fail
 .text.cnn_wait
                0x1000025c       0x18 c:/MaximSDK/Examples/MAX78000/CNN/yolov1_demo3/build/main_faceid.o
                0x1000025c                cnn_wait
 .text.cnn_load
                0x10000274       0x22 c:/MaximSDK/Examples/MAX78000/CNN/yolov1_demo3/build/main_faceid.o
                0x10000274                cnn_load
 *fill*         0x10000296        0x2 
 .text.main     0x10000298      0x268 c:/MaximSDK/Examples/MAX78000/CNN/yolov1_demo3/build/main_faceid.o
                0x10000298                main
 .text.memcpy_8to32
                0x10000500       0x14 c:/MaximSDK/Examples/MAX78000/CNN/yolov1_demo3/build/cnn.o
 .text.CNN_ISR  0x10000514       0x60 c:/MaximSDK/Examples/MAX78000/CNN/yolov1_demo3/build/cnn.o
                0x10000514                CNN_ISR
 .text.memcpy32
                0x10000574       0x1a c:/MaximSDK/Examples/MAX78000/CNN/yolov1_demo3/build/cnn.o
                0x10000574                memcpy32
 *fill*         0x1000058e        0x2 
 .text.cnn_load_weights
                0x10000590      0x70c c:/MaximSDK/Examples/MAX78000/CNN/yolov1_demo3/build/cnn.o
                0x10000590                cnn_load_weights
 .text.cnn_load_bias
                0x10000c9c       0x50 c:/MaximSDK/Examples/MAX78000/CNN/yolov1_demo3/build/cnn.o
                0x10000c9c                cnn_load_bias
 .text.cnn_init
                0x10000cec       0x64 c:/MaximSDK/Examples/MAX78000/CNN/yolov1_demo3/build/cnn.o
                0x10000cec                cnn_init
 .text.cnn_configure
                0x10000d50     0x2460 c:/MaximSDK/Examples/MAX78000/CNN/yolov1_demo3/build/cnn.o
                0x10000d50                cnn_configure
 .text.cnn_start
                0x100031b0       0x4c c:/MaximSDK/Examples/MAX78000/CNN/yolov1_demo3/build/cnn.o
                0x100031b0                cnn_start
 .text.cnn_unload
                0x100031fc      0x19c c:/MaximSDK/Examples/MAX78000/CNN/yolov1_demo3/build/cnn.o
                0x100031fc                cnn_unload
 .text.cnn_enable
                0x10003398       0x3c c:/MaximSDK/Examples/MAX78000/CNN/yolov1_demo3/build/cnn.o
                0x10003398                cnn_enable
 .text.uart_write
                0x100033d4       0x28 c:/MaximSDK/Examples/MAX78000/CNN/yolov1_demo3/build/utils_faceid.o
                0x100033d4                uart_write
 .text.uart_read
                0x100033fc       0x28 c:/MaximSDK/Examples/MAX78000/CNN/yolov1_demo3/build/utils_faceid.o
                0x100033fc                uart_read
 .text.wait_for_feedback
                0x10003424       0x44 c:/MaximSDK/Examples/MAX78000/CNN/yolov1_demo3/build/utils_faceid.o
                0x10003424                wait_for_feedback
 .text.load_input_serial
                0x10003468       0x48 c:/MaximSDK/Examples/MAX78000/CNN/yolov1_demo3/build/utils_faceid.o
                0x10003468                load_input_serial
 .text.NMS_max  0x100034b0      0x1e0 c:/MaximSDK/Examples/MAX78000/CNN/yolov1_demo3/build/utils_faceid.o
                0x100034b0                NMS_max
 .text.cus_cnn_unload
                0x10003690      0x13c c:/MaximSDK/Examples/MAX78000/CNN/yolov1_demo3/build/utils_faceid.o
                0x10003690                cus_cnn_unload
 .text.utils_get_time_ms
                0x100037cc       0x3c c:/MaximSDK/Examples/MAX78000/CNN/yolov1_demo3/build/utils_faceid.o
                0x100037cc                utils_get_time_ms
 .text.q_div    0x10003808       0x32 c:/MaximSDK/Examples/MAX78000/CNN/yolov1_demo3/build/sigmoid.o
                0x10003808                q_div
 .text.q_mul    0x1000383a       0x46 c:/MaximSDK/Examples/MAX78000/CNN/yolov1_demo3/build/sigmoid.o
                0x1000383a                q_mul
 .text.sigmoid  0x10003880       0x48 c:/MaximSDK/Examples/MAX78000/CNN/yolov1_demo3/build/sigmoid.o
                0x10003880                sigmoid
 .text.mxc_assert
                0x100038c8       0x10 c:/MaximSDK/Examples/MAX78000/CNN/yolov1_demo3/build/board.o
                0x100038c8                mxc_assert
 .text.Console_Init
                0x100038d8       0x18 c:/MaximSDK/Examples/MAX78000/CNN/yolov1_demo3/build/board.o
                0x100038d8                Console_Init
 .text.Board_Init
                0x100038f0       0x64 c:/MaximSDK/Examples/MAX78000/CNN/yolov1_demo3/build/board.o
                0x100038f0                Board_Init
 .text.NMI_Handler
                0x10003954        0x4 c:/MaximSDK/Examples/MAX78000/CNN/yolov1_demo3/build/board.o
                0x10003954                NMI_Handler
 .text._close   0x10003958        0x6 c:/MaximSDK/Examples/MAX78000/CNN/yolov1_demo3/build/stdio.o
                0x10003958                _close
 .text._isatty  0x1000395e        0x6 c:/MaximSDK/Examples/MAX78000/CNN/yolov1_demo3/build/stdio.o
                0x1000395e                _isatty
 .text._lseek   0x10003964        0x6 c:/MaximSDK/Examples/MAX78000/CNN/yolov1_demo3/build/stdio.o
                0x10003964                _lseek
 .text._fstat   0x1000396a        0x6 c:/MaximSDK/Examples/MAX78000/CNN/yolov1_demo3/build/stdio.o
                0x1000396a                _fstat
 .text._read    0x10003970       0x54 c:/MaximSDK/Examples/MAX78000/CNN/yolov1_demo3/build/stdio.o
                0x10003970                _read
 .text._write   0x100039c4       0x54 c:/MaximSDK/Examples/MAX78000/CNN/yolov1_demo3/build/stdio.o
                0x100039c4                _write
 .text.LED_On   0x10003a18       0x44 c:/MaximSDK/Examples/MAX78000/CNN/yolov1_demo3/build/led.o
                0x10003a18                LED_On
 .text.LED_Off  0x10003a5c       0x44 c:/MaximSDK/Examples/MAX78000/CNN/yolov1_demo3/build/led.o
                0x10003a5c                LED_Off
 .text.LED_Init
                0x10003aa0       0x3c c:/MaximSDK/Examples/MAX78000/CNN/yolov1_demo3/build/led.o
                0x10003aa0                LED_Init
 .text.PB_Init  0x10003adc       0x38 c:/MaximSDK/Examples/MAX78000/CNN/yolov1_demo3/build/pb.o
                0x10003adc                PB_Init
 .text.GPIO0_IRQHandler
                0x10003b14        0xa c:/MaximSDK/Examples/MAX78000/CNN/yolov1_demo3/build/pb.o
                0x10003b14                GPIO0_IRQHandler
 .text.GPIO1_IRQHandler
                0x10003b1e        0xa c:/MaximSDK/Examples/MAX78000/CNN/yolov1_demo3/build/pb.o
                0x10003b1e                GPIO1_IRQHandler
 .text.GPIO2_IRQHandler
                0x10003b28        0xa c:/MaximSDK/Examples/MAX78000/CNN/yolov1_demo3/build/pb.o
                0x10003b28                GPIO2_IRQHandler
 *fill*         0x10003b32        0x2 
 .text          0x10003b34      0x148 c:/MaximSDK/Examples/MAX78000/CNN/yolov1_demo3/build/startup_max78000.o
                0x10003b34                Reset_Handler
                0x10003b72                HardFault_Handler
                0x10003b74                MemManage_Handler
                0x10003b76                BusFault_Handler
                0x10003b78                UsageFault_Handler
                0x10003b7a                SVC_Handler
                0x10003b7c                DebugMon_Handler
                0x10003b7e                PendSV_Handler
                0x10003b80                SysTick_Handler
                0x10003b82                Default_Handler
                0x10003b84                PF_IRQHandler
                0x10003b86                WDT0_IRQHandler
                0x10003b88                RSV02_IRQHandler
                0x10003b8a                RTC_IRQHandler
                0x10003b8c                TRNG_IRQHandler
                0x10003b8e                TMR0_IRQHandler
                0x10003b90                TMR1_IRQHandler
                0x10003b92                TMR2_IRQHandler
                0x10003b94                TMR3_IRQHandler
                0x10003b96                TMR4_IRQHandler
                0x10003b98                TMR5_IRQHandler
                0x10003b9a                RSV11_IRQHandler
                0x10003b9c                RSV12_IRQHandler
                0x10003b9e                I2C0_IRQHandler
                0x10003ba0                UART0_IRQHandler
                0x10003ba2                UART1_IRQHandler
                0x10003ba4                SPI1_IRQHandler
                0x10003ba6                RSV17_IRQHandler
                0x10003ba8                RSV18_IRQHandler
                0x10003baa                RSV19_IRQHandler
                0x10003bac                ADC_IRQHandler
                0x10003bae                RSV21_IRQHandler
                0x10003bb0                RSV22_IRQHandler
                0x10003bb2                FLC0_IRQHandler
                0x10003bba                RSV27_IRQHandler
                0x10003bbc                DMA0_IRQHandler
                0x10003bbe                DMA1_IRQHandler
                0x10003bc0                DMA2_IRQHandler
                0x10003bc2                DMA3_IRQHandler
                0x10003bc4                RSV32_IRQHandler
                0x10003bc6                RSV33_IRQHandler
                0x10003bc8                UART2_IRQHandler
                0x10003bca                RSV35_IRQHandler
                0x10003bcc                I2C1_IRQHandler
                0x10003bce                RSV37_IRQHandler
                0x10003bd0                RSV38_IRQHandler
                0x10003bd2                RSV39_IRQHandler
                0x10003bd4                RSV40_IRQHandler
                0x10003bd6                RSV41_IRQHandler
                0x10003bd8                RSV42_IRQHandler
                0x10003bda                RSV43_IRQHandler
                0x10003bdc                RSV44_IRQHandler
                0x10003bde                RSV45_IRQHandler
                0x10003be0                RSV46_IRQHandler
                0x10003be2                RSV47_IRQHandler
                0x10003be4                RSV48_IRQHandler
                0x10003be6                RSV49_IRQHandler
                0x10003be8                RSV50_IRQHandler
                0x10003bea                RSV51_IRQHandler
                0x10003bec                RSV52_IRQHandler
                0x10003bee                WUT_IRQHandler
                0x10003bf0                GPIOWAKE_IRQHandler
                0x10003bf2                RSV55_IRQHandler
                0x10003bf4                SPI0_IRQHandler
                0x10003bf6                WDT1_IRQHandler
                0x10003bf8                RSV58_IRQHandler
                0x10003bfa                PT_IRQHandler
                0x10003bfc                RSV60_IRQHandler
                0x10003bfe                RSV61_IRQHandler
                0x10003c00                I2C2_IRQHandler
                0x10003c02                RISCV_IRQHandler
                0x10003c04                RSV64_IRQHandler
                0x10003c06                RSV65_IRQHandler
                0x10003c08                RSV66_IRQHandler
                0x10003c0a                OWM_IRQHandler
                0x10003c0c                RSV68_IRQHandler
                0x10003c0e                RSV69_IRQHandler
                0x10003c10                RSV70_IRQHandler
                0x10003c12                RSV71_IRQHandler
                0x10003c14                RSV72_IRQHandler
                0x10003c16                RSV73_IRQHandler
                0x10003c18                RSV74_IRQHandler
                0x10003c1a                RSV75_IRQHandler
                0x10003c1c                RSV76_IRQHandler
                0x10003c1e                RSV77_IRQHandler
                0x10003c20                RSV78_IRQHandler
                0x10003c22                RSV79_IRQHandler
                0x10003c24                RSV80_IRQHandler
                0x10003c26                RSV81_IRQHandler
                0x10003c28                ECC_IRQHandler
                0x10003c2a                DVS_IRQHandler
                0x10003c2c                SIMO_IRQHandler
                0x10003c2e                RSV85_IRQHandler
                0x10003c30                RSV86_IRQHandler
                0x10003c32                RSV87_IRQHandler
                0x10003c34                UART3_IRQHandler
                0x10003c36                RSV89_IRQHandler
                0x10003c38                RSV90_IRQHandler
                0x10003c3a                PCIF_IRQHandler
                0x10003c3c                RSV92_IRQHandler
                0x10003c3e                RSV93_IRQHandler
                0x10003c40                RSV94_IRQHandler
                0x10003c42                RSV95_IRQHandler
                0x10003c44                RSV96_IRQHandler
                0x10003c46                AES_IRQHandler
                0x10003c48                RSV98_IRQHandler
                0x10003c4a                I2S_IRQHandler
                0x10003c4c                CNN_FIFO_IRQHandler
                0x10003c4e                CNN_IRQHandler
                0x10003c50                RSV102_IRQHandler
                0x10003c52                LPCMP_IRQHandler
 .text._sbrk    0x10003c7c       0x40 c:/MaximSDK/Examples/MAX78000/CNN/yolov1_demo3/build/heap.o
                0x10003c7c                _sbrk
 .text.SystemCoreClockUpdate
                0x10003cbc       0x78 c:/MaximSDK/Examples/MAX78000/CNN/yolov1_demo3/build/system_max78000.o
                0x10003cbc                SystemCoreClockUpdate
 .text.PreInit  0x10003d34        0x4 c:/MaximSDK/Examples/MAX78000/CNN/yolov1_demo3/build/system_max78000.o
                0x10003d34                PreInit
 .text.SystemInit
                0x10003d38       0x30 c:/MaximSDK/Examples/MAX78000/CNN/yolov1_demo3/build/system_max78000.o
                0x10003d38                SystemInit
 .text.MXC_DelayInit
                0x10003d68       0x80 c:/MaximSDK/Libraries/PeriphDrivers/bin/MAX78000/softfp/libPeriphDriver_softfp.a(mxc_delay.o)
 .text.MXC_DelayAsync
                0x10003de8       0x3c c:/MaximSDK/Libraries/PeriphDrivers/bin/MAX78000/softfp/libPeriphDriver_softfp.a(mxc_delay.o)
                0x10003de8                MXC_DelayAsync
 .text.MXC_DelayCheck
                0x10003e24       0x74 c:/MaximSDK/Libraries/PeriphDrivers/bin/MAX78000/softfp/libPeriphDriver_softfp.a(mxc_delay.o)
                0x10003e24                MXC_DelayCheck
 .text.MXC_DelayAbort
                0x10003e98       0x34 c:/MaximSDK/Libraries/PeriphDrivers/bin/MAX78000/softfp/libPeriphDriver_softfp.a(mxc_delay.o)
                0x10003e98                MXC_DelayAbort
 .text.MXC_Delay
                0x10003ecc       0x74 c:/MaximSDK/Libraries/PeriphDrivers/bin/MAX78000/softfp/libPeriphDriver_softfp.a(mxc_delay.o)
                0x10003ecc                MXC_Delay
 .text.MXC_SYS_ClockDisable
                0x10003f40       0x44 c:/MaximSDK/Libraries/PeriphDrivers/bin/MAX78000/softfp/libPeriphDriver_softfp.a(sys_ai85.o)
                0x10003f40                MXC_SYS_ClockDisable
 .text.MXC_SYS_ClockEnable
                0x10003f84       0x4c c:/MaximSDK/Libraries/PeriphDrivers/bin/MAX78000/softfp/libPeriphDriver_softfp.a(sys_ai85.o)
                0x10003f84                MXC_SYS_ClockEnable
 .text.MXC_SYS_Clock_Timeout
                0x10003fd0       0x30 c:/MaximSDK/Libraries/PeriphDrivers/bin/MAX78000/softfp/libPeriphDriver_softfp.a(sys_ai85.o)
                0x10003fd0                MXC_SYS_Clock_Timeout
 .text.MXC_SYS_ClockSourceEnable
                0x10004000       0x74 c:/MaximSDK/Libraries/PeriphDrivers/bin/MAX78000/softfp/libPeriphDriver_softfp.a(sys_ai85.o)
                0x10004000                MXC_SYS_ClockSourceEnable
 .text.MXC_SYS_Clock_Select
                0x10004074       0xf4 c:/MaximSDK/Libraries/PeriphDrivers/bin/MAX78000/softfp/libPeriphDriver_softfp.a(sys_ai85.o)
                0x10004074                MXC_SYS_Clock_Select
 .text.MXC_SYS_Reset_Periph
                0x10004168       0x3c c:/MaximSDK/Libraries/PeriphDrivers/bin/MAX78000/softfp/libPeriphDriver_softfp.a(sys_ai85.o)
                0x10004168                MXC_SYS_Reset_Periph
 .text.NVIC_SetVector
                0x100041a4       0x4c c:/MaximSDK/Libraries/PeriphDrivers/bin/MAX78000/softfp/libPeriphDriver_softfp.a(nvic_table.o)
                0x100041a4                NVIC_SetVector
 .text.MXC_GPIO_Init
                0x100041f0       0x38 c:/MaximSDK/Libraries/PeriphDrivers/bin/MAX78000/softfp/libPeriphDriver_softfp.a(gpio_ai85.o)
                0x100041f0                MXC_GPIO_Init
 .text.MXC_GPIO_Config
                0x10004228      0x190 c:/MaximSDK/Libraries/PeriphDrivers/bin/MAX78000/softfp/libPeriphDriver_softfp.a(gpio_ai85.o)
                0x10004228                MXC_GPIO_Config
 .text.MXC_GPIO_OutSet
                0x100043b8       0x34 c:/MaximSDK/Libraries/PeriphDrivers/bin/MAX78000/softfp/libPeriphDriver_softfp.a(gpio_ai85.o)
                0x100043b8                MXC_GPIO_OutSet
 .text.MXC_GPIO_OutClr
                0x100043ec       0x34 c:/MaximSDK/Libraries/PeriphDrivers/bin/MAX78000/softfp/libPeriphDriver_softfp.a(gpio_ai85.o)
                0x100043ec                MXC_GPIO_OutClr
 .text.MXC_GPIO_Handler
                0x10004420        0x4 c:/MaximSDK/Libraries/PeriphDrivers/bin/MAX78000/softfp/libPeriphDriver_softfp.a(gpio_ai85.o)
                0x10004420                MXC_GPIO_Handler
 .text.MXC_GPIO_ClearFlags
                0x10004424        0x4 c:/MaximSDK/Libraries/PeriphDrivers/bin/MAX78000/softfp/libPeriphDriver_softfp.a(gpio_ai85.o)
                0x10004424                MXC_GPIO_ClearFlags
 .text.MXC_GPIO_GetFlags
                0x10004428        0x4 c:/MaximSDK/Libraries/PeriphDrivers/bin/MAX78000/softfp/libPeriphDriver_softfp.a(gpio_ai85.o)
                0x10004428                MXC_GPIO_GetFlags
 .text.MXC_GPIO_RevA_OutSet
                0x1000442c        0x4 c:/MaximSDK/Libraries/PeriphDrivers/bin/MAX78000/softfp/libPeriphDriver_softfp.a(gpio_reva.o)
                0x1000442c                MXC_GPIO_RevA_OutSet
 .text.MXC_GPIO_RevA_OutClr
                0x10004430        0x4 c:/MaximSDK/Libraries/PeriphDrivers/bin/MAX78000/softfp/libPeriphDriver_softfp.a(gpio_reva.o)
                0x10004430                MXC_GPIO_RevA_OutClr
 .text.MXC_GPIO_RevA_ClearFlags
                0x10004434        0x4 c:/MaximSDK/Libraries/PeriphDrivers/bin/MAX78000/softfp/libPeriphDriver_softfp.a(gpio_reva.o)
                0x10004434                MXC_GPIO_RevA_ClearFlags
 .text.MXC_GPIO_RevA_GetFlags
                0x10004438        0x4 c:/MaximSDK/Libraries/PeriphDrivers/bin/MAX78000/softfp/libPeriphDriver_softfp.a(gpio_reva.o)
                0x10004438                MXC_GPIO_RevA_GetFlags
 .text.MXC_GPIO_RevA_SetVSSEL
                0x1000443c       0x30 c:/MaximSDK/Libraries/PeriphDrivers/bin/MAX78000/softfp/libPeriphDriver_softfp.a(gpio_reva.o)
                0x1000443c                MXC_GPIO_RevA_SetVSSEL
 .text.MXC_GPIO_RevA_SetAF
                0x1000446c       0x58 c:/MaximSDK/Libraries/PeriphDrivers/bin/MAX78000/softfp/libPeriphDriver_softfp.a(gpio_reva.o)
                0x1000446c                MXC_GPIO_RevA_SetAF
 .text.MXC_ICC_Enable
                0x100044c4        0x4 c:/MaximSDK/Libraries/PeriphDrivers/bin/MAX78000/softfp/libPeriphDriver_softfp.a(icc_me17.o)
                0x100044c4                MXC_ICC_Enable
 .text.MXC_ICC_RevA_Enable
                0x100044c8       0x30 c:/MaximSDK/Libraries/PeriphDrivers/bin/MAX78000/softfp/libPeriphDriver_softfp.a(icc_reva.o)
                0x100044c8                MXC_ICC_RevA_Enable
 .text.MXC_RTC_GetSubSecond
                0x100044f8        0x4 c:/MaximSDK/Libraries/PeriphDrivers/bin/MAX78000/softfp/libPeriphDriver_softfp.a(rtc_me17.o)
                0x100044f8                MXC_RTC_GetSubSecond
 .text.MXC_RTC_GetSecond
                0x100044fc        0x4 c:/MaximSDK/Libraries/PeriphDrivers/bin/MAX78000/softfp/libPeriphDriver_softfp.a(rtc_me17.o)
                0x100044fc                MXC_RTC_GetSecond
 .text.MXC_RTC_RevA_GetSubSecond
                0x10004500        0xc c:/MaximSDK/Libraries/PeriphDrivers/bin/MAX78000/softfp/libPeriphDriver_softfp.a(rtc_reva.o)
                0x10004500                MXC_RTC_RevA_GetSubSecond
 .text.MXC_RTC_RevA_GetSecond
                0x1000450c        0xc c:/MaximSDK/Libraries/PeriphDrivers/bin/MAX78000/softfp/libPeriphDriver_softfp.a(rtc_reva.o)
                0x1000450c                MXC_RTC_RevA_GetSecond
 .text.MXC_TMR_Init
                0x10004518      0x344 c:/MaximSDK/Libraries/PeriphDrivers/bin/MAX78000/softfp/libPeriphDriver_softfp.a(tmr_ai85.o)
                0x10004518                MXC_TMR_Init
 .text.MXC_TMR_Start
                0x1000485c        0x4 c:/MaximSDK/Libraries/PeriphDrivers/bin/MAX78000/softfp/libPeriphDriver_softfp.a(tmr_ai85.o)
                0x1000485c                MXC_TMR_Start
 .text.MXC_TMR_Stop
                0x10004860        0x4 c:/MaximSDK/Libraries/PeriphDrivers/bin/MAX78000/softfp/libPeriphDriver_softfp.a(tmr_ai85.o)
                0x10004860                MXC_TMR_Stop
 .text.MXC_TMR_ClearFlags
                0x10004864        0x4 c:/MaximSDK/Libraries/PeriphDrivers/bin/MAX78000/softfp/libPeriphDriver_softfp.a(tmr_ai85.o)
                0x10004864                MXC_TMR_ClearFlags
 .text.MXC_TMR_GetFlags
                0x10004868        0x4 c:/MaximSDK/Libraries/PeriphDrivers/bin/MAX78000/softfp/libPeriphDriver_softfp.a(tmr_ai85.o)
                0x10004868                MXC_TMR_GetFlags
 .text.MXC_TMR_SetCount
                0x1000486c        0x4 c:/MaximSDK/Libraries/PeriphDrivers/bin/MAX78000/softfp/libPeriphDriver_softfp.a(tmr_ai85.o)
                0x1000486c                MXC_TMR_SetCount
 .text.MXC_TMR_Delay
                0x10004870        0x4 c:/MaximSDK/Libraries/PeriphDrivers/bin/MAX78000/softfp/libPeriphDriver_softfp.a(tmr_ai85.o)
                0x10004870                MXC_TMR_Delay
 .text.MXC_TMR_TO_Start
                0x10004874        0x4 c:/MaximSDK/Libraries/PeriphDrivers/bin/MAX78000/softfp/libPeriphDriver_softfp.a(tmr_ai85.o)
                0x10004874                MXC_TMR_TO_Start
 .text.MXC_TMR_TO_Check
                0x10004878        0x4 c:/MaximSDK/Libraries/PeriphDrivers/bin/MAX78000/softfp/libPeriphDriver_softfp.a(tmr_ai85.o)
                0x10004878                MXC_TMR_TO_Check
 .text.MXC_TMR_TO_Stop
                0x1000487c        0x4 c:/MaximSDK/Libraries/PeriphDrivers/bin/MAX78000/softfp/libPeriphDriver_softfp.a(tmr_ai85.o)
                0x1000487c                MXC_TMR_TO_Stop
 .text.MXC_TMR_TO_Elapsed
                0x10004880        0x4 c:/MaximSDK/Libraries/PeriphDrivers/bin/MAX78000/softfp/libPeriphDriver_softfp.a(tmr_ai85.o)
                0x10004880                MXC_TMR_TO_Elapsed
 .text.MXC_TMR_SW_Start
                0x10004884        0x4 c:/MaximSDK/Libraries/PeriphDrivers/bin/MAX78000/softfp/libPeriphDriver_softfp.a(tmr_ai85.o)
                0x10004884                MXC_TMR_SW_Start
 .text.MXC_TMR_SW_Stop
                0x10004888        0x4 c:/MaximSDK/Libraries/PeriphDrivers/bin/MAX78000/softfp/libPeriphDriver_softfp.a(tmr_ai85.o)
                0x10004888                MXC_TMR_SW_Stop
 .text.MXC_TMR_GetTime
                0x1000488c        0x4 c:/MaximSDK/Libraries/PeriphDrivers/bin/MAX78000/softfp/libPeriphDriver_softfp.a(tmr_ai85.o)
                0x1000488c                MXC_TMR_GetTime
 .text.MXC_TMR_RevB_ConfigGeneric
                0x10004890       0xe4 c:/MaximSDK/Libraries/PeriphDrivers/bin/MAX78000/softfp/libPeriphDriver_softfp.a(tmr_revb.o)
                0x10004890                MXC_TMR_RevB_ConfigGeneric
 .text.MXC_TMR_RevB_Init
                0x10004974       0xc4 c:/MaximSDK/Libraries/PeriphDrivers/bin/MAX78000/softfp/libPeriphDriver_softfp.a(tmr_revb.o)
                0x10004974                MXC_TMR_RevB_Init
 .text.MXC_TMR_RevB_Start
                0x10004a38       0x5c c:/MaximSDK/Libraries/PeriphDrivers/bin/MAX78000/softfp/libPeriphDriver_softfp.a(tmr_revb.o)
                0x10004a38                MXC_TMR_RevB_Start
 .text.MXC_TMR_RevB_Stop
                0x10004a94       0x58 c:/MaximSDK/Libraries/PeriphDrivers/bin/MAX78000/softfp/libPeriphDriver_softfp.a(tmr_revb.o)
                0x10004a94                MXC_TMR_RevB_Stop
 .text.MXC_TMR_RevB_ClearFlags
                0x10004aec       0x58 c:/MaximSDK/Libraries/PeriphDrivers/bin/MAX78000/softfp/libPeriphDriver_softfp.a(tmr_revb.o)
                0x10004aec                MXC_TMR_RevB_ClearFlags
 .text.MXC_TMR_RevB_GetFlags
                0x10004b44       0x58 c:/MaximSDK/Libraries/PeriphDrivers/bin/MAX78000/softfp/libPeriphDriver_softfp.a(tmr_revb.o)
                0x10004b44                MXC_TMR_RevB_GetFlags
 .text.MXC_TMR_RevB_SetCount
                0x10004b9c       0x5c c:/MaximSDK/Libraries/PeriphDrivers/bin/MAX78000/softfp/libPeriphDriver_softfp.a(tmr_revb.o)
                0x10004b9c                MXC_TMR_RevB_SetCount
 .text.MXC_TMR_RevB_TO_Start
                0x10004bf8       0xf8 c:/MaximSDK/Libraries/PeriphDrivers/bin/MAX78000/softfp/libPeriphDriver_softfp.a(tmr_revb.o)
                0x10004bf8                MXC_TMR_RevB_TO_Start
 .text.MXC_TMR_RevB_GetTime
                0x10004cf0      0x15c c:/MaximSDK/Libraries/PeriphDrivers/bin/MAX78000/softfp/libPeriphDriver_softfp.a(tmr_revb.o)
                0x10004cf0                MXC_TMR_RevB_GetTime
 .text.MXC_UART_GetFrequency.part.0
                0x10004e4c       0x64 c:/MaximSDK/Libraries/PeriphDrivers/bin/MAX78000/softfp/libPeriphDriver_softfp.a(uart_ai85.o)
 .text.MXC_UART_Shutdown
                0x10004eb0       0x70 c:/MaximSDK/Libraries/PeriphDrivers/bin/MAX78000/softfp/libPeriphDriver_softfp.a(uart_ai85.o)
                0x10004eb0                MXC_UART_Shutdown
 .text.MXC_UART_Init
                0x10004f20       0xb8 c:/MaximSDK/Libraries/PeriphDrivers/bin/MAX78000/softfp/libPeriphDriver_softfp.a(uart_ai85.o)
                0x10004f20                MXC_UART_Init
 .text.MXC_UART_SetFrequency
                0x10004fd8       0xc4 c:/MaximSDK/Libraries/PeriphDrivers/bin/MAX78000/softfp/libPeriphDriver_softfp.a(uart_ai85.o)
                0x10004fd8                MXC_UART_SetFrequency
 .text.MXC_UART_GetFrequency
                0x1000509c       0x30 c:/MaximSDK/Libraries/PeriphDrivers/bin/MAX78000/softfp/libPeriphDriver_softfp.a(uart_ai85.o)
                0x1000509c                MXC_UART_GetFrequency
 .text.MXC_UART_SetDataSize
                0x100050cc        0x4 c:/MaximSDK/Libraries/PeriphDrivers/bin/MAX78000/softfp/libPeriphDriver_softfp.a(uart_ai85.o)
                0x100050cc                MXC_UART_SetDataSize
 .text.MXC_UART_SetStopBits
                0x100050d0        0x4 c:/MaximSDK/Libraries/PeriphDrivers/bin/MAX78000/softfp/libPeriphDriver_softfp.a(uart_ai85.o)
                0x100050d0                MXC_UART_SetStopBits
 .text.MXC_UART_SetParity
                0x100050d4        0x4 c:/MaximSDK/Libraries/PeriphDrivers/bin/MAX78000/softfp/libPeriphDriver_softfp.a(uart_ai85.o)
                0x100050d4                MXC_UART_SetParity
 .text.MXC_UART_ReadCharacterRaw
                0x100050d8        0x4 c:/MaximSDK/Libraries/PeriphDrivers/bin/MAX78000/softfp/libPeriphDriver_softfp.a(uart_ai85.o)
                0x100050d8                MXC_UART_ReadCharacterRaw
 .text.MXC_UART_WriteCharacterRaw
                0x100050dc        0x4 c:/MaximSDK/Libraries/PeriphDrivers/bin/MAX78000/softfp/libPeriphDriver_softfp.a(uart_ai85.o)
                0x100050dc                MXC_UART_WriteCharacterRaw
 .text.MXC_UART_ReadCharacter
                0x100050e0        0x4 c:/MaximSDK/Libraries/PeriphDrivers/bin/MAX78000/softfp/libPeriphDriver_softfp.a(uart_ai85.o)
                0x100050e0                MXC_UART_ReadCharacter
 .text.MXC_UART_WriteCharacter
                0x100050e4        0x4 c:/MaximSDK/Libraries/PeriphDrivers/bin/MAX78000/softfp/libPeriphDriver_softfp.a(uart_ai85.o)
                0x100050e4                MXC_UART_WriteCharacter
 .text.MXC_UART_ReadRXFIFO
                0x100050e8        0x4 c:/MaximSDK/Libraries/PeriphDrivers/bin/MAX78000/softfp/libPeriphDriver_softfp.a(uart_ai85.o)
                0x100050e8                MXC_UART_ReadRXFIFO
 .text.MXC_UART_GetRXFIFOAvailable
                0x100050ec        0x4 c:/MaximSDK/Libraries/PeriphDrivers/bin/MAX78000/softfp/libPeriphDriver_softfp.a(uart_ai85.o)
                0x100050ec                MXC_UART_GetRXFIFOAvailable
 .text.MXC_UART_WriteTXFIFO
                0x100050f0        0x4 c:/MaximSDK/Libraries/PeriphDrivers/bin/MAX78000/softfp/libPeriphDriver_softfp.a(uart_ai85.o)
                0x100050f0                MXC_UART_WriteTXFIFO
 .text.MXC_UART_GetTXFIFOAvailable
                0x100050f4        0x4 c:/MaximSDK/Libraries/PeriphDrivers/bin/MAX78000/softfp/libPeriphDriver_softfp.a(uart_ai85.o)
                0x100050f4                MXC_UART_GetTXFIFOAvailable
 .text.MXC_UART_SetRXThreshold
                0x100050f8        0x4 c:/MaximSDK/Libraries/PeriphDrivers/bin/MAX78000/softfp/libPeriphDriver_softfp.a(uart_ai85.o)
                0x100050f8                MXC_UART_SetRXThreshold
 .text.MXC_UART_Common_ReadCharacter
                0x100050fc       0x18 c:/MaximSDK/Libraries/PeriphDrivers/bin/MAX78000/softfp/libPeriphDriver_softfp.a(uart_common.o)
                0x100050fc                MXC_UART_Common_ReadCharacter
 .text.MXC_UART_Common_WriteCharacter
                0x10005114       0x1c c:/MaximSDK/Libraries/PeriphDrivers/bin/MAX78000/softfp/libPeriphDriver_softfp.a(uart_common.o)
                0x10005114                MXC_UART_Common_WriteCharacter
 .text.MXC_UART_RevB_Init
                0x10005130       0x70 c:/MaximSDK/Libraries/PeriphDrivers/bin/MAX78000/softfp/libPeriphDriver_softfp.a(uart_revb.o)
                0x10005130                MXC_UART_RevB_Init
 .text.MXC_UART_RevB_SetFrequency
                0x100051a0       0x9c c:/MaximSDK/Libraries/PeriphDrivers/bin/MAX78000/softfp/libPeriphDriver_softfp.a(uart_revb.o)
                0x100051a0                MXC_UART_RevB_SetFrequency
 .text.MXC_UART_RevB_GetFrequency
                0x1000523c       0x74 c:/MaximSDK/Libraries/PeriphDrivers/bin/MAX78000/softfp/libPeriphDriver_softfp.a(uart_revb.o)
                0x1000523c                MXC_UART_RevB_GetFrequency
 .text.MXC_UART_RevB_SetDataSize
                0x100052b0       0x40 c:/MaximSDK/Libraries/PeriphDrivers/bin/MAX78000/softfp/libPeriphDriver_softfp.a(uart_revb.o)
                0x100052b0                MXC_UART_RevB_SetDataSize
 .text.MXC_UART_RevB_SetStopBits
                0x100052f0       0x4c c:/MaximSDK/Libraries/PeriphDrivers/bin/MAX78000/softfp/libPeriphDriver_softfp.a(uart_revb.o)
                0x100052f0                MXC_UART_RevB_SetStopBits
 .text.MXC_UART_RevB_SetParity
                0x1000533c       0x9c c:/MaximSDK/Libraries/PeriphDrivers/bin/MAX78000/softfp/libPeriphDriver_softfp.a(uart_revb.o)
                0x1000533c                MXC_UART_RevB_SetParity
 .text.MXC_UART_RevB_ReadCharacterRaw
                0x100053d8       0x38 c:/MaximSDK/Libraries/PeriphDrivers/bin/MAX78000/softfp/libPeriphDriver_softfp.a(uart_revb.o)
                0x100053d8                MXC_UART_RevB_ReadCharacterRaw
 .text.MXC_UART_RevB_WriteCharacterRaw
                0x10005410       0x3c c:/MaximSDK/Libraries/PeriphDrivers/bin/MAX78000/softfp/libPeriphDriver_softfp.a(uart_revb.o)
                0x10005410                MXC_UART_RevB_WriteCharacterRaw
 .text.MXC_UART_RevB_ReadRXFIFO
                0x1000544c       0x28 c:/MaximSDK/Libraries/PeriphDrivers/bin/MAX78000/softfp/libPeriphDriver_softfp.a(uart_revb.o)
                0x1000544c                MXC_UART_RevB_ReadRXFIFO
 .text.MXC_UART_RevB_GetRXFIFOAvailable
                0x10005474        0x8 c:/MaximSDK/Libraries/PeriphDrivers/bin/MAX78000/softfp/libPeriphDriver_softfp.a(uart_revb.o)
                0x10005474                MXC_UART_RevB_GetRXFIFOAvailable
 .text.MXC_UART_RevB_WriteTXFIFO
                0x1000547c       0x28 c:/MaximSDK/Libraries/PeriphDrivers/bin/MAX78000/softfp/libPeriphDriver_softfp.a(uart_revb.o)
                0x1000547c                MXC_UART_RevB_WriteTXFIFO
 .text.MXC_UART_RevB_GetTXFIFOAvailable
                0x100054a4        0xc c:/MaximSDK/Libraries/PeriphDrivers/bin/MAX78000/softfp/libPeriphDriver_softfp.a(uart_revb.o)
                0x100054a4                MXC_UART_RevB_GetTXFIFOAvailable
 .text.MXC_UART_RevB_SetRXThreshold
                0x100054b0       0x3c c:/MaximSDK/Libraries/PeriphDrivers/bin/MAX78000/softfp/libPeriphDriver_softfp.a(uart_revb.o)
                0x100054b0                MXC_UART_RevB_SetRXThreshold
 .text.MXC_GPIO_Common_Init
                0x100054ec       0x3c c:/MaximSDK/Libraries/PeriphDrivers/bin/MAX78000/softfp/libPeriphDriver_softfp.a(gpio_common.o)
                0x100054ec                MXC_GPIO_Common_Init
 .text.MXC_GPIO_Common_Handler
                0x10005528       0x88 c:/MaximSDK/Libraries/PeriphDrivers/bin/MAX78000/softfp/libPeriphDriver_softfp.a(gpio_common.o)
                0x10005528                MXC_GPIO_Common_Handler
 .text.MXC_TMR_Common_Delay
                0x100055b0       0x18 c:/MaximSDK/Libraries/PeriphDrivers/bin/MAX78000/softfp/libPeriphDriver_softfp.a(tmr_common.o)
                0x100055b0                MXC_TMR_Common_Delay
 .text.MXC_TMR_Common_TO_Check
                0x100055c8       0x14 c:/MaximSDK/Libraries/PeriphDrivers/bin/MAX78000/softfp/libPeriphDriver_softfp.a(tmr_common.o)
                0x100055c8                MXC_TMR_Common_TO_Check
 .text.MXC_TMR_Common_TO_Stop
                0x100055dc       0x14 c:/MaximSDK/Libraries/PeriphDrivers/bin/MAX78000/softfp/libPeriphDriver_softfp.a(tmr_common.o)
                0x100055dc                MXC_TMR_Common_TO_Stop
 .text.MXC_TMR_Common_SW_Start
                0x100055f0        0x8 c:/MaximSDK/Libraries/PeriphDrivers/bin/MAX78000/softfp/libPeriphDriver_softfp.a(tmr_common.o)
                0x100055f0                MXC_TMR_Common_SW_Start
 .text.MXC_TMR_Common_SW_Stop
                0x100055f8       0x14 c:/MaximSDK/Libraries/PeriphDrivers/bin/MAX78000/softfp/libPeriphDriver_softfp.a(tmr_common.o)
                0x100055f8                MXC_TMR_Common_SW_Stop
 .text.MXC_TMR_Common_TO_Elapsed
                0x1000560c       0x58 c:/MaximSDK/Libraries/PeriphDrivers/bin/MAX78000/softfp/libPeriphDriver_softfp.a(tmr_common.o)
                0x1000560c                MXC_TMR_Common_TO_Elapsed
 .text.__errno  0x10005664        0xc c:/maximsdk/tools/gnutools/bin/../lib/gcc/arm-none-eabi/9.2.1/../../../../arm-none-eabi/lib/thumb/v7e-m+fp/softfp\libc.a(lib_a-errno.o)
                0x10005664                __errno
 .text.__libc_init_array
                0x10005670       0x48 c:/maximsdk/tools/gnutools/bin/../lib/gcc/arm-none-eabi/9.2.1/../../../../arm-none-eabi/lib/thumb/v7e-m+fp/softfp\libc.a(lib_a-init.o)
                0x10005670                __libc_init_array
 .text._malloc_r
                0x100056b8      0x574 c:/maximsdk/tools/gnutools/bin/../lib/gcc/arm-none-eabi/9.2.1/../../../../arm-none-eabi/lib/thumb/v7e-m+fp/softfp\libc.a(lib_a-mallocr.o)
                0x100056b8                _malloc_r
 .text          0x10005c2c      0x134 c:/maximsdk/tools/gnutools/bin/../lib/gcc/arm-none-eabi/9.2.1/../../../../arm-none-eabi/lib/thumb/v7e-m+fp/softfp\libc.a(lib_a-memcpy.o)
                0x10005c2c                memcpy
 .text.memset   0x10005d60       0xa0 c:/maximsdk/tools/gnutools/bin/../lib/gcc/arm-none-eabi/9.2.1/../../../../arm-none-eabi/lib/thumb/v7e-m+fp/softfp\libc.a(lib_a-memset.o)
                0x10005d60                memset
 .text.__malloc_lock
                0x10005e00        0xc c:/maximsdk/tools/gnutools/bin/../lib/gcc/arm-none-eabi/9.2.1/../../../../arm-none-eabi/lib/thumb/v7e-m+fp/softfp\libc.a(lib_a-mlock.o)
                0x10005e00                __malloc_lock
 .text.__malloc_unlock
                0x10005e0c        0xc c:/maximsdk/tools/gnutools/bin/../lib/gcc/arm-none-eabi/9.2.1/../../../../arm-none-eabi/lib/thumb/v7e-m+fp/softfp\libc.a(lib_a-mlock.o)
                0x10005e0c                __malloc_unlock
 .text.printf   0x10005e18       0x28 c:/maximsdk/tools/gnutools/bin/../lib/gcc/arm-none-eabi/9.2.1/../../../../arm-none-eabi/lib/thumb/v7e-m+fp/softfp\libc.a(lib_a-printf.o)
                0x10005e18                printf
 .text._puts_r  0x10005e40       0x9c c:/maximsdk/tools/gnutools/bin/../lib/gcc/arm-none-eabi/9.2.1/../../../../arm-none-eabi/lib/thumb/v7e-m+fp/softfp\libc.a(lib_a-puts.o)
                0x10005e40                _puts_r
 .text.puts     0x10005edc       0x10 c:/maximsdk/tools/gnutools/bin/../lib/gcc/arm-none-eabi/9.2.1/../../../../arm-none-eabi/lib/thumb/v7e-m+fp/softfp\libc.a(lib_a-puts.o)
                0x10005edc                puts
 .text._sbrk_r  0x10005eec       0x24 c:/maximsdk/tools/gnutools/bin/../lib/gcc/arm-none-eabi/9.2.1/../../../../arm-none-eabi/lib/thumb/v7e-m+fp/softfp\libc.a(lib_a-sbrkr.o)
                0x10005eec                _sbrk_r
 *fill*         0x10005f10       0x30 
 .text          0x10005f40       0xdc c:/maximsdk/tools/gnutools/bin/../lib/gcc/arm-none-eabi/9.2.1/../../../../arm-none-eabi/lib/thumb/v7e-m+fp/softfp\libc.a(lib_a-strlen.o)
                0x10005f40                strlen
 *fill*         0x1000601c        0x4 
 .text._vfprintf_r
                0x10006020     0x1bdc c:/maximsdk/tools/gnutools/bin/../lib/gcc/arm-none-eabi/9.2.1/../../../../arm-none-eabi/lib/thumb/v7e-m+fp/softfp\libc.a(lib_a-vfprintf.o)
                0x10006020                _vfprintf_r
 .text.__sbprintf
                0x10007bfc       0x84 c:/maximsdk/tools/gnutools/bin/../lib/gcc/arm-none-eabi/9.2.1/../../../../arm-none-eabi/lib/thumb/v7e-m+fp/softfp\libc.a(lib_a-vfprintf.o)
 .text.__swsetup_r
                0x10007c80       0xd0 c:/maximsdk/tools/gnutools/bin/../lib/gcc/arm-none-eabi/9.2.1/../../../../arm-none-eabi/lib/thumb/v7e-m+fp/softfp\libc.a(lib_a-wsetup.o)
                0x10007c80                __swsetup_r
 .text.startup.register_fini
                0x10007d50       0x14 c:/maximsdk/tools/gnutools/bin/../lib/gcc/arm-none-eabi/9.2.1/../../../../arm-none-eabi/lib/thumb/v7e-m+fp/softfp\libc.a(lib_a-__call_atexit.o)
 .text.atexit   0x10007d64        0xc c:/maximsdk/tools/gnutools/bin/../lib/gcc/arm-none-eabi/9.2.1/../../../../arm-none-eabi/lib/thumb/v7e-m+fp/softfp\libc.a(lib_a-atexit.o)
                0x10007d64                atexit
 .text.quorem   0x10007d70      0x11c c:/maximsdk/tools/gnutools/bin/../lib/gcc/arm-none-eabi/9.2.1/../../../../arm-none-eabi/lib/thumb/v7e-m+fp/softfp\libc.a(lib_a-dtoa.o)
 *fill*         0x10007e8c        0x4 
 .text._dtoa_r  0x10007e90      0xeec c:/maximsdk/tools/gnutools/bin/../lib/gcc/arm-none-eabi/9.2.1/../../../../arm-none-eabi/lib/thumb/v7e-m+fp/softfp\libc.a(lib_a-dtoa.o)
                0x10007e90                _dtoa_r
 .text.__sflush_r
                0x10008d7c      0x130 c:/maximsdk/tools/gnutools/bin/../lib/gcc/arm-none-eabi/9.2.1/../../../../arm-none-eabi/lib/thumb/v7e-m+fp/softfp\libc.a(lib_a-fflush.o)
                0x10008d7c                __sflush_r
 .text._fflush_r
                0x10008eac       0x5c c:/maximsdk/tools/gnutools/bin/../lib/gcc/arm-none-eabi/9.2.1/../../../../arm-none-eabi/lib/thumb/v7e-m+fp/softfp\libc.a(lib_a-fflush.o)
                0x10008eac                _fflush_r
 .text.std      0x10008f08       0x50 c:/maximsdk/tools/gnutools/bin/../lib/gcc/arm-none-eabi/9.2.1/../../../../arm-none-eabi/lib/thumb/v7e-m+fp/softfp\libc.a(lib_a-findfp.o)
 .text._cleanup_r
                0x10008f58        0xc c:/maximsdk/tools/gnutools/bin/../lib/gcc/arm-none-eabi/9.2.1/../../../../arm-none-eabi/lib/thumb/v7e-m+fp/softfp\libc.a(lib_a-findfp.o)
                0x10008f58                _cleanup_r
 .text.__sinit  0x10008f64       0x54 c:/maximsdk/tools/gnutools/bin/../lib/gcc/arm-none-eabi/9.2.1/../../../../arm-none-eabi/lib/thumb/v7e-m+fp/softfp\libc.a(lib_a-findfp.o)
                0x10008f64                __sinit
 .text.__sfp_lock_acquire
                0x10008fb8        0xc c:/maximsdk/tools/gnutools/bin/../lib/gcc/arm-none-eabi/9.2.1/../../../../arm-none-eabi/lib/thumb/v7e-m+fp/softfp\libc.a(lib_a-findfp.o)
                0x10008fb8                __sfp_lock_acquire
 .text.__sfp_lock_release
                0x10008fc4        0xc c:/maximsdk/tools/gnutools/bin/../lib/gcc/arm-none-eabi/9.2.1/../../../../arm-none-eabi/lib/thumb/v7e-m+fp/softfp\libc.a(lib_a-findfp.o)
                0x10008fc4                __sfp_lock_release
 .text.__libc_fini_array
                0x10008fd0       0x2c c:/maximsdk/tools/gnutools/bin/../lib/gcc/arm-none-eabi/9.2.1/../../../../arm-none-eabi/lib/thumb/v7e-m+fp/softfp\libc.a(lib_a-fini.o)
                0x10008fd0                __libc_fini_array
 .text._malloc_trim_r
                0x10008ffc       0xa0 c:/maximsdk/tools/gnutools/bin/../lib/gcc/arm-none-eabi/9.2.1/../../../../arm-none-eabi/lib/thumb/v7e-m+fp/softfp\libc.a(lib_a-freer.o)
                0x10008ffc                _malloc_trim_r
 .text._free_r  0x1000909c      0x208 c:/maximsdk/tools/gnutools/bin/../lib/gcc/arm-none-eabi/9.2.1/../../../../arm-none-eabi/lib/thumb/v7e-m+fp/softfp\libc.a(lib_a-freer.o)
                0x1000909c                _free_r
 .text.__sfvwrite_r
                0x100092a4      0x2e0 c:/maximsdk/tools/gnutools/bin/../lib/gcc/arm-none-eabi/9.2.1/../../../../arm-none-eabi/lib/thumb/v7e-m+fp/softfp\libc.a(lib_a-fvwrite.o)
                0x100092a4                __sfvwrite_r
 .text._fwalk_reent
                0x10009584       0x48 c:/maximsdk/tools/gnutools/bin/../lib/gcc/arm-none-eabi/9.2.1/../../../../arm-none-eabi/lib/thumb/v7e-m+fp/softfp\libc.a(lib_a-fwalk.o)
                0x10009584                _fwalk_reent
 .text._localeconv_r
                0x100095cc        0x8 c:/maximsdk/tools/gnutools/bin/../lib/gcc/arm-none-eabi/9.2.1/../../../../arm-none-eabi/lib/thumb/v7e-m+fp/softfp\libc.a(lib_a-localeconv.o)
                0x100095cc                _localeconv_r
 .text.__retarget_lock_init_recursive
                0x100095d4        0x4 c:/maximsdk/tools/gnutools/bin/../lib/gcc/arm-none-eabi/9.2.1/../../../../arm-none-eabi/lib/thumb/v7e-m+fp/softfp\libc.a(lib_a-lock.o)
                0x100095d4                __retarget_lock_init_recursive
 .text.__retarget_lock_close_recursive
                0x100095d8        0x4 c:/maximsdk/tools/gnutools/bin/../lib/gcc/arm-none-eabi/9.2.1/../../../../arm-none-eabi/lib/thumb/v7e-m+fp/softfp\libc.a(lib_a-lock.o)
                0x100095d8                __retarget_lock_close_recursive
 .text.__retarget_lock_acquire_recursive
                0x100095dc        0x4 c:/maximsdk/tools/gnutools/bin/../lib/gcc/arm-none-eabi/9.2.1/../../../../arm-none-eabi/lib/thumb/v7e-m+fp/softfp\libc.a(lib_a-lock.o)
                0x100095dc                __retarget_lock_acquire_recursive
 .text.__retarget_lock_release_recursive
                0x100095e0        0x4 c:/maximsdk/tools/gnutools/bin/../lib/gcc/arm-none-eabi/9.2.1/../../../../arm-none-eabi/lib/thumb/v7e-m+fp/softfp\libc.a(lib_a-lock.o)
                0x100095e0                __retarget_lock_release_recursive
 .text.__swhatbuf_r
                0x100095e4       0x5c c:/maximsdk/tools/gnutools/bin/../lib/gcc/arm-none-eabi/9.2.1/../../../../arm-none-eabi/lib/thumb/v7e-m+fp/softfp\libc.a(lib_a-makebuf.o)
                0x100095e4                __swhatbuf_r
 .text.__smakebuf_r
                0x10009640       0x98 c:/maximsdk/tools/gnutools/bin/../lib/gcc/arm-none-eabi/9.2.1/../../../../arm-none-eabi/lib/thumb/v7e-m+fp/softfp\libc.a(lib_a-makebuf.o)
                0x10009640                __smakebuf_r
 *fill*         0x100096d8        0x8 
 .text          0x100096e0       0xa0 c:/maximsdk/tools/gnutools/bin/../lib/gcc/arm-none-eabi/9.2.1/../../../../arm-none-eabi/lib/thumb/v7e-m+fp/softfp\libc.a(lib_a-memchr.o)
                0x100096e0                memchr
 .text.memmove  0x10009780       0xd8 c:/maximsdk/tools/gnutools/bin/../lib/gcc/arm-none-eabi/9.2.1/../../../../arm-none-eabi/lib/thumb/v7e-m+fp/softfp\libc.a(lib_a-memmove.o)
                0x10009780                memmove
 .text._Balloc  0x10009858       0x4c c:/maximsdk/tools/gnutools/bin/../lib/gcc/arm-none-eabi/9.2.1/../../../../arm-none-eabi/lib/thumb/v7e-m+fp/softfp\libc.a(lib_a-mprec.o)
                0x10009858                _Balloc
 .text._Bfree   0x100098a4       0x14 c:/maximsdk/tools/gnutools/bin/../lib/gcc/arm-none-eabi/9.2.1/../../../../arm-none-eabi/lib/thumb/v7e-m+fp/softfp\libc.a(lib_a-mprec.o)
                0x100098a4                _Bfree
 .text.__multadd
                0x100098b8       0x8c c:/maximsdk/tools/gnutools/bin/../lib/gcc/arm-none-eabi/9.2.1/../../../../arm-none-eabi/lib/thumb/v7e-m+fp/softfp\libc.a(lib_a-mprec.o)
                0x100098b8                __multadd
 .text.__hi0bits
                0x10009944       0x40 c:/maximsdk/tools/gnutools/bin/../lib/gcc/arm-none-eabi/9.2.1/../../../../arm-none-eabi/lib/thumb/v7e-m+fp/softfp\libc.a(lib_a-mprec.o)
                0x10009944                __hi0bits
 .text.__lo0bits
                0x10009984       0x60 c:/maximsdk/tools/gnutools/bin/../lib/gcc/arm-none-eabi/9.2.1/../../../../arm-none-eabi/lib/thumb/v7e-m+fp/softfp\libc.a(lib_a-mprec.o)
                0x10009984                __lo0bits
 .text.__i2b    0x100099e4       0x14 c:/maximsdk/tools/gnutools/bin/../lib/gcc/arm-none-eabi/9.2.1/../../../../arm-none-eabi/lib/thumb/v7e-m+fp/softfp\libc.a(lib_a-mprec.o)
                0x100099e4                __i2b
 .text.__multiply
                0x100099f8      0x144 c:/maximsdk/tools/gnutools/bin/../lib/gcc/arm-none-eabi/9.2.1/../../../../arm-none-eabi/lib/thumb/v7e-m+fp/softfp\libc.a(lib_a-mprec.o)
                0x100099f8                __multiply
 .text.__pow5mult
                0x10009b3c       0xa0 c:/maximsdk/tools/gnutools/bin/../lib/gcc/arm-none-eabi/9.2.1/../../../../arm-none-eabi/lib/thumb/v7e-m+fp/softfp\libc.a(lib_a-mprec.o)
                0x10009b3c                __pow5mult
 .text.__lshift
                0x10009bdc       0xd4 c:/maximsdk/tools/gnutools/bin/../lib/gcc/arm-none-eabi/9.2.1/../../../../arm-none-eabi/lib/thumb/v7e-m+fp/softfp\libc.a(lib_a-mprec.o)
                0x10009bdc                __lshift
 .text.__mcmp   0x10009cb0       0x3c c:/maximsdk/tools/gnutools/bin/../lib/gcc/arm-none-eabi/9.2.1/../../../../arm-none-eabi/lib/thumb/v7e-m+fp/softfp\libc.a(lib_a-mprec.o)
                0x10009cb0                __mcmp
 .text.__mdiff  0x10009cec      0x138 c:/maximsdk/tools/gnutools/bin/../lib/gcc/arm-none-eabi/9.2.1/../../../../arm-none-eabi/lib/thumb/v7e-m+fp/softfp\libc.a(lib_a-mprec.o)
                0x10009cec                __mdiff
 .text.__d2b    0x10009e24       0xbc c:/maximsdk/tools/gnutools/bin/../lib/gcc/arm-none-eabi/9.2.1/../../../../arm-none-eabi/lib/thumb/v7e-m+fp/softfp\libc.a(lib_a-mprec.o)
                0x10009e24                __d2b
 .text._realloc_r
                0x10009ee0      0x3e0 c:/maximsdk/tools/gnutools/bin/../lib/gcc/arm-none-eabi/9.2.1/../../../../arm-none-eabi/lib/thumb/v7e-m+fp/softfp\libc.a(lib_a-reallocr.o)
                0x10009ee0                _realloc_r
 .text.frexp    0x1000a2c0       0x70 c:/maximsdk/tools/gnutools/bin/../lib/gcc/arm-none-eabi/9.2.1/../../../../arm-none-eabi/lib/thumb/v7e-m+fp/softfp\libc.a(lib_a-s_frexp.o)
                0x1000a2c0                frexp
 .text.__sread  0x1000a330       0x24 c:/maximsdk/tools/gnutools/bin/../lib/gcc/arm-none-eabi/9.2.1/../../../../arm-none-eabi/lib/thumb/v7e-m+fp/softfp\libc.a(lib_a-stdio.o)
                0x1000a330                __sread
 .text.__swrite
                0x1000a354       0x40 c:/maximsdk/tools/gnutools/bin/../lib/gcc/arm-none-eabi/9.2.1/../../../../arm-none-eabi/lib/thumb/v7e-m+fp/softfp\libc.a(lib_a-stdio.o)
                0x1000a354                __swrite
 .text.__sseek  0x1000a394       0x20 c:/maximsdk/tools/gnutools/bin/../lib/gcc/arm-none-eabi/9.2.1/../../../../arm-none-eabi/lib/thumb/v7e-m+fp/softfp\libc.a(lib_a-stdio.o)
                0x1000a394                __sseek
 .text.__sclose
                0x1000a3b4        0x8 c:/maximsdk/tools/gnutools/bin/../lib/gcc/arm-none-eabi/9.2.1/../../../../arm-none-eabi/lib/thumb/v7e-m+fp/softfp\libc.a(lib_a-stdio.o)
                0x1000a3b4                __sclose
 .text.strncpy  0x1000a3bc       0x68 c:/maximsdk/tools/gnutools/bin/../lib/gcc/arm-none-eabi/9.2.1/../../../../arm-none-eabi/lib/thumb/v7e-m+fp/softfp\libc.a(lib_a-strncpy.o)
                0x1000a3bc                strncpy
 .text.__sprint_r.part.0
                0x1000a424       0x78 c:/maximsdk/tools/gnutools/bin/../lib/gcc/arm-none-eabi/9.2.1/../../../../arm-none-eabi/lib/thumb/v7e-m+fp/softfp\libc.a(lib_a-vfiprintf.o)
 .text.__sprint_r
                0x1000a49c       0x18 c:/maximsdk/tools/gnutools/bin/../lib/gcc/arm-none-eabi/9.2.1/../../../../arm-none-eabi/lib/thumb/v7e-m+fp/softfp\libc.a(lib_a-vfiprintf.o)
                0x1000a49c                __sprint_r
 .text._write_r
                0x1000a4b4       0x2c c:/maximsdk/tools/gnutools/bin/../lib/gcc/arm-none-eabi/9.2.1/../../../../arm-none-eabi/lib/thumb/v7e-m+fp/softfp\libc.a(lib_a-writer.o)
                0x1000a4b4                _write_r
 .text.__register_exitproc
                0x1000a4e0       0x8c c:/maximsdk/tools/gnutools/bin/../lib/gcc/arm-none-eabi/9.2.1/../../../../arm-none-eabi/lib/thumb/v7e-m+fp/softfp\libc.a(lib_a-__atexit.o)
                0x1000a4e0                __register_exitproc
 .text._calloc_r
                0x1000a56c       0x60 c:/maximsdk/tools/gnutools/bin/../lib/gcc/arm-none-eabi/9.2.1/../../../../arm-none-eabi/lib/thumb/v7e-m+fp/softfp\libc.a(lib_a-callocr.o)
                0x1000a56c                _calloc_r
 .text._close_r
                0x1000a5cc       0x24 c:/maximsdk/tools/gnutools/bin/../lib/gcc/arm-none-eabi/9.2.1/../../../../arm-none-eabi/lib/thumb/v7e-m+fp/softfp\libc.a(lib_a-closer.o)
                0x1000a5cc                _close_r
 .text._fclose_r
                0x1000a5f0       0xcc c:/maximsdk/tools/gnutools/bin/../lib/gcc/arm-none-eabi/9.2.1/../../../../arm-none-eabi/lib/thumb/v7e-m+fp/softfp\libc.a(lib_a-fclose.o)
                0x1000a5f0                _fclose_r
 .text.__fputwc
                0x1000a6bc       0xa8 c:/maximsdk/tools/gnutools/bin/../lib/gcc/arm-none-eabi/9.2.1/../../../../arm-none-eabi/lib/thumb/v7e-m+fp/softfp\libc.a(lib_a-fputwc.o)
                0x1000a6bc                __fputwc
 .text._fputwc_r
                0x1000a764       0x68 c:/maximsdk/tools/gnutools/bin/../lib/gcc/arm-none-eabi/9.2.1/../../../../arm-none-eabi/lib/thumb/v7e-m+fp/softfp\libc.a(lib_a-fputwc.o)
                0x1000a764                _fputwc_r
 .text._fstat_r
                0x1000a7cc       0x2c c:/maximsdk/tools/gnutools/bin/../lib/gcc/arm-none-eabi/9.2.1/../../../../arm-none-eabi/lib/thumb/v7e-m+fp/softfp\libc.a(lib_a-fstatr.o)
                0x1000a7cc                _fstat_r
 .text._isatty_r
                0x1000a7f8       0x24 c:/maximsdk/tools/gnutools/bin/../lib/gcc/arm-none-eabi/9.2.1/../../../../arm-none-eabi/lib/thumb/v7e-m+fp/softfp\libc.a(lib_a-isattyr.o)
                0x1000a7f8                _isatty_r
 .text.__locale_mb_cur_max
                0x1000a81c        0xc c:/maximsdk/tools/gnutools/bin/../lib/gcc/arm-none-eabi/9.2.1/../../../../arm-none-eabi/lib/thumb/v7e-m+fp/softfp\libc.a(lib_a-locale.o)
                0x1000a81c                __locale_mb_cur_max
 .text._lseek_r
                0x1000a828       0x2c c:/maximsdk/tools/gnutools/bin/../lib/gcc/arm-none-eabi/9.2.1/../../../../arm-none-eabi/lib/thumb/v7e-m+fp/softfp\libc.a(lib_a-lseekr.o)
                0x1000a828                _lseek_r
 .text.__ascii_mbtowc
                0x1000a854       0x2c c:/maximsdk/tools/gnutools/bin/../lib/gcc/arm-none-eabi/9.2.1/../../../../arm-none-eabi/lib/thumb/v7e-m+fp/softfp\libc.a(lib_a-mbtowc_r.o)
                0x1000a854                __ascii_mbtowc
 .text._read_r  0x1000a880       0x2c c:/maximsdk/tools/gnutools/bin/../lib/gcc/arm-none-eabi/9.2.1/../../../../arm-none-eabi/lib/thumb/v7e-m+fp/softfp\libc.a(lib_a-readr.o)
                0x1000a880                _read_r
 .text.__swbuf_r
                0x1000a8ac       0xb0 c:/maximsdk/tools/gnutools/bin/../lib/gcc/arm-none-eabi/9.2.1/../../../../arm-none-eabi/lib/thumb/v7e-m+fp/softfp\libc.a(lib_a-wbuf.o)
                0x1000a8ac                __swbuf_r
 .text._wcrtomb_r
                0x1000a95c       0x3c c:/maximsdk/tools/gnutools/bin/../lib/gcc/arm-none-eabi/9.2.1/../../../../arm-none-eabi/lib/thumb/v7e-m+fp/softfp\libc.a(lib_a-wcrtomb.o)
                0x1000a95c                _wcrtomb_r
 .text.__ascii_wctomb
                0x1000a998       0x1c c:/maximsdk/tools/gnutools/bin/../lib/gcc/arm-none-eabi/9.2.1/../../../../arm-none-eabi/lib/thumb/v7e-m+fp/softfp\libc.a(lib_a-wctomb_r.o)
                0x1000a998                __ascii_wctomb
 .text          0x1000a9b4      0x378 c:/maximsdk/tools/gnutools/bin/../lib/gcc/arm-none-eabi/9.2.1/thumb/v7e-m+fp/softfp\libgcc.a(_arm_addsubdf3.o)
                0x1000a9b4                __aeabi_drsub
                0x1000a9bc                __aeabi_dsub
                0x1000a9bc                __subdf3
                0x1000a9c0                __aeabi_dadd
                0x1000a9c0                __adddf3
                0x1000ac38                __floatunsidf
                0x1000ac38                __aeabi_ui2d
                0x1000ac58                __floatsidf
                0x1000ac58                __aeabi_i2d
                0x1000ac7c                __aeabi_f2d
                0x1000ac7c                __extendsfdf2
                0x1000acc0                __floatundidf
                0x1000acc0                __aeabi_ul2d
                0x1000acd0                __floatdidf
                0x1000acd0                __aeabi_l2d
 .text          0x1000ad2c      0x424 c:/maximsdk/tools/gnutools/bin/../lib/gcc/arm-none-eabi/9.2.1/thumb/v7e-m+fp/softfp\libgcc.a(_arm_muldivdf3.o)
                0x1000ad2c                __aeabi_dmul
                0x1000ad2c                __muldf3
                0x1000af80                __divdf3
                0x1000af80                __aeabi_ddiv
 .text          0x1000b150      0x110 c:/maximsdk/tools/gnutools/bin/../lib/gcc/arm-none-eabi/9.2.1/thumb/v7e-m+fp/softfp\libgcc.a(_arm_cmpdf2.o)
                0x1000b150                __gtdf2
                0x1000b150                __gedf2
                0x1000b158                __ltdf2
                0x1000b158                __ledf2
                0x1000b160                __nedf2
                0x1000b160                __eqdf2
                0x1000b160                __cmpdf2
                0x1000b1dc                __aeabi_cdrcmple
                0x1000b1ec                __aeabi_cdcmpeq
                0x1000b1ec                __aeabi_cdcmple
                0x1000b1fc                __aeabi_dcmpeq
                0x1000b210                __aeabi_dcmplt
                0x1000b224                __aeabi_dcmple
                0x1000b238                __aeabi_dcmpge
                0x1000b24c                __aeabi_dcmpgt
 .text          0x1000b260       0x2c c:/maximsdk/tools/gnutools/bin/../lib/gcc/arm-none-eabi/9.2.1/thumb/v7e-m+fp/softfp\libgcc.a(_arm_unorddf2.o)
                0x1000b260                __unorddf2
                0x1000b260                __aeabi_dcmpun
 .text          0x1000b28c       0x50 c:/maximsdk/tools/gnutools/bin/../lib/gcc/arm-none-eabi/9.2.1/thumb/v7e-m+fp/softfp\libgcc.a(_arm_fixdfsi.o)
                0x1000b28c                __aeabi_d2iz
                0x1000b28c                __fixdfsi
 .text          0x1000b2dc       0xa0 c:/maximsdk/tools/gnutools/bin/../lib/gcc/arm-none-eabi/9.2.1/thumb/v7e-m+fp/softfp\libgcc.a(_aeabi_ldivmod.o)
                0x1000b2dc                __aeabi_ldivmod
 .text          0x1000b37c       0x30 c:/maximsdk/tools/gnutools/bin/../lib/gcc/arm-none-eabi/9.2.1/thumb/v7e-m+fp/softfp\libgcc.a(_aeabi_uldivmod.o)
                0x1000b37c                __aeabi_uldivmod
 .text          0x1000b3ac      0x2c4 c:/maximsdk/tools/gnutools/bin/../lib/gcc/arm-none-eabi/9.2.1/thumb/v7e-m+fp/softfp\libgcc.a(_udivmoddi4.o)
                0x1000b3ac                __udivmoddi4
 .text          0x1000b670        0x4 c:/maximsdk/tools/gnutools/bin/../lib/gcc/arm-none-eabi/9.2.1/thumb/v7e-m+fp/softfp\libgcc.a(_dvmd_tls.o)
                0x1000b670                __aeabi_idiv0
                0x1000b670                __aeabi_ldiv0
 *(.rodata*)
 .rodata.fail.str1.4
                0x1000b674        0xf c:/MaximSDK/Examples/MAX78000/CNN/yolov1_demo3/build/main_faceid.o
 *fill*         0x1000b683        0x1 
 .rodata.main.str1.4
                0x1000b684       0x81 c:/MaximSDK/Examples/MAX78000/CNN/yolov1_demo3/build/main_faceid.o
 *fill*         0x1000b705        0x3 
 .rodata.bias_0
                0x1000b708      0x100 c:/MaximSDK/Examples/MAX78000/CNN/yolov1_demo3/build/cnn.o
 .rodata.bias_1
                0x1000b808       0xf0 c:/MaximSDK/Examples/MAX78000/CNN/yolov1_demo3/build/cnn.o
 .rodata.bias_2
                0x1000b8f8       0xf0 c:/MaximSDK/Examples/MAX78000/CNN/yolov1_demo3/build/cnn.o
 .rodata.bias_3
                0x1000b9e8       0xef c:/MaximSDK/Examples/MAX78000/CNN/yolov1_demo3/build/cnn.o
 *fill*         0x1000bad7        0x1 
 .rodata.kernels_0
                0x1000bad8     0x1430 c:/MaximSDK/Examples/MAX78000/CNN/yolov1_demo3/build/cnn.o
 .rodata.kernels_1
                0x1000cf08     0x1430 c:/MaximSDK/Examples/MAX78000/CNN/yolov1_demo3/build/cnn.o
 .rodata.kernels_10
                0x1000e338     0x1430 c:/MaximSDK/Examples/MAX78000/CNN/yolov1_demo3/build/cnn.o
 .rodata.kernels_11
                0x1000f768     0x1430 c:/MaximSDK/Examples/MAX78000/CNN/yolov1_demo3/build/cnn.o
 .rodata.kernels_12
                0x10010b98     0x1430 c:/MaximSDK/Examples/MAX78000/CNN/yolov1_demo3/build/cnn.o
 .rodata.kernels_13
                0x10011fc8     0x1430 c:/MaximSDK/Examples/MAX78000/CNN/yolov1_demo3/build/cnn.o
 .rodata.kernels_14
                0x100133f8     0x1430 c:/MaximSDK/Examples/MAX78000/CNN/yolov1_demo3/build/cnn.o
 .rodata.kernels_15
                0x10014828     0x1430 c:/MaximSDK/Examples/MAX78000/CNN/yolov1_demo3/build/cnn.o
 .rodata.kernels_16
                0x10015c58     0x13e8 c:/MaximSDK/Examples/MAX78000/CNN/yolov1_demo3/build/cnn.o
 .rodata.kernels_17
                0x10017040     0x13e8 c:/MaximSDK/Examples/MAX78000/CNN/yolov1_demo3/build/cnn.o
 .rodata.kernels_18
                0x10018428     0x13e8 c:/MaximSDK/Examples/MAX78000/CNN/yolov1_demo3/build/cnn.o
 .rodata.kernels_19
                0x10019810     0x13e8 c:/MaximSDK/Examples/MAX78000/CNN/yolov1_demo3/build/cnn.o
 .rodata.kernels_2
                0x1001abf8     0x1430 c:/MaximSDK/Examples/MAX78000/CNN/yolov1_demo3/build/cnn.o
 .rodata.kernels_20
                0x1001c028     0x11a8 c:/MaximSDK/Examples/MAX78000/CNN/yolov1_demo3/build/cnn.o
 .rodata.kernels_21
                0x1001d1d0     0x11a8 c:/MaximSDK/Examples/MAX78000/CNN/yolov1_demo3/build/cnn.o
 .rodata.kernels_22
                0x1001e378     0x11a8 c:/MaximSDK/Examples/MAX78000/CNN/yolov1_demo3/build/cnn.o
 .rodata.kernels_23
                0x1001f520     0x11a8 c:/MaximSDK/Examples/MAX78000/CNN/yolov1_demo3/build/cnn.o
 .rodata.kernels_24
                0x100206c8     0x11a8 c:/MaximSDK/Examples/MAX78000/CNN/yolov1_demo3/build/cnn.o
 .rodata.kernels_25
                0x10021870     0x11a8 c:/MaximSDK/Examples/MAX78000/CNN/yolov1_demo3/build/cnn.o
 .rodata.kernels_26
                0x10022a18     0x11a8 c:/MaximSDK/Examples/MAX78000/CNN/yolov1_demo3/build/cnn.o
 .rodata.kernels_27
                0x10023bc0     0x11a8 c:/MaximSDK/Examples/MAX78000/CNN/yolov1_demo3/build/cnn.o
 .rodata.kernels_28
                0x10024d68     0x11a8 c:/MaximSDK/Examples/MAX78000/CNN/yolov1_demo3/build/cnn.o
 .rodata.kernels_29
                0x10025f10     0x11a8 c:/MaximSDK/Examples/MAX78000/CNN/yolov1_demo3/build/cnn.o
 .rodata.kernels_3
                0x100270b8     0x11f0 c:/MaximSDK/Examples/MAX78000/CNN/yolov1_demo3/build/cnn.o
 .rodata.kernels_30
                0x100282a8     0x11a8 c:/MaximSDK/Examples/MAX78000/CNN/yolov1_demo3/build/cnn.o
 .rodata.kernels_31
                0x10029450     0x11a8 c:/MaximSDK/Examples/MAX78000/CNN/yolov1_demo3/build/cnn.o
 .rodata.kernels_32
                0x1002a5f8     0x1358 c:/MaximSDK/Examples/MAX78000/CNN/yolov1_demo3/build/cnn.o
 .rodata.kernels_33
                0x1002b950     0x1358 c:/MaximSDK/Examples/MAX78000/CNN/yolov1_demo3/build/cnn.o
 .rodata.kernels_34
                0x1002cca8     0x1358 c:/MaximSDK/Examples/MAX78000/CNN/yolov1_demo3/build/cnn.o
 .rodata.kernels_35
                0x1002e000     0x1358 c:/MaximSDK/Examples/MAX78000/CNN/yolov1_demo3/build/cnn.o
 .rodata.kernels_36
                0x1002f358     0x1358 c:/MaximSDK/Examples/MAX78000/CNN/yolov1_demo3/build/cnn.o
 .rodata.kernels_37
                0x100306b0     0x1358 c:/MaximSDK/Examples/MAX78000/CNN/yolov1_demo3/build/cnn.o
 .rodata.kernels_38
                0x10031a08     0x1358 c:/MaximSDK/Examples/MAX78000/CNN/yolov1_demo3/build/cnn.o
 .rodata.kernels_39
                0x10032d60     0x1358 c:/MaximSDK/Examples/MAX78000/CNN/yolov1_demo3/build/cnn.o
 .rodata.kernels_4
                0x100340b8     0x1430 c:/MaximSDK/Examples/MAX78000/CNN/yolov1_demo3/build/cnn.o
 .rodata.kernels_40
                0x100354e8     0x13e8 c:/MaximSDK/Examples/MAX78000/CNN/yolov1_demo3/build/cnn.o
 .rodata.kernels_41
                0x100368d0     0x13e8 c:/MaximSDK/Examples/MAX78000/CNN/yolov1_demo3/build/cnn.o
 .rodata.kernels_42
                0x10037cb8     0x13e8 c:/MaximSDK/Examples/MAX78000/CNN/yolov1_demo3/build/cnn.o
 .rodata.kernels_43
                0x100390a0     0x13e8 c:/MaximSDK/Examples/MAX78000/CNN/yolov1_demo3/build/cnn.o
 .rodata.kernels_44
                0x1003a488     0x13e8 c:/MaximSDK/Examples/MAX78000/CNN/yolov1_demo3/build/cnn.o
 .rodata.kernels_45
                0x1003b870     0x13e8 c:/MaximSDK/Examples/MAX78000/CNN/yolov1_demo3/build/cnn.o
 .rodata.kernels_46
                0x1003cc58     0x13e8 c:/MaximSDK/Examples/MAX78000/CNN/yolov1_demo3/build/cnn.o
 .rodata.kernels_47
                0x1003e040     0x13e8 c:/MaximSDK/Examples/MAX78000/CNN/yolov1_demo3/build/cnn.o
 .rodata.kernels_48
                0x1003f428     0x13e8 c:/MaximSDK/Examples/MAX78000/CNN/yolov1_demo3/build/cnn.o
 .rodata.kernels_49
                0x10040810     0x13e8 c:/MaximSDK/Examples/MAX78000/CNN/yolov1_demo3/build/cnn.o
 .rodata.kernels_5
                0x10041bf8     0x1430 c:/MaximSDK/Examples/MAX78000/CNN/yolov1_demo3/build/cnn.o
 .rodata.kernels_50
                0x10043028     0x13e8 c:/MaximSDK/Examples/MAX78000/CNN/yolov1_demo3/build/cnn.o
 .rodata.kernels_51
                0x10044410     0x13e8 c:/MaximSDK/Examples/MAX78000/CNN/yolov1_demo3/build/cnn.o
 .rodata.kernels_52
                0x100457f8     0x13e8 c:/MaximSDK/Examples/MAX78000/CNN/yolov1_demo3/build/cnn.o
 .rodata.kernels_53
                0x10046be0     0x13e8 c:/MaximSDK/Examples/MAX78000/CNN/yolov1_demo3/build/cnn.o
 .rodata.kernels_54
                0x10047fc8     0x13e8 c:/MaximSDK/Examples/MAX78000/CNN/yolov1_demo3/build/cnn.o
 .rodata.kernels_55
                0x100493b0     0x13e8 c:/MaximSDK/Examples/MAX78000/CNN/yolov1_demo3/build/cnn.o
 .rodata.kernels_56
                0x1004a798     0x13e8 c:/MaximSDK/Examples/MAX78000/CNN/yolov1_demo3/build/cnn.o
 .rodata.kernels_57
                0x1004bb80     0x13e8 c:/MaximSDK/Examples/MAX78000/CNN/yolov1_demo3/build/cnn.o
 .rodata.kernels_58
                0x1004cf68     0x13e8 c:/MaximSDK/Examples/MAX78000/CNN/yolov1_demo3/build/cnn.o
 .rodata.kernels_59
                0x1004e350     0x13e8 c:/MaximSDK/Examples/MAX78000/CNN/yolov1_demo3/build/cnn.o
 .rodata.kernels_6
                0x1004f738     0x1430 c:/MaximSDK/Examples/MAX78000/CNN/yolov1_demo3/build/cnn.o
 .rodata.kernels_60
                0x10050b68     0x13e8 c:/MaximSDK/Examples/MAX78000/CNN/yolov1_demo3/build/cnn.o
 .rodata.kernels_61
                0x10051f50     0x13e8 c:/MaximSDK/Examples/MAX78000/CNN/yolov1_demo3/build/cnn.o
 .rodata.kernels_62
                0x10053338     0x13e8 c:/MaximSDK/Examples/MAX78000/CNN/yolov1_demo3/build/cnn.o
 .rodata.kernels_63
                0x10054720     0x13e8 c:/MaximSDK/Examples/MAX78000/CNN/yolov1_demo3/build/cnn.o
 .rodata.kernels_7
                0x10055b08     0x1430 c:/MaximSDK/Examples/MAX78000/CNN/yolov1_demo3/build/cnn.o
 .rodata.kernels_8
                0x10056f38     0x1430 c:/MaximSDK/Examples/MAX78000/CNN/yolov1_demo3/build/cnn.o
 .rodata.kernels_9
                0x10058368     0x1430 c:/MaximSDK/Examples/MAX78000/CNN/yolov1_demo3/build/cnn.o
 .rodata.lut    0x10059798      0x200 c:/MaximSDK/Examples/MAX78000/CNN/yolov1_demo3/build/sigmoid.o
 .rodata.mxc_assert.str1.4
                0x10059998       0x19 c:/MaximSDK/Examples/MAX78000/CNN/yolov1_demo3/build/board.o
 *fill*         0x100599b1        0x3 
 .rodata.Board_Init.str1.4
                0x100599b4       0x55 c:/MaximSDK/Examples/MAX78000/CNN/yolov1_demo3/build/board.o
 *fill*         0x10059a09        0x3 
 .rodata.led_pin
                0x10059a0c       0x18 c:/MaximSDK/Examples/MAX78000/CNN/yolov1_demo3/build/board.o
                0x10059a0c                led_pin
 .rodata.num_leds
                0x10059a24        0x4 c:/MaximSDK/Examples/MAX78000/CNN/yolov1_demo3/build/board.o
                0x10059a24                num_leds
 .rodata.num_pbs
                0x10059a28        0x4 c:/MaximSDK/Examples/MAX78000/CNN/yolov1_demo3/build/board.o
                0x10059a28                num_pbs
 .rodata.pb_pin
                0x10059a2c       0x18 c:/MaximSDK/Examples/MAX78000/CNN/yolov1_demo3/build/board.o
                0x10059a2c                pb_pin
 .rodata.LED_On.str1.4
                0x10059a44       0x5f c:/MaximSDK/Examples/MAX78000/CNN/yolov1_demo3/build/led.o
 *fill*         0x10059aa3        0x1 
 .rodata.gpio_cfg_tmr0
                0x10059aa4        0xc c:/MaximSDK/Libraries/PeriphDrivers/bin/MAX78000/softfp/libPeriphDriver_softfp.a(pins_ai85.o)
                0x10059aa4                gpio_cfg_tmr0
 .rodata.gpio_cfg_tmr0b
                0x10059ab0        0xc c:/MaximSDK/Libraries/PeriphDrivers/bin/MAX78000/softfp/libPeriphDriver_softfp.a(pins_ai85.o)
                0x10059ab0                gpio_cfg_tmr0b
 .rodata.gpio_cfg_tmr1
                0x10059abc        0xc c:/MaximSDK/Libraries/PeriphDrivers/bin/MAX78000/softfp/libPeriphDriver_softfp.a(pins_ai85.o)
                0x10059abc                gpio_cfg_tmr1
 .rodata.gpio_cfg_tmr1b
                0x10059ac8        0xc c:/MaximSDK/Libraries/PeriphDrivers/bin/MAX78000/softfp/libPeriphDriver_softfp.a(pins_ai85.o)
                0x10059ac8                gpio_cfg_tmr1b
 .rodata.gpio_cfg_tmr2
                0x10059ad4        0xc c:/MaximSDK/Libraries/PeriphDrivers/bin/MAX78000/softfp/libPeriphDriver_softfp.a(pins_ai85.o)
                0x10059ad4                gpio_cfg_tmr2
 .rodata.gpio_cfg_tmr2b
                0x10059ae0        0xc c:/MaximSDK/Libraries/PeriphDrivers/bin/MAX78000/softfp/libPeriphDriver_softfp.a(pins_ai85.o)
                0x10059ae0                gpio_cfg_tmr2b
 .rodata.gpio_cfg_tmr3
                0x10059aec        0xc c:/MaximSDK/Libraries/PeriphDrivers/bin/MAX78000/softfp/libPeriphDriver_softfp.a(pins_ai85.o)
                0x10059aec                gpio_cfg_tmr3
 .rodata.gpio_cfg_tmr3b
                0x10059af8        0xc c:/MaximSDK/Libraries/PeriphDrivers/bin/MAX78000/softfp/libPeriphDriver_softfp.a(pins_ai85.o)
                0x10059af8                gpio_cfg_tmr3b
 .rodata.gpio_cfg_tmr4
                0x10059b04        0xc c:/MaximSDK/Libraries/PeriphDrivers/bin/MAX78000/softfp/libPeriphDriver_softfp.a(pins_ai85.o)
                0x10059b04                gpio_cfg_tmr4
 .rodata.gpio_cfg_tmr5
                0x10059b10        0xc c:/MaximSDK/Libraries/PeriphDrivers/bin/MAX78000/softfp/libPeriphDriver_softfp.a(pins_ai85.o)
                0x10059b10                gpio_cfg_tmr5
 .rodata.gpio_cfg_uart0
                0x10059b1c        0xc c:/MaximSDK/Libraries/PeriphDrivers/bin/MAX78000/softfp/libPeriphDriver_softfp.a(pins_ai85.o)
                0x10059b1c                gpio_cfg_uart0
 .rodata.gpio_cfg_uart1
                0x10059b28        0xc c:/MaximSDK/Libraries/PeriphDrivers/bin/MAX78000/softfp/libPeriphDriver_softfp.a(pins_ai85.o)
                0x10059b28                gpio_cfg_uart1
 .rodata.gpio_cfg_uart2
                0x10059b34        0xc c:/MaximSDK/Libraries/PeriphDrivers/bin/MAX78000/softfp/libPeriphDriver_softfp.a(pins_ai85.o)
                0x10059b34                gpio_cfg_uart2
 .rodata.gpio_cfg_uart3
                0x10059b40        0xc c:/MaximSDK/Libraries/PeriphDrivers/bin/MAX78000/softfp/libPeriphDriver_softfp.a(pins_ai85.o)
                0x10059b40                gpio_cfg_uart3
 .rodata.MXC_TMR_Init.str1.4
                0x10059b4c       0x50 c:/MaximSDK/Libraries/PeriphDrivers/bin/MAX78000/softfp/libPeriphDriver_softfp.a(tmr_ai85.o)
 .rodata.MXC_TMR_RevB_ConfigGeneric.str1.4
                0x10059b9c       0x43 c:/MaximSDK/Libraries/PeriphDrivers/bin/MAX78000/softfp/libPeriphDriver_softfp.a(tmr_revb.o)
                                 0x50 (size before relaxing)
 *fill*         0x10059bdf        0x1 
 .rodata.MXC_GPIO_Common_Handler.str1.4
                0x10059be0       0x66 c:/MaximSDK/Libraries/PeriphDrivers/bin/MAX78000/softfp/libPeriphDriver_softfp.a(gpio_common.o)
 *fill*         0x10059c46        0x2 
 .rodata._global_impure_ptr
                0x10059c48        0x4 c:/maximsdk/tools/gnutools/bin/../lib/gcc/arm-none-eabi/9.2.1/../../../../arm-none-eabi/lib/thumb/v7e-m+fp/softfp\libc.a(lib_a-impure.o)
                0x10059c48                _global_impure_ptr
 .rodata._puts_r.str1.4
                0x10059c4c        0x2 c:/maximsdk/tools/gnutools/bin/../lib/gcc/arm-none-eabi/9.2.1/../../../../arm-none-eabi/lib/thumb/v7e-m+fp/softfp\libc.a(lib_a-puts.o)
 *fill*         0x10059c4e        0x2 
 .rodata._vfprintf_r.str1.4
                0x10059c50       0x42 c:/maximsdk/tools/gnutools/bin/../lib/gcc/arm-none-eabi/9.2.1/../../../../arm-none-eabi/lib/thumb/v7e-m+fp/softfp\libc.a(lib_a-vfprintf.o)
 *fill*         0x10059c92        0x2 
 .rodata.blanks.8723
                0x10059c94       0x10 c:/maximsdk/tools/gnutools/bin/../lib/gcc/arm-none-eabi/9.2.1/../../../../arm-none-eabi/lib/thumb/v7e-m+fp/softfp\libc.a(lib_a-vfprintf.o)
 .rodata.zeroes.8724
                0x10059ca4       0x10 c:/maximsdk/tools/gnutools/bin/../lib/gcc/arm-none-eabi/9.2.1/../../../../arm-none-eabi/lib/thumb/v7e-m+fp/softfp\libc.a(lib_a-vfprintf.o)
 .rodata._dtoa_r.str1.4
                0x10059cb4        0xd c:/maximsdk/tools/gnutools/bin/../lib/gcc/arm-none-eabi/9.2.1/../../../../arm-none-eabi/lib/thumb/v7e-m+fp/softfp\libc.a(lib_a-dtoa.o)
                                 0x12 (size before relaxing)
 *fill*         0x10059cc1        0x7 
 .rodata.__mprec_bigtens
                0x10059cc8       0x28 c:/maximsdk/tools/gnutools/bin/../lib/gcc/arm-none-eabi/9.2.1/../../../../arm-none-eabi/lib/thumb/v7e-m+fp/softfp\libc.a(lib_a-mprec.o)
                0x10059cc8                __mprec_bigtens
 .rodata.__mprec_tens
                0x10059cf0       0xc8 c:/maximsdk/tools/gnutools/bin/../lib/gcc/arm-none-eabi/9.2.1/../../../../arm-none-eabi/lib/thumb/v7e-m+fp/softfp\libc.a(lib_a-mprec.o)
                0x10059cf0                __mprec_tens
 .rodata.p05.7478
                0x10059db8        0xc c:/maximsdk/tools/gnutools/bin/../lib/gcc/arm-none-eabi/9.2.1/../../../../arm-none-eabi/lib/thumb/v7e-m+fp/softfp\libc.a(lib_a-mprec.o)
 .rodata._setlocale_r.str1.4
                0x10059dc4        0xa c:/maximsdk/tools/gnutools/bin/../lib/gcc/arm-none-eabi/9.2.1/../../../../arm-none-eabi/lib/thumb/v7e-m+fp/softfp\libc.a(lib_a-locale.o)
                                  0xd (size before relaxing)
 *fill*         0x10059dce        0x2 
 .rodata.str1.4
                0x10059dd0        0x2 c:/maximsdk/tools/gnutools/bin/../lib/gcc/arm-none-eabi/9.2.1/../../../../arm-none-eabi/lib/thumb/v7e-m+fp/softfp\libc.a(lib_a-locale.o)
 *fill*         0x10059dd2        0x2 
 .rodata._ctype_
                0x10059dd4      0x101 c:/maximsdk/tools/gnutools/bin/../lib/gcc/arm-none-eabi/9.2.1/../../../../arm-none-eabi/lib/thumb/v7e-m+fp/softfp\libc.a(lib_a-ctype_.o)
                0x10059dd4                _ctype_
 *(.init)
 *fill*         0x10059ed5        0x3 
 .init          0x10059ed8        0x4 c:/maximsdk/tools/gnutools/bin/../lib/gcc/arm-none-eabi/9.2.1/thumb/v7e-m+fp/softfp/crti.o
                0x10059ed8                _init
 .init          0x10059edc        0x8 c:/maximsdk/tools/gnutools/bin/../lib/gcc/arm-none-eabi/9.2.1/thumb/v7e-m+fp/softfp/crtn.o
 *(.fini)
 .fini          0x10059ee4        0x4 c:/maximsdk/tools/gnutools/bin/../lib/gcc/arm-none-eabi/9.2.1/thumb/v7e-m+fp/softfp/crti.o
                0x10059ee4                _fini
 .fini          0x10059ee8        0x8 c:/maximsdk/tools/gnutools/bin/../lib/gcc/arm-none-eabi/9.2.1/thumb/v7e-m+fp/softfp/crtn.o
 *(.eh_frame*)
 .eh_frame      0x10059ef0        0x0 c:/maximsdk/tools/gnutools/bin/../lib/gcc/arm-none-eabi/9.2.1/thumb/v7e-m+fp/softfp/crtbegin.o
 .eh_frame      0x10059ef0        0x4 c:/maximsdk/tools/gnutools/bin/../lib/gcc/arm-none-eabi/9.2.1/thumb/v7e-m+fp/softfp/crtend.o
                0x10059ef4                _etext = .

.glue_7         0x10059ef4        0x0
 .glue_7        0x10059ef4        0x0 linker stubs

.glue_7t        0x10059ef4        0x0
 .glue_7t       0x10059ef4        0x0 linker stubs

.vfp11_veneer   0x10059ef4        0x0
 .vfp11_veneer  0x10059ef4        0x0 linker stubs

.v4_bx          0x10059ef4        0x0
 .v4_bx         0x10059ef4        0x0 linker stubs

.iplt           0x10059ef4        0x0
 .iplt          0x10059ef4        0x0 c:/maximsdk/tools/gnutools/bin/../lib/gcc/arm-none-eabi/9.2.1/thumb/v7e-m+fp/softfp/crtbegin.o

.bin_storage    0x10059ef4        0x0
 FILL mask 0xff
                0x10059ef4                _bin_start_ = .
 *(.bin_storage_img)
                0x10059ef4                _bin_end_ = .
                0x10059ef4                . = ALIGN (0x4)

.rom_code       0x00000000        0x0
                0x00000000                . = ALIGN (0x10)
                0x20000000                _sran_code = .
 *(.rom_code_section)
                0x20000000                _esran_code = .

.flash_code     0x10059ef4        0xc
                0x10059f00                . = ALIGN (0x10)
 *fill*         0x10059ef4        0xc 
                0x20000000                _sran_code = .
 *(.flash_code_section)
                0x20000000                _esran_code = .

.sram_code      0x20000000        0x0
                0x20000000                . = ALIGN (0x10)
                0x20000000                _sran_code = .
 *(.sram_code_section)
                0x20000000                _esran_code = .

.ARM.exidx      0x10059f00        0x8
                0x10059f00                __exidx_start = .
 *(.ARM.exidx*)
 .ARM.exidx     0x10059f00        0x8 c:/maximsdk/tools/gnutools/bin/../lib/gcc/arm-none-eabi/9.2.1/thumb/v7e-m+fp/softfp\libgcc.a(_udivmoddi4.o)
                0x10059f08                __exidx_end = .

.rel.dyn        0x10059f08        0x0
 .rel.iplt      0x10059f08        0x0 c:/maximsdk/tools/gnutools/bin/../lib/gcc/arm-none-eabi/9.2.1/thumb/v7e-m+fp/softfp/crtbegin.o

.data           0x20000000      0x9c4 load address 0x10059f08
                0x20000000                _data = ALIGN (., 0x4)
 *(.data*)
 .data.ConsoleUart
                0x20000000        0x4 c:/MaximSDK/Examples/MAX78000/CNN/yolov1_demo3/build/board.o
                0x20000000                ConsoleUart
 .data.overflows
                0x20000004        0x4 c:/MaximSDK/Libraries/PeriphDrivers/bin/MAX78000/softfp/libPeriphDriver_softfp.a(mxc_delay.o)
 .data._impure_ptr
                0x20000008        0x4 c:/maximsdk/tools/gnutools/bin/../lib/gcc/arm-none-eabi/9.2.1/../../../../arm-none-eabi/lib/thumb/v7e-m+fp/softfp\libc.a(lib_a-impure.o)
                0x20000008                _impure_ptr
 *fill*         0x2000000c        0x4 
 .data.impure_data
                0x20000010      0x428 c:/maximsdk/tools/gnutools/bin/../lib/gcc/arm-none-eabi/9.2.1/../../../../arm-none-eabi/lib/thumb/v7e-m+fp/softfp\libc.a(lib_a-impure.o)
 .data.__malloc_av_
                0x20000438      0x408 c:/maximsdk/tools/gnutools/bin/../lib/gcc/arm-none-eabi/9.2.1/../../../../arm-none-eabi/lib/thumb/v7e-m+fp/softfp\libc.a(lib_a-mallocr.o)
                0x20000438                __malloc_av_
 .data.__malloc_sbrk_base
                0x20000840        0x4 c:/maximsdk/tools/gnutools/bin/../lib/gcc/arm-none-eabi/9.2.1/../../../../arm-none-eabi/lib/thumb/v7e-m+fp/softfp\libc.a(lib_a-mallocr.o)
                0x20000840                __malloc_sbrk_base
 .data.__malloc_trim_threshold
                0x20000844        0x4 c:/maximsdk/tools/gnutools/bin/../lib/gcc/arm-none-eabi/9.2.1/../../../../arm-none-eabi/lib/thumb/v7e-m+fp/softfp\libc.a(lib_a-mallocr.o)
                0x20000844                __malloc_trim_threshold
 .data.__atexit_recursive_mutex
                0x20000848        0x4 c:/maximsdk/tools/gnutools/bin/../lib/gcc/arm-none-eabi/9.2.1/../../../../arm-none-eabi/lib/thumb/v7e-m+fp/softfp\libc.a(lib_a-__call_atexit.o)
                0x20000848                __atexit_recursive_mutex
 .data.__global_locale
                0x2000084c      0x16c c:/maximsdk/tools/gnutools/bin/../lib/gcc/arm-none-eabi/9.2.1/../../../../arm-none-eabi/lib/thumb/v7e-m+fp/softfp\libc.a(lib_a-locale.o)
                0x2000084c                __global_locale
                0x200009b8                . = ALIGN (0x4)
                0x200009b8                PROVIDE (__preinit_array_start = .)
 *(.preinit_array)
                0x200009b8                PROVIDE (__preinit_array_end = .)
                0x200009b8                . = ALIGN (0x4)
                0x200009b8                PROVIDE (__init_array_start = .)
 *(SORT_BY_NAME(.init_array.*))
 .init_array.00000
                0x200009b8        0x4 c:/maximsdk/tools/gnutools/bin/../lib/gcc/arm-none-eabi/9.2.1/../../../../arm-none-eabi/lib/thumb/v7e-m+fp/softfp\libc.a(lib_a-__call_atexit.o)
 *(.init_array)
 .init_array    0x200009bc        0x4 c:/maximsdk/tools/gnutools/bin/../lib/gcc/arm-none-eabi/9.2.1/thumb/v7e-m+fp/softfp/crtbegin.o
                0x200009c0                PROVIDE (__init_array_end = .)
                0x200009c0                . = ALIGN (0x4)
                0x200009c0                PROVIDE (__fini_array_start = .)
 *(SORT_BY_NAME(.fini_array.*))
 *(.fini_array)
 .fini_array    0x200009c0        0x4 c:/maximsdk/tools/gnutools/bin/../lib/gcc/arm-none-eabi/9.2.1/thumb/v7e-m+fp/softfp/crtbegin.o
                0x200009c4                PROVIDE (__fini_array_end = .)
                0x200009c4                _edata = ALIGN (., 0x4)
                0x10059f08                __load_data = LOADADDR (.data)

.igot.plt       0x200009c4        0x0 load address 0x1005a8cc
 .igot.plt      0x200009c4        0x0 c:/maximsdk/tools/gnutools/bin/../lib/gcc/arm-none-eabi/9.2.1/thumb/v7e-m+fp/softfp/crtbegin.o

.bss            0x20000a00     0x4308 load address 0x1005a8cc
                0x20000a00                . = ALIGN (0x4)
                0x20000a00                _bss = .
 *(.bss*)
 .bss           0x20000a00       0x1c c:/maximsdk/tools/gnutools/bin/../lib/gcc/arm-none-eabi/9.2.1/thumb/v7e-m+fp/softfp/crtbegin.o
 .bss.max_box   0x20000a1c       0x30 c:/MaximSDK/Examples/MAX78000/CNN/yolov1_demo3/build/main_faceid.o
 .bss.ml_data   0x20000a4c      0xb7c c:/MaximSDK/Examples/MAX78000/CNN/yolov1_demo3/build/main_faceid.o
 .bss.ml_array.9928
                0x200015c8      0xb7c c:/MaximSDK/Examples/MAX78000/CNN/yolov1_demo3/build/utils_faceid.o
 .bss.heap_end  0x20002144        0x4 c:/MaximSDK/Examples/MAX78000/CNN/yolov1_demo3/build/heap.o
 .bss.cbFunc    0x20002148        0x4 c:/MaximSDK/Libraries/PeriphDrivers/bin/MAX78000/softfp/libPeriphDriver_softfp.a(mxc_delay.o)
 .bss.ctrl_save
                0x2000214c        0x4 c:/MaximSDK/Libraries/PeriphDrivers/bin/MAX78000/softfp/libPeriphDriver_softfp.a(mxc_delay.o)
 .bss.endtick   0x20002150        0x4 c:/MaximSDK/Libraries/PeriphDrivers/bin/MAX78000/softfp/libPeriphDriver_softfp.a(mxc_delay.o)
 *fill*         0x20002154       0xac 
 .bss.ramVectorTable
                0x20002200      0x1e0 c:/MaximSDK/Libraries/PeriphDrivers/bin/MAX78000/softfp/libPeriphDriver_softfp.a(nvic_table.o)
 .bss.callback  0x200023e0      0x200 c:/MaximSDK/Libraries/PeriphDrivers/bin/MAX78000/softfp/libPeriphDriver_softfp.a(gpio_common.o)
 .bss.cbparam   0x200025e0      0x200 c:/MaximSDK/Libraries/PeriphDrivers/bin/MAX78000/softfp/libPeriphDriver_softfp.a(gpio_common.o)
 .bss.initialized
                0x200027e0        0x1 c:/MaximSDK/Libraries/PeriphDrivers/bin/MAX78000/softfp/libPeriphDriver_softfp.a(gpio_common.o)
 *fill*         0x200027e1        0x3 
 .bss.__malloc_current_mallinfo
                0x200027e4       0x28 c:/maximsdk/tools/gnutools/bin/../lib/gcc/arm-none-eabi/9.2.1/../../../../arm-none-eabi/lib/thumb/v7e-m+fp/softfp\libc.a(lib_a-mallocr.o)
                0x200027e4                __malloc_current_mallinfo
 .bss.__malloc_max_sbrked_mem
                0x2000280c        0x4 c:/maximsdk/tools/gnutools/bin/../lib/gcc/arm-none-eabi/9.2.1/../../../../arm-none-eabi/lib/thumb/v7e-m+fp/softfp\libc.a(lib_a-mallocr.o)
                0x2000280c                __malloc_max_sbrked_mem
 .bss.__malloc_max_total_mem
                0x20002810        0x4 c:/maximsdk/tools/gnutools/bin/../lib/gcc/arm-none-eabi/9.2.1/../../../../arm-none-eabi/lib/thumb/v7e-m+fp/softfp\libc.a(lib_a-mallocr.o)
                0x20002810                __malloc_max_total_mem
 .bss.__malloc_top_pad
                0x20002814        0x4 c:/maximsdk/tools/gnutools/bin/../lib/gcc/arm-none-eabi/9.2.1/../../../../arm-none-eabi/lib/thumb/v7e-m+fp/softfp\libc.a(lib_a-mallocr.o)
                0x20002814                __malloc_top_pad
 *(COMMON)
 COMMON         0x20002818        0x4 c:/MaximSDK/Examples/MAX78000/CNN/yolov1_demo3/build/main_faceid.o
                0x20002818                cnn_time
 COMMON         0x2000281c     0x24c4 c:/MaximSDK/Examples/MAX78000/CNN/yolov1_demo3/build/utils_faceid.o
                0x2000281c                cnt
                0x20002820                rxBuffer
 COMMON         0x20004ce0       0x21 c:/maximsdk/tools/gnutools/bin/../lib/gcc/arm-none-eabi/9.2.1/../../../../arm-none-eabi/lib/thumb/v7e-m+fp/softfp\libc.a(lib_a-lock.o)
                0x20004ce0                __lock___atexit_recursive_mutex
                0x20004ce4                __lock___arc4random_mutex
                0x20004ce8                __lock___env_recursive_mutex
                0x20004cec                __lock___sinit_recursive_mutex
                0x20004cf0                __lock___malloc_recursive_mutex
                0x20004cf4                __lock___at_quick_exit_mutex
                0x20004cf8                __lock___dd_hash_mutex
                0x20004cfc                __lock___tz_mutex
                0x20004d00                __lock___sfp_recursive_mutex
 *fill*         0x20004d01        0x3 
 COMMON         0x20004d04        0x4 c:/maximsdk/tools/gnutools/bin/../lib/gcc/arm-none-eabi/9.2.1/../../../../arm-none-eabi/lib/thumb/v7e-m+fp/softfp\libc.a(lib_a-reent.o)
                0x20004d04                errno
                0x20004d08                _ebss = ALIGN (., 0x4)

.shared         0x20004d08        0x4 load address 0x1005a8cc
                0x20004d08                . = ALIGN (0x4)
                0x20004d08                _shared = .
 *(.mailbox*)
                0x20004d08                . = ALIGN (0x4)
 *(.shared*)
 .shared        0x20004d08        0x4 c:/MaximSDK/Examples/MAX78000/CNN/yolov1_demo3/build/system_max78000.o
                0x20004d08                SystemCoreClock
                0x20004d0c                _eshared = ALIGN (., 0x4)
                0x1005a8cc                __shared_data = LOADADDR (.shared)
                0x20020000                __StackTop = (ORIGIN (SRAM) + LENGTH (SRAM))
                0x2001f000                __StackLimit = (__StackTop - SIZEOF (.stack_dummy))

.stack_dummy    0x20004d10     0x1000 load address 0x1005a8d0
 *(.stack*)
 .stack         0x20004d10     0x1000 c:/MaximSDK/Examples/MAX78000/CNN/yolov1_demo3/build/startup_max78000.o

.heap           0x20004d10      0xc00 load address 0x1005a8d0
                0x20004d10                . = ALIGN (0x4)
 *(.heap*)
 .heap          0x20004d10      0xc00 c:/MaximSDK/Examples/MAX78000/CNN/yolov1_demo3/build/startup_max78000.o
                0x20004d10                __HeapBase
                0x2001f000                __HeapLimit = ABSOLUTE (__StackLimit)
                0x20020000                PROVIDE (__stack = __StackTop)
                0x00000001                ASSERT ((__StackLimit >= _ebss), region RAM overflowed with stack)
OUTPUT(c:/MaximSDK/Examples/MAX78000/CNN/yolov1_demo3/build/max78000.elf elf32-littlearm)

.ARM.attributes
                0x00000000       0x2e
 .ARM.attributes
                0x00000000       0x1e c:/maximsdk/tools/gnutools/bin/../lib/gcc/arm-none-eabi/9.2.1/thumb/v7e-m+fp/softfp/crti.o
 .ARM.attributes
                0x0000001e       0x32 c:/maximsdk/tools/gnutools/bin/../lib/gcc/arm-none-eabi/9.2.1/thumb/v7e-m+fp/softfp/crtbegin.o
 .ARM.attributes
                0x00000050       0x32 c:/MaximSDK/Examples/MAX78000/CNN/yolov1_demo3/build/main_faceid.o
 .ARM.attributes
                0x00000082       0x32 c:/MaximSDK/Examples/MAX78000/CNN/yolov1_demo3/build/cnn.o
 .ARM.attributes
                0x000000b4       0x32 c:/MaximSDK/Examples/MAX78000/CNN/yolov1_demo3/build/utils_faceid.o
 .ARM.attributes
                0x000000e6       0x32 c:/MaximSDK/Examples/MAX78000/CNN/yolov1_demo3/build/sigmoid.o
 .ARM.attributes
                0x00000118       0x32 c:/MaximSDK/Examples/MAX78000/CNN/yolov1_demo3/build/board.o
 .ARM.attributes
                0x0000014a       0x32 c:/MaximSDK/Examples/MAX78000/CNN/yolov1_demo3/build/stdio.o
 .ARM.attributes
                0x0000017c       0x32 c:/MaximSDK/Examples/MAX78000/CNN/yolov1_demo3/build/led.o
 .ARM.attributes
                0x000001ae       0x32 c:/MaximSDK/Examples/MAX78000/CNN/yolov1_demo3/build/pb.o
 .ARM.attributes
                0x000001e0       0x1b c:/MaximSDK/Examples/MAX78000/CNN/yolov1_demo3/build/startup_max78000.o
 .ARM.attributes
                0x000001fb       0x32 c:/MaximSDK/Examples/MAX78000/CNN/yolov1_demo3/build/heap.o
 .ARM.attributes
                0x0000022d       0x32 c:/MaximSDK/Examples/MAX78000/CNN/yolov1_demo3/build/system_max78000.o
 .ARM.attributes
                0x0000025f       0x32 c:/MaximSDK/Libraries/PeriphDrivers/bin/MAX78000/softfp/libPeriphDriver_softfp.a(mxc_delay.o)
 .ARM.attributes
                0x00000291       0x37 c:/MaximSDK/Libraries/PeriphDrivers/bin/MAX78000/softfp/libPeriphDriver_softfp.a(pins_ai85.o)
 .ARM.attributes
                0x000002c8       0x32 c:/MaximSDK/Libraries/PeriphDrivers/bin/MAX78000/softfp/libPeriphDriver_softfp.a(sys_ai85.o)
 .ARM.attributes
                0x000002fa       0x32 c:/MaximSDK/Libraries/PeriphDrivers/bin/MAX78000/softfp/libPeriphDriver_softfp.a(nvic_table.o)
 .ARM.attributes
                0x0000032c       0x32 c:/MaximSDK/Libraries/PeriphDrivers/bin/MAX78000/softfp/libPeriphDriver_softfp.a(gpio_ai85.o)
 .ARM.attributes
                0x0000035e       0x32 c:/MaximSDK/Libraries/PeriphDrivers/bin/MAX78000/softfp/libPeriphDriver_softfp.a(gpio_reva.o)
 .ARM.attributes
                0x00000390       0x32 c:/MaximSDK/Libraries/PeriphDrivers/bin/MAX78000/softfp/libPeriphDriver_softfp.a(icc_me17.o)
 .ARM.attributes
                0x000003c2       0x32 c:/MaximSDK/Libraries/PeriphDrivers/bin/MAX78000/softfp/libPeriphDriver_softfp.a(icc_reva.o)
 .ARM.attributes
                0x000003f4       0x32 c:/MaximSDK/Libraries/PeriphDrivers/bin/MAX78000/softfp/libPeriphDriver_softfp.a(rtc_me17.o)
 .ARM.attributes
                0x00000426       0x32 c:/MaximSDK/Libraries/PeriphDrivers/bin/MAX78000/softfp/libPeriphDriver_softfp.a(rtc_reva.o)
 .ARM.attributes
                0x00000458       0x32 c:/MaximSDK/Libraries/PeriphDrivers/bin/MAX78000/softfp/libPeriphDriver_softfp.a(tmr_ai85.o)
 .ARM.attributes
                0x0000048a       0x32 c:/MaximSDK/Libraries/PeriphDrivers/bin/MAX78000/softfp/libPeriphDriver_softfp.a(tmr_revb.o)
 .ARM.attributes
                0x000004bc       0x32 c:/MaximSDK/Libraries/PeriphDrivers/bin/MAX78000/softfp/libPeriphDriver_softfp.a(uart_ai85.o)
 .ARM.attributes
                0x000004ee       0x32 c:/MaximSDK/Libraries/PeriphDrivers/bin/MAX78000/softfp/libPeriphDriver_softfp.a(uart_common.o)
 .ARM.attributes
                0x00000520       0x32 c:/MaximSDK/Libraries/PeriphDrivers/bin/MAX78000/softfp/libPeriphDriver_softfp.a(uart_revb.o)
 .ARM.attributes
                0x00000552       0x32 c:/MaximSDK/Libraries/PeriphDrivers/bin/MAX78000/softfp/libPeriphDriver_softfp.a(gpio_common.o)
 .ARM.attributes
                0x00000584       0x32 c:/MaximSDK/Libraries/PeriphDrivers/bin/MAX78000/softfp/libPeriphDriver_softfp.a(tmr_common.o)
 .ARM.attributes
                0x000005b6       0x32 c:/maximsdk/tools/gnutools/bin/../lib/gcc/arm-none-eabi/9.2.1/../../../../arm-none-eabi/lib/thumb/v7e-m+fp/softfp\libc.a(lib_a-errno.o)
 .ARM.attributes
                0x000005e8       0x30 c:/maximsdk/tools/gnutools/bin/../lib/gcc/arm-none-eabi/9.2.1/../../../../arm-none-eabi/lib/thumb/v7e-m+fp/softfp\libc.a(lib_a-impure.o)
 .ARM.attributes
                0x00000618       0x32 c:/maximsdk/tools/gnutools/bin/../lib/gcc/arm-none-eabi/9.2.1/../../../../arm-none-eabi/lib/thumb/v7e-m+fp/softfp\libc.a(lib_a-init.o)
 .ARM.attributes
                0x0000064a       0x32 c:/maximsdk/tools/gnutools/bin/../lib/gcc/arm-none-eabi/9.2.1/../../../../arm-none-eabi/lib/thumb/v7e-m+fp/softfp\libc.a(lib_a-mallocr.o)
 .ARM.attributes
                0x0000067c       0x1c c:/maximsdk/tools/gnutools/bin/../lib/gcc/arm-none-eabi/9.2.1/../../../../arm-none-eabi/lib/thumb/v7e-m+fp/softfp\libc.a(lib_a-memcpy.o)
 .ARM.attributes
                0x00000698       0x32 c:/maximsdk/tools/gnutools/bin/../lib/gcc/arm-none-eabi/9.2.1/../../../../arm-none-eabi/lib/thumb/v7e-m+fp/softfp\libc.a(lib_a-memset.o)
 .ARM.attributes
                0x000006ca       0x32 c:/maximsdk/tools/gnutools/bin/../lib/gcc/arm-none-eabi/9.2.1/../../../../arm-none-eabi/lib/thumb/v7e-m+fp/softfp\libc.a(lib_a-mlock.o)
 .ARM.attributes