Archive member included to satisfy reference by file (symbol)

c:/MaximSDK/Libraries/PeriphDrivers/bin/MAX78000/softfp/libPeriphDriver_softfp.a(mxc_delay.o)
                              c:/MaximSDK/Examples/MAX78000/CNN/faceid_demo/build/tft.o (MXC_Delay)
c:/MaximSDK/Libraries/PeriphDrivers/bin/MAX78000/softfp/libPeriphDriver_softfp.a(pins_ai85.o)
                              c:/MaximSDK/Examples/MAX78000/CNN/faceid_demo/build/camera.o (gpio_cfg_pcif_xclk)
c:/MaximSDK/Libraries/PeriphDrivers/bin/MAX78000/softfp/libPeriphDriver_softfp.a(sys_ai85.o)
                              c:/MaximSDK/Examples/MAX78000/CNN/faceid_demo/build/main_faceid.o (MXC_SYS_ClockEnable)
c:/MaximSDK/Libraries/PeriphDrivers/bin/MAX78000/softfp/libPeriphDriver_softfp.a(nvic_table.o)
                              c:/MaximSDK/Examples/MAX78000/CNN/faceid_demo/build/camera.o (NVIC_SetVector)
c:/MaximSDK/Libraries/PeriphDrivers/bin/MAX78000/softfp/libPeriphDriver_softfp.a(aes_me17.o)
                              c:/MaximSDK/Libraries/PeriphDrivers/bin/MAX78000/softfp/libPeriphDriver_softfp.a(sys_ai85.o) (MXC_AES_Init)
c:/MaximSDK/Libraries/PeriphDrivers/bin/MAX78000/softfp/libPeriphDriver_softfp.a(aes_revb.o)
                              c:/MaximSDK/Libraries/PeriphDrivers/bin/MAX78000/softfp/libPeriphDriver_softfp.a(aes_me17.o) (MXC_AES_RevB_Init)
c:/MaximSDK/Libraries/PeriphDrivers/bin/MAX78000/softfp/libPeriphDriver_softfp.a(cameraif_ai85.o)
                              c:/MaximSDK/Examples/MAX78000/CNN/faceid_demo/build/camera.o (MXC_PCIF_Init)
c:/MaximSDK/Libraries/PeriphDrivers/bin/MAX78000/softfp/libPeriphDriver_softfp.a(cameraif_reva.o)
                              c:/MaximSDK/Libraries/PeriphDrivers/bin/MAX78000/softfp/libPeriphDriver_softfp.a(cameraif_ai85.o) (MXC_PCIF_RevA_SetDatawidth)
c:/MaximSDK/Libraries/PeriphDrivers/bin/MAX78000/softfp/libPeriphDriver_softfp.a(dma_me17.o)
                              c:/MaximSDK/Libraries/PeriphDrivers/bin/MAX78000/softfp/libPeriphDriver_softfp.a(aes_revb.o) (MXC_DMA_Init)
c:/MaximSDK/Libraries/PeriphDrivers/bin/MAX78000/softfp/libPeriphDriver_softfp.a(dma_reva.o)
                              c:/MaximSDK/Libraries/PeriphDrivers/bin/MAX78000/softfp/libPeriphDriver_softfp.a(dma_me17.o) (MXC_DMA_RevA_Init)
c:/MaximSDK/Libraries/PeriphDrivers/bin/MAX78000/softfp/libPeriphDriver_softfp.a(flc_me17.o)
                              c:/MaximSDK/Libraries/PeriphDrivers/bin/MAX78000/softfp/libPeriphDriver_softfp.a(sys_ai85.o) (MXC_FLC_UnlockInfoBlock)
c:/MaximSDK/Libraries/PeriphDrivers/bin/MAX78000/softfp/libPeriphDriver_softfp.a(flc_revb.o)
                              c:/MaximSDK/Libraries/PeriphDrivers/bin/MAX78000/softfp/libPeriphDriver_softfp.a(flc_me17.o) (MXC_FLC_RevB_Busy)
c:/MaximSDK/Libraries/PeriphDrivers/bin/MAX78000/softfp/libPeriphDriver_softfp.a(gpio_ai85.o)
                              c:/MaximSDK/Examples/MAX78000/CNN/faceid_demo/build/led.o (MXC_GPIO_Config)
c:/MaximSDK/Libraries/PeriphDrivers/bin/MAX78000/softfp/libPeriphDriver_softfp.a(gpio_reva.o)
                              c:/MaximSDK/Libraries/PeriphDrivers/bin/MAX78000/softfp/libPeriphDriver_softfp.a(gpio_ai85.o) (MXC_GPIO_RevA_InGet)
c:/MaximSDK/Libraries/PeriphDrivers/bin/MAX78000/softfp/libPeriphDriver_softfp.a(icc_me17.o)
                              c:/MaximSDK/Examples/MAX78000/CNN/faceid_demo/build/main_faceid.o (MXC_ICC_Enable)
c:/MaximSDK/Libraries/PeriphDrivers/bin/MAX78000/softfp/libPeriphDriver_softfp.a(icc_reva.o)
                              c:/MaximSDK/Libraries/PeriphDrivers/bin/MAX78000/softfp/libPeriphDriver_softfp.a(icc_me17.o) (MXC_ICC_RevA_ID)
c:/MaximSDK/Libraries/PeriphDrivers/bin/MAX78000/softfp/libPeriphDriver_softfp.a(pt_me17.o)
                              c:/MaximSDK/Examples/MAX78000/CNN/faceid_demo/build/camera.o (MXC_PT_Init)
c:/MaximSDK/Libraries/PeriphDrivers/bin/MAX78000/softfp/libPeriphDriver_softfp.a(pt_reva.o)
                              c:/MaximSDK/Libraries/PeriphDrivers/bin/MAX78000/softfp/libPeriphDriver_softfp.a(pt_me17.o) (MXC_PT_RevA_Init)
c:/MaximSDK/Libraries/PeriphDrivers/bin/MAX78000/softfp/libPeriphDriver_softfp.a(spi_me17.o)
                              c:/MaximSDK/Examples/MAX78000/CNN/faceid_demo/build/tft.o (MXC_SPI_Init)
c:/MaximSDK/Libraries/PeriphDrivers/bin/MAX78000/softfp/libPeriphDriver_softfp.a(spi_reva.o)
                              c:/MaximSDK/Libraries/PeriphDrivers/bin/MAX78000/softfp/libPeriphDriver_softfp.a(spi_me17.o) (MXC_SPI_RevA_Init)
c:/MaximSDK/Libraries/PeriphDrivers/bin/MAX78000/softfp/libPeriphDriver_softfp.a(trng_revb.o)
                              c:/MaximSDK/Libraries/PeriphDrivers/bin/MAX78000/softfp/libPeriphDriver_softfp.a(aes_me17.o) (MXC_TRNG_RevB_GenerateKey)
c:/MaximSDK/Libraries/PeriphDrivers/bin/MAX78000/softfp/libPeriphDriver_softfp.a(tmr_ai85.o)
                              c:/MaximSDK/Examples/MAX78000/CNN/faceid_demo/build/main_faceid.o (MXC_TMR_Delay)
[...]
Memory Configuration

Name             Origin             Length             Attributes
ROM              0x00000000         0x00010000         xr
FLASH            0x10000000         0x00080000         xr
SRAM             0x20000000         0x00020000         xrw
*default*        0x00000000         0xffffffff

Linker script and memory map

LOAD c:/maximsdk/tools/gnutools/bin/../lib/gcc/arm-none-eabi/9.2.1/thumb/v7e-m+fp/softfp/crti.o
LOAD c:/maximsdk/tools/gnutools/bin/../lib/gcc/arm-none-eabi/9.2.1/thumb/v7e-m+fp/softfp/crtbegin.o
LOAD c:/maximsdk/tools/gnutools/bin/../lib/gcc/arm-none-eabi/9.2.1/../../../../arm-none-eabi/lib/thumb/v7e-m+fp/softfp/crt0.o
LOAD c:/MaximSDK/Examples/MAX78000/CNN/faceid_demo/build/main_faceid.o
LOAD c:/MaximSDK/Examples/MAX78000/CNN/faceid_demo/build/utils_faceid.o
LOAD c:/MaximSDK/Examples/MAX78000/CNN/faceid_demo/build/board.o
LOAD c:/MaximSDK/Examples/MAX78000/CNN/faceid_demo/build/stdio.o
LOAD c:/MaximSDK/Examples/MAX78000/CNN/faceid_demo/build/led.o
LOAD c:/MaximSDK/Examples/MAX78000/CNN/faceid_demo/build/pb.o
LOAD c:/MaximSDK/Examples/MAX78000/CNN/faceid_demo/build/tft.o
LOAD c:/MaximSDK/Examples/MAX78000/CNN/faceid_demo/build/touchscreen.o
LOAD c:/MaximSDK/Examples/MAX78000/CNN/faceid_demo/build/camera.o
LOAD c:/MaximSDK/Examples/MAX78000/CNN/faceid_demo/build/sccb.o
LOAD c:/MaximSDK/Examples/MAX78000/CNN/faceid_demo/build/startup_max78000.o
LOAD c:/MaximSDK/Examples/MAX78000/CNN/faceid_demo/build/heap.o
LOAD c:/MaximSDK/Examples/MAX78000/CNN/faceid_demo/build/system_max78000.o
START GROUP
LOAD c:/MaximSDK/Libraries/PeriphDrivers/bin/MAX78000/softfp/libPeriphDriver_softfp.a
LOAD c:/maximsdk/tools/gnutools/bin/../lib/gcc/arm-none-eabi/9.2.1/../../../../arm-none-eabi/lib/thumb/v7e-m+fp/softfp\libc.a
LOAD c:/maximsdk/tools/gnutools/bin/../lib/gcc/arm-none-eabi/9.2.1/../../../../arm-none-eabi/lib/thumb/v7e-m+fp/softfp\libm.a
LOAD c:/maximsdk/tools/gnutools/bin/../lib/gcc/arm-none-eabi/9.2.1/../../../../arm-none-eabi/lib/thumb/v7e-m+fp/softfp\libnosys.a
END GROUP
START GROUP
LOAD c:/maximsdk/tools/gnutools/bin/../lib/gcc/arm-none-eabi/9.2.1/thumb/v7e-m+fp/softfp\libgcc.a
LOAD c:/maximsdk/tools/gnutools/bin/../lib/gcc/arm-none-eabi/9.2.1/../../../../arm-none-eabi/lib/thumb/v7e-m+fp/softfp\libc.a
END GROUP
LOAD c:/maximsdk/tools/gnutools/bin/../lib/gcc/arm-none-eabi/9.2.1/thumb/v7e-m+fp/softfp/crtend.o
LOAD c:/maximsdk/tools/gnutools/bin/../lib/gcc/arm-none-eabi/9.2.1/thumb/v7e-m+fp/softfp/crtn.o

.rom
 *(.rom_vector)
 *(.rom_handlers*)

.text           0x10000000    0x4a654
                0x10000000                _text = .
 *(.isr_vector)
 .isr_vector    0x10000000      0x1e0 c:/MaximSDK/Examples/MAX78000/CNN/faceid_demo/build/startup_max78000.o
                0x10000000                __isr_vector
 *(.text*)
 .text          0x100001e0       0x40 c:/maximsdk/tools/gnutools/bin/../lib/gcc/arm-none-eabi/9.2.1/thumb/v7e-m+fp/softfp/crtbegin.o
 .text.fail     0x10000220       0x10 c:/MaximSDK/Examples/MAX78000/CNN/faceid_demo/build/main_faceid.o
                0x10000220                fail
 .text.cnn_wait
                0x10000230       0x2c c:/MaximSDK/Examples/MAX78000/CNN/faceid_demo/build/main_faceid.o
                0x10000230                cnn_wait
 .text.memcpy32
                0x1000025c       0x1a c:/MaximSDK/Examples/MAX78000/CNN/faceid_demo/build/main_faceid.o
                0x1000025c                memcpy32
 *fill*         0x10000276        0x2 
 .text.load_kernels
                0x10000278      0x70c c:/MaximSDK/Examples/MAX78000/CNN/faceid_demo/build/main_faceid.o
                0x10000278                load_kernels
 .text.cnn_load
                0x10000984     0x101c c:/MaximSDK/Examples/MAX78000/CNN/faceid_demo/build/main_faceid.o
                0x10000984                cnn_load
 .text.cnn_check
                0x100019a0      0xc04 c:/MaximSDK/Examples/MAX78000/CNN/faceid_demo/build/main_faceid.o
                0x100019a0                cnn_check
 .text.cnn_unload
                0x100025a4      0xecc c:/MaximSDK/Examples/MAX78000/CNN/faceid_demo/build/main_faceid.o
                0x100025a4                cnn_unload
 .text.main     0x10003470      0x1fc c:/MaximSDK/Examples/MAX78000/CNN/faceid_demo/build/main_faceid.o
                0x10003470                main
 .text.uart_write
                0x1000366c       0x28 c:/MaximSDK/Examples/MAX78000/CNN/faceid_demo/build/utils_faceid.o
                0x1000366c                uart_write
 .text.uart_read
                0x10003694       0x28 c:/MaximSDK/Examples/MAX78000/CNN/faceid_demo/build/utils_faceid.o
                0x10003694                uart_read
 .text.wait_for_feedback
                0x100036bc       0x44 c:/MaximSDK/Examples/MAX78000/CNN/faceid_demo/build/utils_faceid.o
                0x100036bc                wait_for_feedback
 .text.load_input
                0x10003700       0x70 c:/MaximSDK/Examples/MAX78000/CNN/faceid_demo/build/utils_faceid.o
                0x10003700                load_input
 .text.mxc_assert
                0x10003770       0x10 c:/MaximSDK/Examples/MAX78000/CNN/faceid_demo/build/board.o
                0x10003770                mxc_assert
 .text.Console_Init
                0x10003780       0x18 c:/MaximSDK/Examples/MAX78000/CNN/faceid_demo/build/board.o
                0x10003780                Console_Init
 .text.Board_Init
                0x10003798       0x64 c:/MaximSDK/Examples/MAX78000/CNN/faceid_demo/build/board.o
                0x10003798                Board_Init
 .text.NMI_Handler
                0x100037fc        0x4 c:/MaximSDK/Examples/MAX78000/CNN/faceid_demo/build/board.o
                0x100037fc                NMI_Handler
 .text._close   0x10003800        0x6 c:/MaximSDK/Examples/MAX78000/CNN/faceid_demo/build/stdio.o
                0x10003800                _close
 .text._isatty  0x10003806        0x6 c:/MaximSDK/Examples/MAX78000/CNN/faceid_demo/build/stdio.o
                0x10003806                _isatty
 .text._lseek   0x1000380c        0x6 c:/MaximSDK/Examples/MAX78000/CNN/faceid_demo/build/stdio.o
                0x1000380c                _lseek
 .text._fstat   0x10003812        0x6 c:/MaximSDK/Examples/MAX78000/CNN/faceid_demo/build/stdio.o
                0x10003812                _fstat
 .text._read    0x10003818       0x54 c:/MaximSDK/Examples/MAX78000/CNN/faceid_demo/build/stdio.o
                0x10003818                _read
 .text._write   0x1000386c       0x54 c:/MaximSDK/Examples/MAX78000/CNN/faceid_demo/build/stdio.o
                0x1000386c                _write
 .text.LED_On   0x100038c0       0x44 c:/MaximSDK/Examples/MAX78000/CNN/faceid_demo/build/led.o
                0x100038c0                LED_On
 .text.LED_Off  0x10003904       0x44 c:/MaximSDK/Examples/MAX78000/CNN/faceid_demo/build/led.o
                0x10003904                LED_Off
 .text.LED_Init
                0x10003948       0x3c c:/MaximSDK/Examples/MAX78000/CNN/faceid_demo/build/led.o
                0x10003948                LED_Init
 .text.PB_Init  0x10003984       0x38 c:/MaximSDK/Examples/MAX78000/CNN/faceid_demo/build/pb.o
                0x10003984                PB_Init
 .text.GPIO0_IRQHandler
                0x100039bc        0xa c:/MaximSDK/Examples/MAX78000/CNN/faceid_demo/build/pb.o
                0x100039bc                GPIO0_IRQHandler
 .text.GPIO1_IRQHandler
                0x100039c6        0xa c:/MaximSDK/Examples/MAX78000/CNN/faceid_demo/build/pb.o
                0x100039c6                GPIO1_IRQHandler
 .text.GPIO2_IRQHandler
                0x100039d0        0xa c:/MaximSDK/Examples/MAX78000/CNN/faceid_demo/build/pb.o
                0x100039d0                GPIO2_IRQHandler
 *fill*         0x100039da        0x2 
 .text          0x100039dc      0x148 c:/MaximSDK/Examples/MAX78000/CNN/faceid_demo/build/startup_max78000.o
                0x100039dc                Reset_Handler
                0x10003a1a                HardFault_Handler
                0x10003a1c                MemManage_Handler
                0x10003a1e                BusFault_Handler
                0x10003a20                UsageFault_Handler
                0x10003a22                SVC_Handler
                0x10003a24                DebugMon_Handler
                0x10003a26                PendSV_Handler
                0x10003a28                SysTick_Handler
                0x10003a2a                Default_Handler
                0x10003a2c                PF_IRQHandler
                0x10003a2e                WDT0_IRQHandler
                0x10003a30                RSV02_IRQHandler
                0x10003a32                RTC_IRQHandler
                0x10003a34                TRNG_IRQHandler
                0x10003a36                TMR0_IRQHandler
                0x10003a38                TMR1_IRQHandler
                0x10003a3a                TMR2_IRQHandler
                0x10003a3c                TMR3_IRQHandler
                0x10003a3e                TMR4_IRQHandler
                0x10003a40                TMR5_IRQHandler
                0x10003a42                RSV11_IRQHandler
                0x10003a44                RSV12_IRQHandler
                0x10003a46                I2C0_IRQHandler
                0x10003a48                UART0_IRQHandler
                0x10003a4a                UART1_IRQHandler
                0x10003a4c                SPI1_IRQHandler
                0x10003a4e                RSV17_IRQHandler
                0x10003a50                RSV18_IRQHandler
                0x10003a52                RSV19_IRQHandler
                0x10003a54                ADC_IRQHandler
                0x10003a56                RSV21_IRQHandler
                0x10003a58                RSV22_IRQHandler
                0x10003a5a                FLC0_IRQHandler
                0x10003a62                RSV27_IRQHandler
                0x10003a64                DMA0_IRQHandler
                0x10003a66                DMA1_IRQHandler
                0x10003a68                DMA2_IRQHandler
                0x10003a6a                DMA3_IRQHandler
                0x10003a6c                RSV32_IRQHandler
                0x10003a6e                RSV33_IRQHandler
                0x10003a70                UART2_IRQHandler
                0x10003a72                RSV35_IRQHandler
                0x10003a74                I2C1_IRQHandler
                0x10003a76                RSV37_IRQHandler
                0x10003a78                RSV38_IRQHandler
                0x10003a7a                RSV39_IRQHandler
                0x10003a7c                RSV40_IRQHandler
                0x10003a7e                RSV41_IRQHandler
                0x10003a80                RSV42_IRQHandler
                0x10003a82                RSV43_IRQHandler
                0x10003a84                RSV44_IRQHandler
                0x10003a86                RSV45_IRQHandler
                0x10003a88                RSV46_IRQHandler
                0x10003a8a                RSV47_IRQHandler
                0x10003a8c                RSV48_IRQHandler
                0x10003a8e                RSV49_IRQHandler
                0x10003a90                RSV50_IRQHandler
                0x10003a92                RSV51_IRQHandler
                0x10003a94                RSV52_IRQHandler
                0x10003a96                WUT_IRQHandler
                0x10003a98                GPIOWAKE_IRQHandler
                0x10003a9a                RSV55_IRQHandler
                0x10003a9c                SPI0_IRQHandler
                0x10003a9e                WDT1_IRQHandler
                0x10003aa0                RSV58_IRQHandler
                0x10003aa2                PT_IRQHandler
                0x10003aa4                RSV60_IRQHandler
                0x10003aa6                RSV61_IRQHandler
                0x10003aa8                I2C2_IRQHandler
                0x10003aaa                RISCV_IRQHandler
                0x10003aac                RSV64_IRQHandler
                0x10003aae                RSV65_IRQHandler
                0x10003ab0                RSV66_IRQHandler
                0x10003ab2                OWM_IRQHandler
                0x10003ab4                RSV68_IRQHandler
                0x10003ab6                RSV69_IRQHandler
                0x10003ab8                RSV70_IRQHandler
                0x10003aba                RSV71_IRQHandler
                0x10003abc                RSV72_IRQHandler
                0x10003abe                RSV73_IRQHandler
                0x10003ac0                RSV74_IRQHandler
                0x10003ac2                RSV75_IRQHandler
                0x10003ac4                RSV76_IRQHandler
                0x10003ac6                RSV77_IRQHandler
                0x10003ac8                RSV78_IRQHandler
                0x10003aca                RSV79_IRQHandler
                0x10003acc                RSV80_IRQHandler
                0x10003ace                RSV81_IRQHandler
                0x10003ad0                ECC_IRQHandler
                0x10003ad2                DVS_IRQHandler
                0x10003ad4                SIMO_IRQHandler
                0x10003ad6                RSV85_IRQHandler
                0x10003ad8                RSV86_IRQHandler
                0x10003ada                RSV87_IRQHandler
                0x10003adc                UART3_IRQHandler
                0x10003ade                RSV89_IRQHandler
                0x10003ae0                RSV90_IRQHandler
                0x10003ae2                PCIF_IRQHandler
                0x10003ae4                RSV92_IRQHandler
                0x10003ae6                RSV93_IRQHandler
                0x10003ae8                RSV94_IRQHandler
                0x10003aea                RSV95_IRQHandler
                0x10003aec                RSV96_IRQHandler
                0x10003aee                AES_IRQHandler
                0x10003af0                RSV98_IRQHandler
                0x10003af2                I2S_IRQHandler
                0x10003af4                CNN_FIFO_IRQHandler
                0x10003af6                CNN_IRQHandler
                0x10003af8                RSV102_IRQHandler
                0x10003afa                LPCMP_IRQHandler
 .text._sbrk    0x10003b24       0x40 c:/MaximSDK/Examples/MAX78000/CNN/faceid_demo/build/heap.o
                0x10003b24                _sbrk
 .text.SystemCoreClockUpdate
                0x10003b64       0x78 c:/MaximSDK/Examples/MAX78000/CNN/faceid_demo/build/system_max78000.o
                0x10003b64                SystemCoreClockUpdate
 .text.PreInit  0x10003bdc        0x4 c:/MaximSDK/Examples/MAX78000/CNN/faceid_demo/build/system_max78000.o
                0x10003bdc                PreInit
 .text.SystemInit
                0x10003be0       0x38 c:/MaximSDK/Examples/MAX78000/CNN/faceid_demo/build/system_max78000.o
                0x10003be0                SystemInit
 .text.MXC_DelayInit
                0x10003c18       0x80 c:/MaximSDK/Libraries/PeriphDrivers/bin/MAX78000/softfp/libPeriphDriver_softfp.a(mxc_delay.o)
 .text.MXC_DelayAsync
                0x10003c98       0x3c c:/MaximSDK/Libraries/PeriphDrivers/bin/MAX78000/softfp/libPeriphDriver_softfp.a(mxc_delay.o)
                0x10003c98                MXC_DelayAsync
 .text.MXC_DelayCheck
                0x10003cd4       0x74 c:/MaximSDK/Libraries/PeriphDrivers/bin/MAX78000/softfp/libPeriphDriver_softfp.a(mxc_delay.o)
                0x10003cd4                MXC_DelayCheck
 .text.MXC_DelayAbort
                0x10003d48       0x34 c:/MaximSDK/Libraries/PeriphDrivers/bin/MAX78000/softfp/libPeriphDriver_softfp.a(mxc_delay.o)
                0x10003d48                MXC_DelayAbort
 .text.MXC_SYS_ClockDisable
                0x10003d7c       0x44 c:/MaximSDK/Libraries/PeriphDrivers/bin/MAX78000/softfp/libPeriphDriver_softfp.a(sys_ai85.o)
                0x10003d7c                MXC_SYS_ClockDisable
 .text.MXC_SYS_ClockEnable
                0x10003dc0       0x4c c:/MaximSDK/Libraries/PeriphDrivers/bin/MAX78000/softfp/libPeriphDriver_softfp.a(sys_ai85.o)
                0x10003dc0                MXC_SYS_ClockEnable
 .text.MXC_SYS_Clock_Timeout
                0x10003e0c       0x30 c:/MaximSDK/Libraries/PeriphDrivers/bin/MAX78000/softfp/libPeriphDriver_softfp.a(sys_ai85.o)
                0x10003e0c                MXC_SYS_Clock_Timeout
 .text.MXC_SYS_ClockSourceEnable
                0x10003e3c       0x74 c:/MaximSDK/Libraries/PeriphDrivers/bin/MAX78000/softfp/libPeriphDriver_softfp.a(sys_ai85.o)
                0x10003e3c                MXC_SYS_ClockSourceEnable
 .text.MXC_SYS_Clock_Select
                0x10003eb0       0xf4 c:/MaximSDK/Libraries/PeriphDrivers/bin/MAX78000/softfp/libPeriphDriver_softfp.a(sys_ai85.o)
                0x10003eb0                MXC_SYS_Clock_Select
 .text.MXC_SYS_Reset_Periph
                0x10003fa4       0x3c c:/MaximSDK/Libraries/PeriphDrivers/bin/MAX78000/softfp/libPeriphDriver_softfp.a(sys_ai85.o)
                0x10003fa4                MXC_SYS_Reset_Periph
 .text.MXC_GPIO_Init
                0x10003fe0       0x38 c:/MaximSDK/Libraries/PeriphDrivers/bin/MAX78000/softfp/libPeriphDriver_softfp.a(gpio_ai85.o)
                0x10003fe0                MXC_GPIO_Init
 .text.MXC_GPIO_Config
                0x10004018      0x190 c:/MaximSDK/Libraries/PeriphDrivers/bin/MAX78000/softfp/libPeriphDriver_softfp.a(gpio_ai85.o)
                0x10004018                MXC_GPIO_Config
 .text.MXC_GPIO_OutSet
                0x100041a8       0x34 c:/MaximSDK/Libraries/PeriphDrivers/bin/MAX78000/softfp/libPeriphDriver_softfp.a(gpio_ai85.o)
                0x100041a8                MXC_GPIO_OutSet
 .text.MXC_GPIO_OutClr
                0x100041dc       0x34 c:/MaximSDK/Libraries/PeriphDrivers/bin/MAX78000/softfp/libPeriphDriver_softfp.a(gpio_ai85.o)
                0x100041dc                MXC_GPIO_OutClr
 .text.MXC_GPIO_Handler
                0x10004210        0x4 c:/MaximSDK/Libraries/PeriphDrivers/bin/MAX78000/softfp/libPeriphDriver_softfp.a(gpio_ai85.o)
                0x10004210                MXC_GPIO_Handler
 .text.MXC_GPIO_ClearFlags
                0x10004214        0x4 c:/MaximSDK/Libraries/PeriphDrivers/bin/MAX78000/softfp/libPeriphDriver_softfp.a(gpio_ai85.o)
                0x10004214                MXC_GPIO_ClearFlags
 .text.MXC_GPIO_GetFlags
                0x10004218        0x4 c:/MaximSDK/Libraries/PeriphDrivers/bin/MAX78000/softfp/libPeriphDriver_softfp.a(gpio_ai85.o)
                0x10004218                MXC_GPIO_GetFlags
 .text.MXC_GPIO_RevA_OutSet
                0x1000421c        0x4 c:/MaximSDK/Libraries/PeriphDrivers/bin/MAX78000/softfp/libPeriphDriver_softfp.a(gpio_reva.o)
                0x1000421c                MXC_GPIO_RevA_OutSet
 .text.MXC_GPIO_RevA_OutClr
                0x10004220        0x4 c:/MaximSDK/Libraries/PeriphDrivers/bin/MAX78000/softfp/libPeriphDriver_softfp.a(gpio_reva.o)
                0x10004220                MXC_GPIO_RevA_OutClr
 .text.MXC_GPIO_RevA_ClearFlags
                0x10004224        0x4 c:/MaximSDK/Libraries/PeriphDrivers/bin/MAX78000/softfp/libPeriphDriver_softfp.a(gpio_reva.o)
                0x10004224                MXC_GPIO_RevA_ClearFlags
 .text.MXC_GPIO_RevA_GetFlags
                0x10004228        0x4 c:/MaximSDK/Libraries/PeriphDrivers/bin/MAX78000/softfp/libPeriphDriver_softfp.a(gpio_reva.o)
                0x10004228                MXC_GPIO_RevA_GetFlags
 .text.MXC_GPIO_RevA_SetVSSEL
                0x1000422c       0x30 c:/MaximSDK/Libraries/PeriphDrivers/bin/MAX78000/softfp/libPeriphDriver_softfp.a(gpio_reva.o)
                0x1000422c                MXC_GPIO_RevA_SetVSSEL
 .text.MXC_GPIO_RevA_SetAF
                0x1000425c       0x58 c:/MaximSDK/Libraries/PeriphDrivers/bin/MAX78000/softfp/libPeriphDriver_softfp.a(gpio_reva.o)
                0x1000425c                MXC_GPIO_RevA_SetAF
 .text.MXC_ICC_Enable
                0x100042b4        0x4 c:/MaximSDK/Libraries/PeriphDrivers/bin/MAX78000/softfp/libPeriphDriver_softfp.a(icc_me17.o)
                0x100042b4                MXC_ICC_Enable
 .text.MXC_ICC_RevA_Enable
                0x100042b8       0x30 c:/MaximSDK/Libraries/PeriphDrivers/bin/MAX78000/softfp/libPeriphDriver_softfp.a(icc_reva.o)
                0x100042b8                MXC_ICC_RevA_Enable
 .text.MXC_TMR_Init
                0x100042e8      0x344 c:/MaximSDK/Libraries/PeriphDrivers/bin/MAX78000/softfp/libPeriphDriver_softfp.a(tmr_ai85.o)
                0x100042e8                MXC_TMR_Init
 .text.MXC_TMR_Start
                0x1000462c        0x4 c:/MaximSDK/Libraries/PeriphDrivers/bin/MAX78000/softfp/libPeriphDriver_softfp.a(tmr_ai85.o)
                0x1000462c                MXC_TMR_Start
 .text.MXC_TMR_Stop
                0x10004630        0x4 c:/MaximSDK/Libraries/PeriphDrivers/bin/MAX78000/softfp/libPeriphDriver_softfp.a(tmr_ai85.o)
                0x10004630                MXC_TMR_Stop
 .text.MXC_TMR_ClearFlags
                0x10004634        0x4 c:/MaximSDK/Libraries/PeriphDrivers/bin/MAX78000/softfp/libPeriphDriver_softfp.a(tmr_ai85.o)
                0x10004634                MXC_TMR_ClearFlags
 .text.MXC_TMR_GetFlags
                0x10004638        0x4 c:/MaximSDK/Libraries/PeriphDrivers/bin/MAX78000/softfp/libPeriphDriver_softfp.a(tmr_ai85.o)
                0x10004638                MXC_TMR_GetFlags
 .text.MXC_TMR_SetCount
                0x1000463c        0x4 c:/MaximSDK/Libraries/PeriphDrivers/bin/MAX78000/softfp/libPeriphDriver_softfp.a(tmr_ai85.o)
                0x1000463c                MXC_TMR_SetCount
 .text.MXC_TMR_Delay
                0x10004640        0x4 c:/MaximSDK/Libraries/PeriphDrivers/bin/MAX78000/softfp/libPeriphDriver_softfp.a(tmr_ai85.o)
                0x10004640                MXC_TMR_Delay
 .text.MXC_TMR_TO_Start
                0x10004644        0x4 c:/MaximSDK/Libraries/PeriphDrivers/bin/MAX78000/softfp/libPeriphDriver_softfp.a(tmr_ai85.o)
                0x10004644                MXC_TMR_TO_Start
 .text.MXC_TMR_TO_Check
                0x10004648        0x4 c:/MaximSDK/Libraries/PeriphDrivers/bin/MAX78000/softfp/libPeriphDriver_softfp.a(tmr_ai85.o)
                0x10004648                MXC_TMR_TO_Check
 .text.MXC_TMR_TO_Stop
                0x1000464c        0x4 c:/MaximSDK/Libraries/PeriphDrivers/bin/MAX78000/softfp/libPeriphDriver_softfp.a(tmr_ai85.o)
                0x1000464c                MXC_TMR_TO_Stop
 .text.MXC_TMR_TO_Elapsed
                0x10004650        0x4 c:/MaximSDK/Libraries/PeriphDrivers/bin/MAX78000/softfp/libPeriphDriver_softfp.a(tmr_ai85.o)
                0x10004650                MXC_TMR_TO_Elapsed
 .text.MXC_TMR_SW_Stop
                0x10004654        0x4 c:/MaximSDK/Libraries/PeriphDrivers/bin/MAX78000/softfp/libPeriphDriver_softfp.a(tmr_ai85.o)
                0x10004654                MXC_TMR_SW_Stop
 .text.MXC_TMR_GetTime
                0x10004658        0x4 c:/MaximSDK/Libraries/PeriphDrivers/bin/MAX78000/softfp/libPeriphDriver_softfp.a(tmr_ai85.o)
                0x10004658                MXC_TMR_GetTime
 .text.MXC_TMR_RevB_ConfigGeneric
                0x1000465c       0xe4 c:/MaximSDK/Libraries/PeriphDrivers/bin/MAX78000/softfp/libPeriphDriver_softfp.a(tmr_revb.o)
                0x1000465c                MXC_TMR_RevB_ConfigGeneric
 .text.MXC_TMR_RevB_Init
                0x10004740       0xc4 c:/MaximSDK/Libraries/PeriphDrivers/bin/MAX78000/softfp/libPeriphDriver_softfp.a(tmr_revb.o)
                0x10004740                MXC_TMR_RevB_Init
 .text.MXC_TMR_RevB_Start
                0x10004804       0x5c c:/MaximSDK/Libraries/PeriphDrivers/bin/MAX78000/softfp/libPeriphDriver_softfp.a(tmr_revb.o)
                0x10004804                MXC_TMR_RevB_Start
 .text.MXC_TMR_RevB_Stop
                0x10004860       0x58 c:/MaximSDK/Libraries/PeriphDrivers/bin/MAX78000/softfp/libPeriphDriver_softfp.a(tmr_revb.o)
                0x10004860                MXC_TMR_RevB_Stop
 .text.MXC_TMR_RevB_ClearFlags
                0x100048b8       0x58 c:/MaximSDK/Libraries/PeriphDrivers/bin/MAX78000/softfp/libPeriphDriver_softfp.a(tmr_revb.o)
                0x100048b8                MXC_TMR_RevB_ClearFlags
 .text.MXC_TMR_RevB_GetFlags
                0x10004910       0x58 c:/MaximSDK/Libraries/PeriphDrivers/bin/MAX78000/softfp/libPeriphDriver_softfp.a(tmr_revb.o)
                0x10004910                MXC_TMR_RevB_GetFlags
 .text.MXC_TMR_RevB_SetCount
                0x10004968       0x5c c:/MaximSDK/Libraries/PeriphDrivers/bin/MAX78000/softfp/libPeriphDriver_softfp.a(tmr_revb.o)
                0x10004968                MXC_TMR_RevB_SetCount
 .text.MXC_TMR_RevB_TO_Start
                0x100049c4       0xf8 c:/MaximSDK/Libraries/PeriphDrivers/bin/MAX78000/softfp/libPeriphDriver_softfp.a(tmr_revb.o)
                0x100049c4                MXC_TMR_RevB_TO_Start
 .text.MXC_TMR_RevB_GetTime
                0x10004abc      0x15c c:/MaximSDK/Libraries/PeriphDrivers/bin/MAX78000/softfp/libPeriphDriver_softfp.a(tmr_revb.o)
                0x10004abc                MXC_TMR_RevB_GetTime
 .text.MXC_UART_GetFrequency.part.0
                0x10004c18       0x64 c:/MaximSDK/Libraries/PeriphDrivers/bin/MAX78000/softfp/libPeriphDriver_softfp.a(uart_ai85.o)
 .text.MXC_UART_Shutdown
                0x10004c7c       0x70 c:/MaximSDK/Libraries/PeriphDrivers/bin/MAX78000/softfp/libPeriphDriver_softfp.a(uart_ai85.o)
                0x10004c7c                MXC_UART_Shutdown
 .text.MXC_UART_Init
                0x10004cec       0xb8 c:/MaximSDK/Libraries/PeriphDrivers/bin/MAX78000/softfp/libPeriphDriver_softfp.a(uart_ai85.o)
                0x10004cec                MXC_UART_Init
 .text.MXC_UART_SetFrequency
                0x10004da4       0xc4 c:/MaximSDK/Libraries/PeriphDrivers/bin/MAX78000/softfp/libPeriphDriver_softfp.a(uart_ai85.o)
                0x10004da4                MXC_UART_SetFrequency
 .text.MXC_UART_GetFrequency
                0x10004e68       0x30 c:/MaximSDK/Libraries/PeriphDrivers/bin/MAX78000/softfp/libPeriphDriver_softfp.a(uart_ai85.o)
                0x10004e68                MXC_UART_GetFrequency
 .text.MXC_UART_SetDataSize
                0x10004e98        0x4 c:/MaximSDK/Libraries/PeriphDrivers/bin/MAX78000/softfp/libPeriphDriver_softfp.a(uart_ai85.o)
                0x10004e98                MXC_UART_SetDataSize
 .text.MXC_UART_SetStopBits
                0x10004e9c        0x4 c:/MaximSDK/Libraries/PeriphDrivers/bin/MAX78000/softfp/libPeriphDriver_softfp.a(uart_ai85.o)
                0x10004e9c                MXC_UART_SetStopBits
 .text.MXC_UART_SetParity
                0x10004ea0        0x4 c:/MaximSDK/Libraries/PeriphDrivers/bin/MAX78000/softfp/libPeriphDriver_softfp.a(uart_ai85.o)
                0x10004ea0                MXC_UART_SetParity
 .text.MXC_UART_ReadCharacterRaw
                0x10004ea4        0x4 c:/MaximSDK/Libraries/PeriphDrivers/bin/MAX78000/softfp/libPeriphDriver_softfp.a(uart_ai85.o)
                0x10004ea4                MXC_UART_ReadCharacterRaw
 .text.MXC_UART_WriteCharacterRaw
                0x10004ea8        0x4 c:/MaximSDK/Libraries/PeriphDrivers/bin/MAX78000/softfp/libPeriphDriver_softfp.a(uart_ai85.o)
                0x10004ea8                MXC_UART_WriteCharacterRaw
 .text.MXC_UART_ReadCharacter
                0x10004eac        0x4 c:/MaximSDK/Libraries/PeriphDrivers/bin/MAX78000/softfp/libPeriphDriver_softfp.a(uart_ai85.o)
                0x10004eac                MXC_UART_ReadCharacter
 .text.MXC_UART_WriteCharacter
                0x10004eb0        0x4 c:/MaximSDK/Libraries/PeriphDrivers/bin/MAX78000/softfp/libPeriphDriver_softfp.a(uart_ai85.o)
                0x10004eb0                MXC_UART_WriteCharacter
 .text.MXC_UART_ReadRXFIFO
                0x10004eb4        0x4 c:/MaximSDK/Libraries/PeriphDrivers/bin/MAX78000/softfp/libPeriphDriver_softfp.a(uart_ai85.o)
                0x10004eb4                MXC_UART_ReadRXFIFO
 .text.MXC_UART_GetRXFIFOAvailable
                0x10004eb8        0x4 c:/MaximSDK/Libraries/PeriphDrivers/bin/MAX78000/softfp/libPeriphDriver_softfp.a(uart_ai85.o)
                0x10004eb8                MXC_UART_GetRXFIFOAvailable
 .text.MXC_UART_WriteTXFIFO
                0x10004ebc        0x4 c:/MaximSDK/Libraries/PeriphDrivers/bin/MAX78000/softfp/libPeriphDriver_softfp.a(uart_ai85.o)
                0x10004ebc                MXC_UART_WriteTXFIFO
 .text.MXC_UART_GetTXFIFOAvailable
                0x10004ec0        0x4 c:/MaximSDK/Libraries/PeriphDrivers/bin/MAX78000/softfp/libPeriphDriver_softfp.a(uart_ai85.o)
                0x10004ec0                MXC_UART_GetTXFIFOAvailable
 .text.MXC_UART_SetRXThreshold
                0x10004ec4        0x4 c:/MaximSDK/Libraries/PeriphDrivers/bin/MAX78000/softfp/libPeriphDriver_softfp.a(uart_ai85.o)
                0x10004ec4                MXC_UART_SetRXThreshold
 .text.MXC_UART_Common_ReadCharacter
                0x10004ec8       0x18 c:/MaximSDK/Libraries/PeriphDrivers/bin/MAX78000/softfp/libPeriphDriver_softfp.a(uart_common.o)
                0x10004ec8                MXC_UART_Common_ReadCharacter
 .text.MXC_UART_Common_WriteCharacter
                0x10004ee0       0x1c c:/MaximSDK/Libraries/PeriphDrivers/bin/MAX78000/softfp/libPeriphDriver_softfp.a(uart_common.o)
                0x10004ee0                MXC_UART_Common_WriteCharacter
 .text.MXC_UART_RevB_Init
                0x10004efc       0x70 c:/MaximSDK/Libraries/PeriphDrivers/bin/MAX78000/softfp/libPeriphDriver_softfp.a(uart_revb.o)
                0x10004efc                MXC_UART_RevB_Init
 .text.MXC_UART_RevB_SetFrequency
                0x10004f6c       0x9c c:/MaximSDK/Libraries/PeriphDrivers/bin/MAX78000/softfp/libPeriphDriver_softfp.a(uart_revb.o)
                0x10004f6c                MXC_UART_RevB_SetFrequency
 .text.MXC_UART_RevB_GetFrequency
                0x10005008       0x74 c:/MaximSDK/Libraries/PeriphDrivers/bin/MAX78000/softfp/libPeriphDriver_softfp.a(uart_revb.o)
                0x10005008                MXC_UART_RevB_GetFrequency
 .text.MXC_UART_RevB_SetDataSize
                0x1000507c       0x40 c:/MaximSDK/Libraries/PeriphDrivers/bin/MAX78000/softfp/libPeriphDriver_softfp.a(uart_revb.o)
                0x1000507c                MXC_UART_RevB_SetDataSize
 .text.MXC_UART_RevB_SetStopBits
                0x100050bc       0x4c c:/MaximSDK/Libraries/PeriphDrivers/bin/MAX78000/softfp/libPeriphDriver_softfp.a(uart_revb.o)
                0x100050bc                MXC_UART_RevB_SetStopBits
 .text.MXC_UART_RevB_SetParity
                0x10005108       0x9c c:/MaximSDK/Libraries/PeriphDrivers/bin/MAX78000/softfp/libPeriphDriver_softfp.a(uart_revb.o)
                0x10005108                MXC_UART_RevB_SetParity
 .text.MXC_UART_RevB_ReadCharacterRaw
                0x100051a4       0x38 c:/MaximSDK/Libraries/PeriphDrivers/bin/MAX78000/softfp/libPeriphDriver_softfp.a(uart_revb.o)
                0x100051a4                MXC_UART_RevB_ReadCharacterRaw
 .text.MXC_UART_RevB_WriteCharacterRaw
                0x100051dc       0x3c c:/MaximSDK/Libraries/PeriphDrivers/bin/MAX78000/softfp/libPeriphDriver_softfp.a(uart_revb.o)
                0x100051dc                MXC_UART_RevB_WriteCharacterRaw
 .text.MXC_UART_RevB_ReadRXFIFO
                0x10005218       0x28 c:/MaximSDK/Libraries/PeriphDrivers/bin/MAX78000/softfp/libPeriphDriver_softfp.a(uart_revb.o)
                0x10005218                MXC_UART_RevB_ReadRXFIFO
 .text.MXC_UART_RevB_GetRXFIFOAvailable
                0x10005240        0x8 c:/MaximSDK/Libraries/PeriphDrivers/bin/MAX78000/softfp/libPeriphDriver_softfp.a(uart_revb.o)
                0x10005240                MXC_UART_RevB_GetRXFIFOAvailable
 .text.MXC_UART_RevB_WriteTXFIFO
                0x10005248       0x28 c:/MaximSDK/Libraries/PeriphDrivers/bin/MAX78000/softfp/libPeriphDriver_softfp.a(uart_revb.o)
                0x10005248                MXC_UART_RevB_WriteTXFIFO
 .text.MXC_UART_RevB_GetTXFIFOAvailable
                0x10005270        0xc c:/MaximSDK/Libraries/PeriphDrivers/bin/MAX78000/softfp/libPeriphDriver_softfp.a(uart_revb.o)
                0x10005270                MXC_UART_RevB_GetTXFIFOAvailable
 .text.MXC_UART_RevB_SetRXThreshold
                0x1000527c       0x3c c:/MaximSDK/Libraries/PeriphDrivers/bin/MAX78000/softfp/libPeriphDriver_softfp.a(uart_revb.o)
                0x1000527c                MXC_UART_RevB_SetRXThreshold
 .text.MXC_GPIO_Common_Init
                0x100052b8       0x3c c:/MaximSDK/Libraries/PeriphDrivers/bin/MAX78000/softfp/libPeriphDriver_softfp.a(gpio_common.o)
                0x100052b8                MXC_GPIO_Common_Init
 .text.MXC_GPIO_Common_Handler
                0x100052f4       0x88 c:/MaximSDK/Libraries/PeriphDrivers/bin/MAX78000/softfp/libPeriphDriver_softfp.a(gpio_common.o)
                0x100052f4                MXC_GPIO_Common_Handler
 .text.MXC_TMR_Common_Delay
                0x1000537c       0x18 c:/MaximSDK/Libraries/PeriphDrivers/bin/MAX78000/softfp/libPeriphDriver_softfp.a(tmr_common.o)
                0x1000537c                MXC_TMR_Common_Delay
 .text.MXC_TMR_Common_TO_Check
                0x10005394       0x14 c:/MaximSDK/Libraries/PeriphDrivers/bin/MAX78000/softfp/libPeriphDriver_softfp.a(tmr_common.o)
                0x10005394                MXC_TMR_Common_TO_Check
 .text.MXC_TMR_Common_TO_Stop
                0x100053a8       0x14 c:/MaximSDK/Libraries/PeriphDrivers/bin/MAX78000/softfp/libPeriphDriver_softfp.a(tmr_common.o)
                0x100053a8                MXC_TMR_Common_TO_Stop
 .text.MXC_TMR_Common_SW_Stop
                0x100053bc       0x14 c:/MaximSDK/Libraries/PeriphDrivers/bin/MAX78000/softfp/libPeriphDriver_softfp.a(tmr_common.o)
                0x100053bc                MXC_TMR_Common_SW_Stop
 .text.MXC_TMR_Common_TO_Elapsed
                0x100053d0       0x58 c:/MaximSDK/Libraries/PeriphDrivers/bin/MAX78000/softfp/libPeriphDriver_softfp.a(tmr_common.o)
                0x100053d0                MXC_TMR_Common_TO_Elapsed
 .text.__errno  0x10005428        0xc c:/maximsdk/tools/gnutools/bin/../lib/gcc/arm-none-eabi/9.2.1/../../../../arm-none-eabi/lib/thumb/v7e-m+fp/softfp\libc.a(lib_a-errno.o)
                0x10005428                __errno
 .text.__libc_init_array
                0x10005434       0x48 c:/maximsdk/tools/gnutools/bin/../lib/gcc/arm-none-eabi/9.2.1/../../../../arm-none-eabi/lib/thumb/v7e-m+fp/softfp\libc.a(lib_a-init.o)
                0x10005434                __libc_init_array
 .text._malloc_r
                0x1000547c      0x574 c:/maximsdk/tools/gnutools/bin/../lib/gcc/arm-none-eabi/9.2.1/../../../../arm-none-eabi/lib/thumb/v7e-m+fp/softfp\libc.a(lib_a-mallocr.o)
                0x1000547c                _malloc_r
 .text          0x100059f0      0x134 c:/maximsdk/tools/gnutools/bin/../lib/gcc/arm-none-eabi/9.2.1/../../../../arm-none-eabi/lib/thumb/v7e-m+fp/softfp\libc.a(lib_a-memcpy.o)
                0x100059f0                memcpy
 .text.memset   0x10005b24       0xa0 c:/maximsdk/tools/gnutools/bin/../lib/gcc/arm-none-eabi/9.2.1/../../../../arm-none-eabi/lib/thumb/v7e-m+fp/softfp\libc.a(lib_a-memset.o)
                0x10005b24                memset
 .text.__malloc_lock
                0x10005bc4        0xc c:/maximsdk/tools/gnutools/bin/../lib/gcc/arm-none-eabi/9.2.1/../../../../arm-none-eabi/lib/thumb/v7e-m+fp/softfp\libc.a(lib_a-mlock.o)
                0x10005bc4                __malloc_lock
 .text.__malloc_unlock
                0x10005bd0        0xc c:/maximsdk/tools/gnutools/bin/../lib/gcc/arm-none-eabi/9.2.1/../../../../arm-none-eabi/lib/thumb/v7e-m+fp/softfp\libc.a(lib_a-mlock.o)
                0x10005bd0                __malloc_unlock
 .text.printf   0x10005bdc       0x28 c:/maximsdk/tools/gnutools/bin/../lib/gcc/arm-none-eabi/9.2.1/../../../../arm-none-eabi/lib/thumb/v7e-m+fp/softfp\libc.a(lib_a-printf.o)
                0x10005bdc                printf
 .text._puts_r  0x10005c04       0x9c c:/maximsdk/tools/gnutools/bin/../lib/gcc/arm-none-eabi/9.2.1/../../../../arm-none-eabi/lib/thumb/v7e-m+fp/softfp\libc.a(lib_a-puts.o)
                0x10005c04                _puts_r
 .text.puts     0x10005ca0       0x10 c:/maximsdk/tools/gnutools/bin/../lib/gcc/arm-none-eabi/9.2.1/../../../../arm-none-eabi/lib/thumb/v7e-m+fp/softfp\libc.a(lib_a-puts.o)
                0x10005ca0                puts
 .text._sbrk_r  0x10005cb0       0x24 c:/maximsdk/tools/gnutools/bin/../lib/gcc/arm-none-eabi/9.2.1/../../../../arm-none-eabi/lib/thumb/v7e-m+fp/softfp\libc.a(lib_a-sbrkr.o)
                0x10005cb0                _sbrk_r
 *fill*         0x10005cd4       0x2c 
 .text          0x10005d00       0xdc c:/maximsdk/tools/gnutools/bin/../lib/gcc/arm-none-eabi/9.2.1/../../../../arm-none-eabi/lib/thumb/v7e-m+fp/softfp\libc.a(lib_a-strlen.o)
                0x10005d00                strlen
 *fill*         0x10005ddc        0x4 
 .text._vfprintf_r
                0x10005de0     0x1bdc c:/maximsdk/tools/gnutools/bin/../lib/gcc/arm-none-eabi/9.2.1/../../../../arm-none-eabi/lib/thumb/v7e-m+fp/softfp\libc.a(lib_a-vfprintf.o)
                0x10005de0                _vfprintf_r
 .text.__sbprintf
                0x100079bc       0x84 c:/maximsdk/tools/gnutools/bin/../lib/gcc/arm-none-eabi/9.2.1/../../../../arm-none-eabi/lib/thumb/v7e-m+fp/softfp\libc.a(lib_a-vfprintf.o)
 .text.__swsetup_r
                0x10007a40       0xd0 c:/maximsdk/tools/gnutools/bin/../lib/gcc/arm-none-eabi/9.2.1/../../../../arm-none-eabi/lib/thumb/v7e-m+fp/softfp\libc.a(lib_a-wsetup.o)
                0x10007a40                __swsetup_r
 .text.startup.register_fini
                0x10007b10       0x14 c:/maximsdk/tools/gnutools/bin/../lib/gcc/arm-none-eabi/9.2.1/../../../../arm-none-eabi/lib/thumb/v7e-m+fp/softfp\libc.a(lib_a-__call_atexit.o)
 .text.atexit   0x10007b24        0xc c:/maximsdk/tools/gnutools/bin/../lib/gcc/arm-none-eabi/9.2.1/../../../../arm-none-eabi/lib/thumb/v7e-m+fp/softfp\libc.a(lib_a-atexit.o)
                0x10007b24                atexit
 .text.quorem   0x10007b30      0x11c c:/maximsdk/tools/gnutools/bin/../lib/gcc/arm-none-eabi/9.2.1/../../../../arm-none-eabi/lib/thumb/v7e-m+fp/softfp\libc.a(lib_a-dtoa.o)
 *fill*         0x10007c4c        0x4 
 .text._dtoa_r  0x10007c50      0xeec c:/maximsdk/tools/gnutools/bin/../lib/gcc/arm-none-eabi/9.2.1/../../../../arm-none-eabi/lib/thumb/v7e-m+fp/softfp\libc.a(lib_a-dtoa.o)
                0x10007c50                _dtoa_r
 .text.__sflush_r
                0x10008b3c      0x130 c:/maximsdk/tools/gnutools/bin/../lib/gcc/arm-none-eabi/9.2.1/../../../../arm-none-eabi/lib/thumb/v7e-m+fp/softfp\libc.a(lib_a-fflush.o)
                0x10008b3c                __sflush_r
 .text._fflush_r
                0x10008c6c       0x5c c:/maximsdk/tools/gnutools/bin/../lib/gcc/arm-none-eabi/9.2.1/../../../../arm-none-eabi/lib/thumb/v7e-m+fp/softfp\libc.a(lib_a-fflush.o)
                0x10008c6c                _fflush_r
 .text.std      0x10008cc8       0x50 c:/maximsdk/tools/gnutools/bin/../lib/gcc/arm-none-eabi/9.2.1/../../../../arm-none-eabi/lib/thumb/v7e-m+fp/softfp\libc.a(lib_a-findfp.o)
 .text._cleanup_r
                0x10008d18        0xc c:/maximsdk/tools/gnutools/bin/../lib/gcc/arm-none-eabi/9.2.1/../../../../arm-none-eabi/lib/thumb/v7e-m+fp/softfp\libc.a(lib_a-findfp.o)
                0x10008d18                _cleanup_r
 .text.__sinit  0x10008d24       0x54 c:/maximsdk/tools/gnutools/bin/../lib/gcc/arm-none-eabi/9.2.1/../../../../arm-none-eabi/lib/thumb/v7e-m+fp/softfp\libc.a(lib_a-findfp.o)
                0x10008d24                __sinit
 .text.__sfp_lock_acquire
                0x10008d78        0xc c:/maximsdk/tools/gnutools/bin/../lib/gcc/arm-none-eabi/9.2.1/../../../../arm-none-eabi/lib/thumb/v7e-m+fp/softfp\libc.a(lib_a-findfp.o)
                0x10008d78                __sfp_lock_acquire
 .text.__sfp_lock_release
                0x10008d84        0xc c:/maximsdk/tools/gnutools/bin/../lib/gcc/arm-none-eabi/9.2.1/../../../../arm-none-eabi/lib/thumb/v7e-m+fp/softfp\libc.a(lib_a-findfp.o)
                0x10008d84                __sfp_lock_release
 .text.__libc_fini_array
                0x10008d90       0x2c c:/maximsdk/tools/gnutools/bin/../lib/gcc/arm-none-eabi/9.2.1/../../../../arm-none-eabi/lib/thumb/v7e-m+fp/softfp\libc.a(lib_a-fini.o)
                0x10008d90                __libc_fini_array
 .text._malloc_trim_r
                0x10008dbc       0xa0 c:/maximsdk/tools/gnutools/bin/../lib/gcc/arm-none-eabi/9.2.1/../../../../arm-none-eabi/lib/thumb/v7e-m+fp/softfp\libc.a(lib_a-freer.o)
                0x10008dbc                _malloc_trim_r
 .text._free_r  0x10008e5c      0x208 c:/maximsdk/tools/gnutools/bin/../lib/gcc/arm-none-eabi/9.2.1/../../../../arm-none-eabi/lib/thumb/v7e-m+fp/softfp\libc.a(lib_a-freer.o)
                0x10008e5c                _free_r
 .text.__sfvwrite_r
                0x10009064      0x2e0 c:/maximsdk/tools/gnutools/bin/../lib/gcc/arm-none-eabi/9.2.1/../../../../arm-none-eabi/lib/thumb/v7e-m+fp/softfp\libc.a(lib_a-fvwrite.o)
                0x10009064                __sfvwrite_r
 .text._fwalk_reent
                0x10009344       0x48 c:/maximsdk/tools/gnutools/bin/../lib/gcc/arm-none-eabi/9.2.1/../../../../arm-none-eabi/lib/thumb/v7e-m+fp/softfp\libc.a(lib_a-fwalk.o)
                0x10009344                _fwalk_reent
 .text._localeconv_r
                0x1000938c        0x8 c:/maximsdk/tools/gnutools/bin/../lib/gcc/arm-none-eabi/9.2.1/../../../../arm-none-eabi/lib/thumb/v7e-m+fp/softfp\libc.a(lib_a-localeconv.o)
                0x1000938c                _localeconv_r
 .text.__retarget_lock_init_recursive
                0x10009394        0x4 c:/maximsdk/tools/gnutools/bin/../lib/gcc/arm-none-eabi/9.2.1/../../../../arm-none-eabi/lib/thumb/v7e-m+fp/softfp\libc.a(lib_a-lock.o)
                0x10009394                __retarget_lock_init_recursive
 .text.__retarget_lock_close_recursive
                0x10009398        0x4 c:/maximsdk/tools/gnutools/bin/../lib/gcc/arm-none-eabi/9.2.1/../../../../arm-none-eabi/lib/thumb/v7e-m+fp/softfp\libc.a(lib_a-lock.o)
                0x10009398                __retarget_lock_close_recursive
 .text.__retarget_lock_acquire_recursive
                0x1000939c        0x4 c:/maximsdk/tools/gnutools/bin/../lib/gcc/arm-none-eabi/9.2.1/../../../../arm-none-eabi/lib/thumb/v7e-m+fp/softfp\libc.a(lib_a-lock.o)
                0x1000939c                __retarget_lock_acquire_recursive
 .text.__retarget_lock_release_recursive
                0x100093a0        0x4 c:/maximsdk/tools/gnutools/bin/../lib/gcc/arm-none-eabi/9.2.1/../../../../arm-none-eabi/lib/thumb/v7e-m+fp/softfp\libc.a(lib_a-lock.o)
                0x100093a0                __retarget_lock_release_recursive
 .text.__swhatbuf_r
                0x100093a4       0x5c c:/maximsdk/tools/gnutools/bin/../lib/gcc/arm-none-eabi/9.2.1/../../../../arm-none-eabi/lib/thumb/v7e-m+fp/softfp\libc.a(lib_a-makebuf.o)
                0x100093a4                __swhatbuf_r
 .text.__smakebuf_r
                0x10009400       0x98 c:/maximsdk/tools/gnutools/bin/../lib/gcc/arm-none-eabi/9.2.1/../../../../arm-none-eabi/lib/thumb/v7e-m+fp/softfp\libc.a(lib_a-makebuf.o)
                0x10009400                __smakebuf_r
 *fill*         0x10009498        0x8 
 .text          0x100094a0       0xa0 c:/maximsdk/tools/gnutools/bin/../lib/gcc/arm-none-eabi/9.2.1/../../../../arm-none-eabi/lib/thumb/v7e-m+fp/softfp\libc.a(lib_a-memchr.o)
                0x100094a0                memchr
 .text.memmove  0x10009540       0xd8 c:/maximsdk/tools/gnutools/bin/../lib/gcc/arm-none-eabi/9.2.1/../../../../arm-none-eabi/lib/thumb/v7e-m+fp/softfp\libc.a(lib_a-memmove.o)
                0x10009540                memmove
 .text._Balloc  0x10009618       0x4c c:/maximsdk/tools/gnutools/bin/../lib/gcc/arm-none-eabi/9.2.1/../../../../arm-none-eabi/lib/thumb/v7e-m+fp/softfp\libc.a(lib_a-mprec.o)
                0x10009618                _Balloc
 .text._Bfree   0x10009664       0x14 c:/maximsdk/tools/gnutools/bin/../lib/gcc/arm-none-eabi/9.2.1/../../../../arm-none-eabi/lib/thumb/v7e-m+fp/softfp\libc.a(lib_a-mprec.o)
                0x10009664                _Bfree
 .text.__multadd
                0x10009678       0x8c c:/maximsdk/tools/gnutools/bin/../lib/gcc/arm-none-eabi/9.2.1/../../../../arm-none-eabi/lib/thumb/v7e-m+fp/softfp\libc.a(lib_a-mprec.o)
                0x10009678                __multadd
 .text.__hi0bits
                0x10009704       0x40 c:/maximsdk/tools/gnutools/bin/../lib/gcc/arm-none-eabi/9.2.1/../../../../arm-none-eabi/lib/thumb/v7e-m+fp/softfp\libc.a(lib_a-mprec.o)
                0x10009704                __hi0bits
 .text.__lo0bits
                0x10009744       0x60 c:/maximsdk/tools/gnutools/bin/../lib/gcc/arm-none-eabi/9.2.1/../../../../arm-none-eabi/lib/thumb/v7e-m+fp/softfp\libc.a(lib_a-mprec.o)
                0x10009744                __lo0bits
 .text.__i2b    0x100097a4       0x14 c:/maximsdk/tools/gnutools/bin/../lib/gcc/arm-none-eabi/9.2.1/../../../../arm-none-eabi/lib/thumb/v7e-m+fp/softfp\libc.a(lib_a-mprec.o)
                0x100097a4                __i2b
 .text.__multiply
                0x100097b8      0x144 c:/maximsdk/tools/gnutools/bin/../lib/gcc/arm-none-eabi/9.2.1/../../../../arm-none-eabi/lib/thumb/v7e-m+fp/softfp\libc.a(lib_a-mprec.o)
                0x100097b8                __multiply
 .text.__pow5mult
                0x100098fc       0xa0 c:/maximsdk/tools/gnutools/bin/../lib/gcc/arm-none-eabi/9.2.1/../../../../arm-none-eabi/lib/thumb/v7e-m+fp/softfp\libc.a(lib_a-mprec.o)
                0x100098fc                __pow5mult
 .text.__lshift
                0x1000999c       0xd4 c:/maximsdk/tools/gnutools/bin/../lib/gcc/arm-none-eabi/9.2.1/../../../../arm-none-eabi/lib/thumb/v7e-m+fp/softfp\libc.a(lib_a-mprec.o)
                0x1000999c                __lshift
 .text.__mcmp   0x10009a70       0x3c c:/maximsdk/tools/gnutools/bin/../lib/gcc/arm-none-eabi/9.2.1/../../../../arm-none-eabi/lib/thumb/v7e-m+fp/softfp\libc.a(lib_a-mprec.o)
                0x10009a70                __mcmp
 .text.__mdiff  0x10009aac      0x138 c:/maximsdk/tools/gnutools/bin/../lib/gcc/arm-none-eabi/9.2.1/../../../../arm-none-eabi/lib/thumb/v7e-m+fp/softfp\libc.a(lib_a-mprec.o)
                0x10009aac                __mdiff
 .text.__d2b    0x10009be4       0xbc c:/maximsdk/tools/gnutools/bin/../lib/gcc/arm-none-eabi/9.2.1/../../../../arm-none-eabi/lib/thumb/v7e-m+fp/softfp\libc.a(lib_a-mprec.o)
                0x10009be4                __d2b
 .text._realloc_r
                0x10009ca0      0x3e0 c:/maximsdk/tools/gnutools/bin/../lib/gcc/arm-none-eabi/9.2.1/../../../../arm-none-eabi/lib/thumb/v7e-m+fp/softfp\libc.a(lib_a-reallocr.o)
                0x10009ca0                _realloc_r
 .text.frexp    0x1000a080       0x70 c:/maximsdk/tools/gnutools/bin/../lib/gcc/arm-none-eabi/9.2.1/../../../../arm-none-eabi/lib/thumb/v7e-m+fp/softfp\libc.a(lib_a-s_frexp.o)
                0x1000a080                frexp
 .text.__sread  0x1000a0f0       0x24 c:/maximsdk/tools/gnutools/bin/../lib/gcc/arm-none-eabi/9.2.1/../../../../arm-none-eabi/lib/thumb/v7e-m+fp/softfp\libc.a(lib_a-stdio.o)
                0x1000a0f0                __sread
 .text.__swrite
                0x1000a114       0x40 c:/maximsdk/tools/gnutools/bin/../lib/gcc/arm-none-eabi/9.2.1/../../../../arm-none-eabi/lib/thumb/v7e-m+fp/softfp\libc.a(lib_a-stdio.o)
                0x1000a114                __swrite
 .text.__sseek  0x1000a154       0x20 c:/maximsdk/tools/gnutools/bin/../lib/gcc/arm-none-eabi/9.2.1/../../../../arm-none-eabi/lib/thumb/v7e-m+fp/softfp\libc.a(lib_a-stdio.o)
                0x1000a154                __sseek
 .text.__sclose
                0x1000a174        0x8 c:/maximsdk/tools/gnutools/bin/../lib/gcc/arm-none-eabi/9.2.1/../../../../arm-none-eabi/lib/thumb/v7e-m+fp/softfp\libc.a(lib_a-stdio.o)
                0x1000a174                __sclose
 .text.strncpy  0x1000a17c       0x68 c:/maximsdk/tools/gnutools/bin/../lib/gcc/arm-none-eabi/9.2.1/../../../../arm-none-eabi/lib/thumb/v7e-m+fp/softfp\libc.a(lib_a-strncpy.o)
                0x1000a17c                strncpy
 .text.__sprint_r.part.0
                0x1000a1e4       0x78 c:/maximsdk/tools/gnutools/bin/../lib/gcc/arm-none-eabi/9.2.1/../../../../arm-none-eabi/lib/thumb/v7e-m+fp/softfp\libc.a(lib_a-vfiprintf.o)
 .text.__sprint_r
                0x1000a25c       0x18 c:/maximsdk/tools/gnutools/bin/../lib/gcc/arm-none-eabi/9.2.1/../../../../arm-none-eabi/lib/thumb/v7e-m+fp/softfp\libc.a(lib_a-vfiprintf.o)
                0x1000a25c                __sprint_r
 .text._write_r
                0x1000a274       0x2c c:/maximsdk/tools/gnutools/bin/../lib/gcc/arm-none-eabi/9.2.1/../../../../arm-none-eabi/lib/thumb/v7e-m+fp/softfp\libc.a(lib_a-writer.o)
                0x1000a274                _write_r
 .text.__register_exitproc
                0x1000a2a0       0x8c c:/maximsdk/tools/gnutools/bin/../lib/gcc/arm-none-eabi/9.2.1/../../../../arm-none-eabi/lib/thumb/v7e-m+fp/softfp\libc.a(lib_a-__atexit.o)
                0x1000a2a0                __register_exitproc
 .text._calloc_r
                0x1000a32c       0x60 c:/maximsdk/tools/gnutools/bin/../lib/gcc/arm-none-eabi/9.2.1/../../../../arm-none-eabi/lib/thumb/v7e-m+fp/softfp\libc.a(lib_a-callocr.o)
                0x1000a32c                _calloc_r
 .text._close_r
                0x1000a38c       0x24 c:/maximsdk/tools/gnutools/bin/../lib/gcc/arm-none-eabi/9.2.1/../../../../arm-none-eabi/lib/thumb/v7e-m+fp/softfp\libc.a(lib_a-closer.o)
                0x1000a38c                _close_r
 .text._fclose_r
                0x1000a3b0       0xcc c:/maximsdk/tools/gnutools/bin/../lib/gcc/arm-none-eabi/9.2.1/../../../../arm-none-eabi/lib/thumb/v7e-m+fp/softfp\libc.a(lib_a-fclose.o)
                0x1000a3b0                _fclose_r
 .text.__fputwc
                0x1000a47c       0xa8 c:/maximsdk/tools/gnutools/bin/../lib/gcc/arm-none-eabi/9.2.1/../../../../arm-none-eabi/lib/thumb/v7e-m+fp/softfp\libc.a(lib_a-fputwc.o)
                0x1000a47c                __fputwc
 .text._fputwc_r
                0x1000a524       0x68 c:/maximsdk/tools/gnutools/bin/../lib/gcc/arm-none-eabi/9.2.1/../../../../arm-none-eabi/lib/thumb/v7e-m+fp/softfp\libc.a(lib_a-fputwc.o)
                0x1000a524                _fputwc_r
 .text._fstat_r
                0x1000a58c       0x2c c:/maximsdk/tools/gnutools/bin/../lib/gcc/arm-none-eabi/9.2.1/../../../../arm-none-eabi/lib/thumb/v7e-m+fp/softfp\libc.a(lib_a-fstatr.o)
                0x1000a58c                _fstat_r
 .text._isatty_r
                0x1000a5b8       0x24 c:/maximsdk/tools/gnutools/bin/../lib/gcc/arm-none-eabi/9.2.1/../../../../arm-none-eabi/lib/thumb/v7e-m+fp/softfp\libc.a(lib_a-isattyr.o)
                0x1000a5b8                _isatty_r
 .text.__locale_mb_cur_max
                0x1000a5dc        0xc c:/maximsdk/tools/gnutools/bin/../lib/gcc/arm-none-eabi/9.2.1/../../../../arm-none-eabi/lib/thumb/v7e-m+fp/softfp\libc.a(lib_a-locale.o)
                0x1000a5dc                __locale_mb_cur_max
 .text._lseek_r
                0x1000a5e8       0x2c c:/maximsdk/tools/gnutools/bin/../lib/gcc/arm-none-eabi/9.2.1/../../../../arm-none-eabi/lib/thumb/v7e-m+fp/softfp\libc.a(lib_a-lseekr.o)
                0x1000a5e8                _lseek_r
 .text.__ascii_mbtowc
                0x1000a614       0x2c c:/maximsdk/tools/gnutools/bin/../lib/gcc/arm-none-eabi/9.2.1/../../../../arm-none-eabi/lib/thumb/v7e-m+fp/softfp\libc.a(lib_a-mbtowc_r.o)
                0x1000a614                __ascii_mbtowc
 .text._read_r  0x1000a640       0x2c c:/maximsdk/tools/gnutools/bin/../lib/gcc/arm-none-eabi/9.2.1/../../../../arm-none-eabi/lib/thumb/v7e-m+fp/softfp\libc.a(lib_a-readr.o)
                0x1000a640                _read_r
 .text.__swbuf_r
                0x1000a66c       0xb0 c:/maximsdk/tools/gnutools/bin/../lib/gcc/arm-none-eabi/9.2.1/../../../../arm-none-eabi/lib/thumb/v7e-m+fp/softfp\libc.a(lib_a-wbuf.o)
                0x1000a66c                __swbuf_r
 .text._wcrtomb_r
                0x1000a71c       0x3c c:/maximsdk/tools/gnutools/bin/../lib/gcc/arm-none-eabi/9.2.1/../../../../arm-none-eabi/lib/thumb/v7e-m+fp/softfp\libc.a(lib_a-wcrtomb.o)
                0x1000a71c                _wcrtomb_r
 .text.__ascii_wctomb
                0x1000a758       0x1c c:/maximsdk/tools/gnutools/bin/../lib/gcc/arm-none-eabi/9.2.1/../../../../arm-none-eabi/lib/thumb/v7e-m+fp/softfp\libc.a(lib_a-wctomb_r.o)
                0x1000a758                __ascii_wctomb
 .text          0x1000a774      0x378 c:/maximsdk/tools/gnutools/bin/../lib/gcc/arm-none-eabi/9.2.1/thumb/v7e-m+fp/softfp\libgcc.a(_arm_addsubdf3.o)
                0x1000a774                __aeabi_drsub
                0x1000a77c                __aeabi_dsub
                0x1000a77c                __subdf3
                0x1000a780                __aeabi_dadd
                0x1000a780                __adddf3
                0x1000a9f8                __floatunsidf
                0x1000a9f8                __aeabi_ui2d
                0x1000aa18                __floatsidf
                0x1000aa18                __aeabi_i2d
                0x1000aa3c                __aeabi_f2d
                0x1000aa3c                __extendsfdf2
                0x1000aa80                __floatundidf
                0x1000aa80                __aeabi_ul2d
                0x1000aa90                __floatdidf
                0x1000aa90                __aeabi_l2d
 .text          0x1000aaec      0x424 c:/maximsdk/tools/gnutools/bin/../lib/gcc/arm-none-eabi/9.2.1/thumb/v7e-m+fp/softfp\libgcc.a(_arm_muldivdf3.o)
                0x1000aaec                __aeabi_dmul
                0x1000aaec                __muldf3
                0x1000ad40                __divdf3
                0x1000ad40                __aeabi_ddiv
 .text          0x1000af10      0x110 c:/maximsdk/tools/gnutools/bin/../lib/gcc/arm-none-eabi/9.2.1/thumb/v7e-m+fp/softfp\libgcc.a(_arm_cmpdf2.o)
                0x1000af10                __gtdf2
                0x1000af10                __gedf2
                0x1000af18                __ltdf2
                0x1000af18                __ledf2
                0x1000af20                __nedf2
                0x1000af20                __eqdf2
                0x1000af20                __cmpdf2
                0x1000af9c                __aeabi_cdrcmple
                0x1000afac                __aeabi_cdcmpeq
                0x1000afac                __aeabi_cdcmple
                0x1000afbc                __aeabi_dcmpeq
                0x1000afd0                __aeabi_dcmplt
                0x1000afe4                __aeabi_dcmple
                0x1000aff8                __aeabi_dcmpge
                0x1000b00c                __aeabi_dcmpgt
 .text          0x1000b020       0x2c c:/maximsdk/tools/gnutools/bin/../lib/gcc/arm-none-eabi/9.2.1/thumb/v7e-m+fp/softfp\libgcc.a(_arm_unorddf2.o)
                0x1000b020                __unorddf2
                0x1000b020                __aeabi_dcmpun
 .text          0x1000b04c       0x50 c:/maximsdk/tools/gnutools/bin/../lib/gcc/arm-none-eabi/9.2.1/thumb/v7e-m+fp/softfp\libgcc.a(_arm_fixdfsi.o)
                0x1000b04c                __aeabi_d2iz
                0x1000b04c                __fixdfsi
 .text          0x1000b09c       0x30 c:/maximsdk/tools/gnutools/bin/../lib/gcc/arm-none-eabi/9.2.1/thumb/v7e-m+fp/softfp\libgcc.a(_aeabi_uldivmod.o)
                0x1000b09c                __aeabi_uldivmod
 .text          0x1000b0cc      0x2c4 c:/maximsdk/tools/gnutools/bin/../lib/gcc/arm-none-eabi/9.2.1/thumb/v7e-m+fp/softfp\libgcc.a(_udivmoddi4.o)
                0x1000b0cc                __udivmoddi4
 .text          0x1000b390        0x4 c:/maximsdk/tools/gnutools/bin/../lib/gcc/arm-none-eabi/9.2.1/thumb/v7e-m+fp/softfp\libgcc.a(_dvmd_tls.o)
                0x1000b390                __aeabi_idiv0
                0x1000b390                __aeabi_ldiv0
 *(.rodata*)
 .rodata.fail.str1.4
                0x1000b394        0xf c:/MaximSDK/Examples/MAX78000/CNN/faceid_demo/build/main_faceid.o
 *fill*         0x1000b3a3        0x1 
 .rodata.main.str1.4
                0x1000b3a4       0x75 c:/MaximSDK/Examples/MAX78000/CNN/faceid_demo/build/main_faceid.o
 *fill*         0x1000b419        0x3 
 .rodata.kernels_0
                0x1000b41c      0xb04 c:/MaximSDK/Examples/MAX78000/CNN/faceid_demo/build/main_faceid.o
 .rodata.kernels_1
                0x1000bf20      0xb04 c:/MaximSDK/Examples/MAX78000/CNN/faceid_demo/build/main_faceid.o
 .rodata.kernels_10
                0x1000ca24      0xb04 c:/MaximSDK/Examples/MAX78000/CNN/faceid_demo/build/main_faceid.o
 .rodata.kernels_11
                0x1000d528      0xb04 c:/MaximSDK/Examples/MAX78000/CNN/faceid_demo/build/main_faceid.o
 .rodata.kernels_12
                0x1000e02c      0xb04 c:/MaximSDK/Examples/MAX78000/CNN/faceid_demo/build/main_faceid.o
 .rodata.kernels_13
                0x1000eb30      0xb04 c:/MaximSDK/Examples/MAX78000/CNN/faceid_demo/build/main_faceid.o
 .rodata.kernels_14
                0x1000f634      0xb04 c:/MaximSDK/Examples/MAX78000/CNN/faceid_demo/build/main_faceid.o
 .rodata.kernels_15
                0x10010138      0xb04 c:/MaximSDK/Examples/MAX78000/CNN/faceid_demo/build/main_faceid.o
 .rodata.kernels_16
                0x10010c3c      0xb04 c:/MaximSDK/Examples/MAX78000/CNN/faceid_demo/build/main_faceid.o
 .rodata.kernels_17
                0x10011740      0xb04 c:/MaximSDK/Examples/MAX78000/CNN/faceid_demo/build/main_faceid.o
 .rodata.kernels_18
                0x10012244      0xb04 c:/MaximSDK/Examples/MAX78000/CNN/faceid_demo/build/main_faceid.o
 .rodata.kernels_19
                0x10012d48      0xb04 c:/MaximSDK/Examples/MAX78000/CNN/faceid_demo/build/main_faceid.o
 .rodata.kernels_2
                0x1001384c      0xb04 c:/MaximSDK/Examples/MAX78000/CNN/faceid_demo/build/main_faceid.o
 .rodata.kernels_20
                0x10014350      0xb04 c:/MaximSDK/Examples/MAX78000/CNN/faceid_demo/build/main_faceid.o
 .rodata.kernels_21
                0x10014e54      0xb04 c:/MaximSDK/Examples/MAX78000/CNN/faceid_demo/build/main_faceid.o
 .rodata.kernels_22
                0x10015958      0xb04 c:/MaximSDK/Examples/MAX78000/CNN/faceid_demo/build/main_faceid.o
 .rodata.kernels_23
                0x1001645c      0xb04 c:/MaximSDK/Examples/MAX78000/CNN/faceid_demo/build/main_faceid.o
 .rodata.kernels_24
                0x10016f60      0xb04 c:/MaximSDK/Examples/MAX78000/CNN/faceid_demo/build/main_faceid.o
 .rodata.kernels_25
                0x10017a64      0xb04 c:/MaximSDK/Examples/MAX78000/CNN/faceid_demo/build/main_faceid.o
 .rodata.kernels_26
                0x10018568      0xb04 c:/MaximSDK/Examples/MAX78000/CNN/faceid_demo/build/main_faceid.o
 .rodata.kernels_27
                0x1001906c      0xb04 c:/MaximSDK/Examples/MAX78000/CNN/faceid_demo/build/main_faceid.o
 .rodata.kernels_28
                0x10019b70      0xb04 c:/MaximSDK/Examples/MAX78000/CNN/faceid_demo/build/main_faceid.o
 .rodata.kernels_29
                0x1001a674      0xb04 c:/MaximSDK/Examples/MAX78000/CNN/faceid_demo/build/main_faceid.o
 .rodata.kernels_3
                0x1001b178      0xb04 c:/MaximSDK/Examples/MAX78000/CNN/faceid_demo/build/main_faceid.o
 .rodata.kernels_30
                0x1001bc7c      0xb04 c:/MaximSDK/Examples/MAX78000/CNN/faceid_demo/build/main_faceid.o
 .rodata.kernels_31
                0x1001c780      0xb04 c:/MaximSDK/Examples/MAX78000/CNN/faceid_demo/build/main_faceid.o
 .rodata.kernels_32
                0x1001d284      0xb04 c:/MaximSDK/Examples/MAX78000/CNN/faceid_demo/build/main_faceid.o
 .rodata.kernels_33
                0x1001dd88      0xb04 c:/MaximSDK/Examples/MAX78000/CNN/faceid_demo/build/main_faceid.o
 .rodata.kernels_34
                0x1001e88c      0xb04 c:/MaximSDK/Examples/MAX78000/CNN/faceid_demo/build/main_faceid.o
 .rodata.kernels_35
                0x1001f390      0xb04 c:/MaximSDK/Examples/MAX78000/CNN/faceid_demo/build/main_faceid.o
 .rodata.kernels_36
                0x1001fe94      0xb04 c:/MaximSDK/Examples/MAX78000/CNN/faceid_demo/build/main_faceid.o
 .rodata.kernels_37
                0x10020998      0xb04 c:/MaximSDK/Examples/MAX78000/CNN/faceid_demo/build/main_faceid.o
 .rodata.kernels_38
                0x1002149c      0xb04 c:/MaximSDK/Examples/MAX78000/CNN/faceid_demo/build/main_faceid.o
 .rodata.kernels_39
                0x10021fa0      0xb04 c:/MaximSDK/Examples/MAX78000/CNN/faceid_demo/build/main_faceid.o
 .rodata.kernels_4
                0x10022aa4      0xb04 c:/MaximSDK/Examples/MAX78000/CNN/faceid_demo/build/main_faceid.o
 .rodata.kernels_40
                0x100235a8      0xb04 c:/MaximSDK/Examples/MAX78000/CNN/faceid_demo/build/main_faceid.o
 .rodata.kernels_41
                0x100240ac      0xb04 c:/MaximSDK/Examples/MAX78000/CNN/faceid_demo/build/main_faceid.o
 .rodata.kernels_42
                0x10024bb0      0xb04 c:/MaximSDK/Examples/MAX78000/CNN/faceid_demo/build/main_faceid.o
 .rodata.kernels_43
                0x100256b4      0xb04 c:/MaximSDK/Examples/MAX78000/CNN/faceid_demo/build/main_faceid.o
 .rodata.kernels_44
                0x100261b8      0xb04 c:/MaximSDK/Examples/MAX78000/CNN/faceid_demo/build/main_faceid.o
 .rodata.kernels_45
                0x10026cbc      0xb04 c:/MaximSDK/Examples/MAX78000/CNN/faceid_demo/build/main_faceid.o
 .rodata.kernels_46
                0x100277c0      0xb04 c:/MaximSDK/Examples/MAX78000/CNN/faceid_demo/build/main_faceid.o
 .rodata.kernels_47
                0x100282c4      0xb04 c:/MaximSDK/Examples/MAX78000/CNN/faceid_demo/build/main_faceid.o
 .rodata.kernels_48
                0x10028dc8      0xb04 c:/MaximSDK/Examples/MAX78000/CNN/faceid_demo/build/main_faceid.o
 .rodata.kernels_49
                0x100298cc      0xb04 c:/MaximSDK/Examples/MAX78000/CNN/faceid_demo/build/main_faceid.o
 .rodata.kernels_5
                0x1002a3d0      0xb04 c:/MaximSDK/Examples/MAX78000/CNN/faceid_demo/build/main_faceid.o
 .rodata.kernels_50
                0x1002aed4      0xb04 c:/MaximSDK/Examples/MAX78000/CNN/faceid_demo/build/main_faceid.o
 .rodata.kernels_51
                0x1002b9d8      0xb04 c:/MaximSDK/Examples/MAX78000/CNN/faceid_demo/build/main_faceid.o
 .rodata.kernels_52
                0x1002c4dc      0xb04 c:/MaximSDK/Examples/MAX78000/CNN/faceid_demo/build/main_faceid.o
 .rodata.kernels_53
                0x1002cfe0      0xb04 c:/MaximSDK/Examples/MAX78000/CNN/faceid_demo/build/main_faceid.o
 .rodata.kernels_54
                0x1002dae4      0xb04 c:/MaximSDK/Examples/MAX78000/CNN/faceid_demo/build/main_faceid.o
 .rodata.kernels_55
                0x1002e5e8      0xb04 c:/MaximSDK/Examples/MAX78000/CNN/faceid_demo/build/main_faceid.o
 .rodata.kernels_56
                0x1002f0ec      0xb04 c:/MaximSDK/Examples/MAX78000/CNN/faceid_demo/build/main_faceid.o
 .rodata.kernels_57
                0x1002fbf0      0xb04 c:/MaximSDK/Examples/MAX78000/CNN/faceid_demo/build/main_faceid.o
 .rodata.kernels_58
                0x100306f4      0xb04 c:/MaximSDK/Examples/MAX78000/CNN/faceid_demo/build/main_faceid.o
 .rodata.kernels_59
                0x100311f8      0xb04 c:/MaximSDK/Examples/MAX78000/CNN/faceid_demo/build/main_faceid.o
 .rodata.kernels_6
                0x10031cfc      0xb04 c:/MaximSDK/Examples/MAX78000/CNN/faceid_demo/build/main_faceid.o
 .rodata.kernels_60
                0x10032800      0xb04 c:/MaximSDK/Examples/MAX78000/CNN/faceid_demo/build/main_faceid.o
 .rodata.kernels_61
                0x10033304      0xb04 c:/MaximSDK/Examples/MAX78000/CNN/faceid_demo/build/main_faceid.o
 .rodata.kernels_62
                0x10033e08      0xb04 c:/MaximSDK/Examples/MAX78000/CNN/faceid_demo/build/main_faceid.o
 .rodata.kernels_63
                0x1003490c      0xb04 c:/MaximSDK/Examples/MAX78000/CNN/faceid_demo/build/main_faceid.o
 .rodata.kernels_7
                0x10035410      0xb04 c:/MaximSDK/Examples/MAX78000/CNN/faceid_demo/build/main_faceid.o
 .rodata.kernels_8
                0x10035f14      0xb04 c:/MaximSDK/Examples/MAX78000/CNN/faceid_demo/build/main_faceid.o
 .rodata.kernels_9
                0x10036a18      0xb04 c:/MaximSDK/Examples/MAX78000/CNN/faceid_demo/build/main_faceid.o
 .rodata.input_0
                0x1003751c    0x12c00 c:/MaximSDK/Examples/MAX78000/CNN/faceid_demo/build/utils_faceid.o
 .rodata.mxc_assert.str1.4
                0x1004a11c       0x19 c:/MaximSDK/Examples/MAX78000/CNN/faceid_demo/build/board.o
 *fill*         0x1004a135        0x3 
 .rodata.Board_Init.str1.4
                0x1004a138       0x45 c:/MaximSDK/Examples/MAX78000/CNN/faceid_demo/build/board.o
 *fill*         0x1004a17d        0x3 
 .rodata.led_pin
                0x1004a180       0x18 c:/MaximSDK/Examples/MAX78000/CNN/faceid_demo/build/board.o
                0x1004a180                led_pin
 .rodata.num_leds
                0x1004a198        0x4 c:/MaximSDK/Examples/MAX78000/CNN/faceid_demo/build/board.o
                0x1004a198                num_leds
 .rodata.num_pbs
                0x1004a19c        0x4 c:/MaximSDK/Examples/MAX78000/CNN/faceid_demo/build/board.o
                0x1004a19c                num_pbs
 .rodata.pb_pin
                0x1004a1a0       0x18 c:/MaximSDK/Examples/MAX78000/CNN/faceid_demo/build/board.o
                0x1004a1a0                pb_pin
 .rodata.LED_On.str1.4
                0x1004a1b8       0x4f c:/MaximSDK/Examples/MAX78000/CNN/faceid_demo/build/led.o
 *fill*         0x1004a207        0x1 
 .rodata.gpio_cfg_tmr0
                0x1004a208        0xc c:/MaximSDK/Libraries/PeriphDrivers/bin/MAX78000/softfp/libPeriphDriver_softfp.a(pins_ai85.o)
                0x1004a208                gpio_cfg_tmr0
 .rodata.gpio_cfg_tmr0b
                0x1004a214        0xc c:/MaximSDK/Libraries/PeriphDrivers/bin/MAX78000/softfp/libPeriphDriver_softfp.a(pins_ai85.o)
                0x1004a214                gpio_cfg_tmr0b
 .rodata.gpio_cfg_tmr1
                0x1004a220        0xc c:/MaximSDK/Libraries/PeriphDrivers/bin/MAX78000/softfp/libPeriphDriver_softfp.a(pins_ai85.o)
                0x1004a220                gpio_cfg_tmr1
 .rodata.gpio_cfg_tmr1b
                0x1004a22c        0xc c:/MaximSDK/Libraries/PeriphDrivers/bin/MAX78000/softfp/libPeriphDriver_softfp.a(pins_ai85.o)
                0x1004a22c                gpio_cfg_tmr1b
 .rodata.gpio_cfg_tmr2
                0x1004a238        0xc c:/MaximSDK/Libraries/PeriphDrivers/bin/MAX78000/softfp/libPeriphDriver_softfp.a(pins_ai85.o)
                0x1004a238                gpio_cfg_tmr2
 .rodata.gpio_cfg_tmr2b
                0x1004a244        0xc c:/MaximSDK/Libraries/PeriphDrivers/bin/MAX78000/softfp/libPeriphDriver_softfp.a(pins_ai85.o)
                0x1004a244                gpio_cfg_tmr2b
 .rodata.gpio_cfg_tmr3
                0x1004a250        0xc c:/MaximSDK/Libraries/PeriphDrivers/bin/MAX78000/softfp/libPeriphDriver_softfp.a(pins_ai85.o)
                0x1004a250                gpio_cfg_tmr3
 .rodata.gpio_cfg_tmr3b
                0x1004a25c        0xc c:/MaximSDK/Libraries/PeriphDrivers/bin/MAX78000/softfp/libPeriphDriver_softfp.a(pins_ai85.o)
                0x1004a25c                gpio_cfg_tmr3b
 .rodata.gpio_cfg_tmr4
                0x1004a268        0xc c:/MaximSDK/Libraries/PeriphDrivers/bin/MAX78000/softfp/libPeriphDriver_softfp.a(pins_ai85.o)
                0x1004a268                gpio_cfg_tmr4
 .rodata.gpio_cfg_tmr5
                0x1004a274        0xc c:/MaximSDK/Libraries/PeriphDrivers/bin/MAX78000/softfp/libPeriphDriver_softfp.a(pins_ai85.o)
                0x1004a274                gpio_cfg_tmr5
 .rodata.gpio_cfg_uart0
                0x1004a280        0xc c:/MaximSDK/Libraries/PeriphDrivers/bin/MAX78000/softfp/libPeriphDriver_softfp.a(pins_ai85.o)
                0x1004a280                gpio_cfg_uart0
 .rodata.gpio_cfg_uart1
                0x1004a28c        0xc c:/MaximSDK/Libraries/PeriphDrivers/bin/MAX78000/softfp/libPeriphDriver_softfp.a(pins_ai85.o)
                0x1004a28c                gpio_cfg_uart1
 .rodata.gpio_cfg_uart2
                0x1004a298        0xc c:/MaximSDK/Libraries/PeriphDrivers/bin/MAX78000/softfp/libPeriphDriver_softfp.a(pins_ai85.o)
                0x1004a298                gpio_cfg_uart2
 .rodata.gpio_cfg_uart3
                0x1004a2a4        0xc c:/MaximSDK/Libraries/PeriphDrivers/bin/MAX78000/softfp/libPeriphDriver_softfp.a(pins_ai85.o)
                0x1004a2a4                gpio_cfg_uart3
 .rodata.MXC_TMR_Init.str1.4
                0x1004a2b0       0x50 c:/MaximSDK/Libraries/PeriphDrivers/bin/MAX78000/softfp/libPeriphDriver_softfp.a(tmr_ai85.o)
 .rodata.MXC_TMR_RevB_ConfigGeneric.str1.4
                0x1004a300       0x43 c:/MaximSDK/Libraries/PeriphDrivers/bin/MAX78000/softfp/libPeriphDriver_softfp.a(tmr_revb.o)
                                 0x50 (size before relaxing)
 *fill*         0x1004a343        0x1 
 .rodata.MXC_GPIO_Common_Handler.str1.4
                0x1004a344       0x66 c:/MaximSDK/Libraries/PeriphDrivers/bin/MAX78000/softfp/libPeriphDriver_softfp.a(gpio_common.o)
 *fill*         0x1004a3aa        0x2 
 .rodata._global_impure_ptr
                0x1004a3ac        0x4 c:/maximsdk/tools/gnutools/bin/../lib/gcc/arm-none-eabi/9.2.1/../../../../arm-none-eabi/lib/thumb/v7e-m+fp/softfp\libc.a(lib_a-impure.o)
                0x1004a3ac                _global_impure_ptr
 .rodata._puts_r.str1.4
                0x1004a3b0        0x2 c:/maximsdk/tools/gnutools/bin/../lib/gcc/arm-none-eabi/9.2.1/../../../../arm-none-eabi/lib/thumb/v7e-m+fp/softfp\libc.a(lib_a-puts.o)
 *fill*         0x1004a3b2        0x2 
 .rodata._vfprintf_r.str1.4
                0x1004a3b4       0x42 c:/maximsdk/tools/gnutools/bin/../lib/gcc/arm-none-eabi/9.2.1/../../../../arm-none-eabi/lib/thumb/v7e-m+fp/softfp\libc.a(lib_a-vfprintf.o)
 *fill*         0x1004a3f6        0x2 
 .rodata.blanks.8723
                0x1004a3f8       0x10 c:/maximsdk/tools/gnutools/bin/../lib/gcc/arm-none-eabi/9.2.1/../../../../arm-none-eabi/lib/thumb/v7e-m+fp/softfp\libc.a(lib_a-vfprintf.o)
 .rodata.zeroes.8724
                0x1004a408       0x10 c:/maximsdk/tools/gnutools/bin/../lib/gcc/arm-none-eabi/9.2.1/../../../../arm-none-eabi/lib/thumb/v7e-m+fp/softfp\libc.a(lib_a-vfprintf.o)
 .rodata._dtoa_r.str1.4
                0x1004a418        0xd c:/maximsdk/tools/gnutools/bin/../lib/gcc/arm-none-eabi/9.2.1/../../../../arm-none-eabi/lib/thumb/v7e-m+fp/softfp\libc.a(lib_a-dtoa.o)
                                 0x12 (size before relaxing)
 *fill*         0x1004a425        0x3 
 .rodata.__mprec_bigtens
                0x1004a428       0x28 c:/maximsdk/tools/gnutools/bin/../lib/gcc/arm-none-eabi/9.2.1/../../../../arm-none-eabi/lib/thumb/v7e-m+fp/softfp\libc.a(lib_a-mprec.o)
                0x1004a428                __mprec_bigtens
 .rodata.__mprec_tens
                0x1004a450       0xc8 c:/maximsdk/tools/gnutools/bin/../lib/gcc/arm-none-eabi/9.2.1/../../../../arm-none-eabi/lib/thumb/v7e-m+fp/softfp\libc.a(lib_a-mprec.o)
                0x1004a450                __mprec_tens
 .rodata.p05.7478
                0x1004a518        0xc c:/maximsdk/tools/gnutools/bin/../lib/gcc/arm-none-eabi/9.2.1/../../../../arm-none-eabi/lib/thumb/v7e-m+fp/softfp\libc.a(lib_a-mprec.o)
 .rodata._setlocale_r.str1.4
                0x1004a524        0xa c:/maximsdk/tools/gnutools/bin/../lib/gcc/arm-none-eabi/9.2.1/../../../../arm-none-eabi/lib/thumb/v7e-m+fp/softfp\libc.a(lib_a-locale.o)
                                  0xd (size before relaxing)
 *fill*         0x1004a52e        0x2 
 .rodata.str1.4
                0x1004a530        0x2 c:/maximsdk/tools/gnutools/bin/../lib/gcc/arm-none-eabi/9.2.1/../../../../arm-none-eabi/lib/thumb/v7e-m+fp/softfp\libc.a(lib_a-locale.o)
 *fill*         0x1004a532        0x2 
 .rodata._ctype_
                0x1004a534      0x101 c:/maximsdk/tools/gnutools/bin/../lib/gcc/arm-none-eabi/9.2.1/../../../../arm-none-eabi/lib/thumb/v7e-m+fp/softfp\libc.a(lib_a-ctype_.o)
                0x1004a534                _ctype_
 *(.init)
 *fill*         0x1004a635        0x3 
 .init          0x1004a638        0x4 c:/maximsdk/tools/gnutools/bin/../lib/gcc/arm-none-eabi/9.2.1/thumb/v7e-m+fp/softfp/crti.o
                0x1004a638                _init
 .init          0x1004a63c        0x8 c:/maximsdk/tools/gnutools/bin/../lib/gcc/arm-none-eabi/9.2.1/thumb/v7e-m+fp/softfp/crtn.o
 *(.fini)
 .fini          0x1004a644        0x4 c:/maximsdk/tools/gnutools/bin/../lib/gcc/arm-none-eabi/9.2.1/thumb/v7e-m+fp/softfp/crti.o
                0x1004a644                _fini
 .fini          0x1004a648        0x8 c:/maximsdk/tools/gnutools/bin/../lib/gcc/arm-none-eabi/9.2.1/thumb/v7e-m+fp/softfp/crtn.o
 *(.eh_frame*)
 .eh_frame      0x1004a650        0x0 c:/maximsdk/tools/gnutools/bin/../lib/gcc/arm-none-eabi/9.2.1/thumb/v7e-m+fp/softfp/crtbegin.o
 .eh_frame      0x1004a650        0x4 c:/maximsdk/tools/gnutools/bin/../lib/gcc/arm-none-eabi/9.2.1/thumb/v7e-m+fp/softfp/crtend.o
                0x1004a654                _etext = .

.glue_7         0x1004a654        0x0
 .glue_7        0x1004a654        0x0 linker stubs

.glue_7t        0x1004a654        0x0
 .glue_7t       0x1004a654        0x0 linker stubs

.vfp11_veneer   0x1004a654        0x0
 .vfp11_veneer  0x1004a654        0x0 linker stubs

.v4_bx          0x1004a654        0x0
 .v4_bx         0x1004a654        0x0 linker stubs

.iplt           0x1004a654        0x0
 .iplt          0x1004a654        0x0 c:/maximsdk/tools/gnutools/bin/../lib/gcc/arm-none-eabi/9.2.1/thumb/v7e-m+fp/softfp/crtbegin.o

.bin_storage    0x1004a654        0x0
 FILL mask 0xff
                0x1004a654                _bin_start_ = .
 *(.bin_storage_img)
                0x1004a654                _bin_end_ = .
                0x1004a654                . = ALIGN (0x4)

.rom_code       0x00000000        0x0
                0x00000000                . = ALIGN (0x10)
                0x20000000                _sran_code = .
 *(.rom_code_section)
                0x20000000                _esran_code = .

.flash_code     0x1004a654        0xc
                0x1004a660                . = ALIGN (0x10)
 *fill*         0x1004a654        0xc 
                0x20000000                _sran_code = .
 *(.flash_code_section)
                0x20000000                _esran_code = .

.sram_code      0x20000000        0x0
                0x20000000                . = ALIGN (0x10)
                0x20000000                _sran_code = .
 *(.sram_code_section)
                0x20000000                _esran_code = .

.ARM.exidx      0x1004a660        0x8
                0x1004a660                __exidx_start = .
 *(.ARM.exidx*)
 .ARM.exidx     0x1004a660        0x8 c:/maximsdk/tools/gnutools/bin/../lib/gcc/arm-none-eabi/9.2.1/thumb/v7e-m+fp/softfp\libgcc.a(_udivmoddi4.o)
                0x1004a668                __exidx_end = .

.rel.dyn        0x1004a668        0x0
 .rel.iplt      0x1004a668        0x0 c:/maximsdk/tools/gnutools/bin/../lib/gcc/arm-none-eabi/9.2.1/thumb/v7e-m+fp/softfp/crtbegin.o

.data           0x20000000      0x9c4 load address 0x1004a668
                0x20000000                _data = ALIGN (., 0x4)
 *(.data*)
 .data.ConsoleUart
                0x20000000        0x4 c:/MaximSDK/Examples/MAX78000/CNN/faceid_demo/build/board.o
                0x20000000                ConsoleUart
 .data.overflows
                0x20000004        0x4 c:/MaximSDK/Libraries/PeriphDrivers/bin/MAX78000/softfp/libPeriphDriver_softfp.a(mxc_delay.o)
 .data._impure_ptr
                0x20000008        0x4 c:/maximsdk/tools/gnutools/bin/../lib/gcc/arm-none-eabi/9.2.1/../../../../arm-none-eabi/lib/thumb/v7e-m+fp/softfp\libc.a(lib_a-impure.o)
                0x20000008                _impure_ptr
 *fill*         0x2000000c        0x4 
 .data.impure_data
                0x20000010      0x428 c:/maximsdk/tools/gnutools/bin/../lib/gcc/arm-none-eabi/9.2.1/../../../../arm-none-eabi/lib/thumb/v7e-m+fp/softfp\libc.a(lib_a-impure.o)
 .data.__malloc_av_
                0x20000438      0x408 c:/maximsdk/tools/gnutools/bin/../lib/gcc/arm-none-eabi/9.2.1/../../../../arm-none-eabi/lib/thumb/v7e-m+fp/softfp\libc.a(lib_a-mallocr.o)
                0x20000438                __malloc_av_
 .data.__malloc_sbrk_base
                0x20000840        0x4 c:/maximsdk/tools/gnutools/bin/../lib/gcc/arm-none-eabi/9.2.1/../../../../arm-none-eabi/lib/thumb/v7e-m+fp/softfp\libc.a(lib_a-mallocr.o)
                0x20000840                __malloc_sbrk_base
 .data.__malloc_trim_threshold
                0x20000844        0x4 c:/maximsdk/tools/gnutools/bin/../lib/gcc/arm-none-eabi/9.2.1/../../../../arm-none-eabi/lib/thumb/v7e-m+fp/softfp\libc.a(lib_a-mallocr.o)
                0x20000844                __malloc_trim_threshold
 .data.__atexit_recursive_mutex
                0x20000848        0x4 c:/maximsdk/tools/gnutools/bin/../lib/gcc/arm-none-eabi/9.2.1/../../../../arm-none-eabi/lib/thumb/v7e-m+fp/softfp\libc.a(lib_a-__call_atexit.o)
                0x20000848                __atexit_recursive_mutex
 .data.__global_locale
                0x2000084c      0x16c c:/maximsdk/tools/gnutools/bin/../lib/gcc/arm-none-eabi/9.2.1/../../../../arm-none-eabi/lib/thumb/v7e-m+fp/softfp\libc.a(lib_a-locale.o)
                0x2000084c                __global_locale
                0x200009b8                . = ALIGN (0x4)
                0x200009b8                PROVIDE (__preinit_array_start = .)
 *(.preinit_array)
                0x200009b8                PROVIDE (__preinit_array_end = .)
                0x200009b8                . = ALIGN (0x4)
                0x200009b8                PROVIDE (__init_array_start = .)
 *(SORT_BY_NAME(.init_array.*))
 .init_array.00000
                0x200009b8        0x4 c:/maximsdk/tools/gnutools/bin/../lib/gcc/arm-none-eabi/9.2.1/../../../../arm-none-eabi/lib/thumb/v7e-m+fp/softfp\libc.a(lib_a-__call_atexit.o)
 *(.init_array)
 .init_array    0x200009bc        0x4 c:/maximsdk/tools/gnutools/bin/../lib/gcc/arm-none-eabi/9.2.1/thumb/v7e-m+fp/softfp/crtbegin.o
                0x200009c0                PROVIDE (__init_array_end = .)
                0x200009c0                . = ALIGN (0x4)
                0x200009c0                PROVIDE (__fini_array_start = .)
 *(SORT_BY_NAME(.fini_array.*))
 *(.fini_array)
 .fini_array    0x200009c0        0x4 c:/maximsdk/tools/gnutools/bin/../lib/gcc/arm-none-eabi/9.2.1/thumb/v7e-m+fp/softfp/crtbegin.o
                0x200009c4                PROVIDE (__fini_array_end = .)
                0x200009c4                _edata = ALIGN (., 0x4)
                0x1004a668                __load_data = LOADADDR (.data)

.igot.plt       0x200009c4        0x0 load address 0x1004b02c
 .igot.plt      0x200009c4        0x0 c:/maximsdk/tools/gnutools/bin/../lib/gcc/arm-none-eabi/9.2.1/thumb/v7e-m+fp/softfp/crtbegin.o

.bss            0x200009c4     0xe790 load address 0x1004b02c
                0x200009c4                . = ALIGN (0x4)
                0x200009c4                _bss = .
 *(.bss*)
 .bss           0x200009c4       0x1c c:/maximsdk/tools/gnutools/bin/../lib/gcc/arm-none-eabi/9.2.1/thumb/v7e-m+fp/softfp/crtbegin.o
 .bss.ml_data   0x200009e0      0x200 c:/MaximSDK/Examples/MAX78000/CNN/faceid_demo/build/main_faceid.o
 .bss.heap_end  0x20000be0        0x4 c:/MaximSDK/Examples/MAX78000/CNN/faceid_demo/build/heap.o
 .bss.cbFunc    0x20000be4        0x4 c:/MaximSDK/Libraries/PeriphDrivers/bin/MAX78000/softfp/libPeriphDriver_softfp.a(mxc_delay.o)
 .bss.ctrl_save
                0x20000be8        0x4 c:/MaximSDK/Libraries/PeriphDrivers/bin/MAX78000/softfp/libPeriphDriver_softfp.a(mxc_delay.o)
 .bss.endtick   0x20000bec        0x4 c:/MaximSDK/Libraries/PeriphDrivers/bin/MAX78000/softfp/libPeriphDriver_softfp.a(mxc_delay.o)
 .bss.callback  0x20000bf0      0x200 c:/MaximSDK/Libraries/PeriphDrivers/bin/MAX78000/softfp/libPeriphDriver_softfp.a(gpio_common.o)
 .bss.cbparam   0x20000df0      0x200 c:/MaximSDK/Libraries/PeriphDrivers/bin/MAX78000/softfp/libPeriphDriver_softfp.a(gpio_common.o)
 .bss.initialized
                0x20000ff0        0x1 c:/MaximSDK/Libraries/PeriphDrivers/bin/MAX78000/softfp/libPeriphDriver_softfp.a(gpio_common.o)
 *fill*         0x20000ff1        0x3 
 .bss.__malloc_current_mallinfo
                0x20000ff4       0x28 c:/maximsdk/tools/gnutools/bin/../lib/gcc/arm-none-eabi/9.2.1/../../../../arm-none-eabi/lib/thumb/v7e-m+fp/softfp\libc.a(lib_a-mallocr.o)
                0x20000ff4                __malloc_current_mallinfo
 .bss.__malloc_max_sbrked_mem
                0x2000101c        0x4 c:/maximsdk/tools/gnutools/bin/../lib/gcc/arm-none-eabi/9.2.1/../../../../arm-none-eabi/lib/thumb/v7e-m+fp/softfp\libc.a(lib_a-mallocr.o)
                0x2000101c                __malloc_max_sbrked_mem
 .bss.__malloc_max_total_mem
                0x20001020        0x4 c:/maximsdk/tools/gnutools/bin/../lib/gcc/arm-none-eabi/9.2.1/../../../../arm-none-eabi/lib/thumb/v7e-m+fp/softfp\libc.a(lib_a-mallocr.o)
                0x20001020                __malloc_max_total_mem
 .bss.__malloc_top_pad
                0x20001024        0x4 c:/maximsdk/tools/gnutools/bin/../lib/gcc/arm-none-eabi/9.2.1/../../../../arm-none-eabi/lib/thumb/v7e-m+fp/softfp\libc.a(lib_a-mallocr.o)
                0x20001024                __malloc_top_pad
 *(COMMON)
 COMMON         0x20001028        0x4 c:/MaximSDK/Examples/MAX78000/CNN/faceid_demo/build/main_faceid.o
                0x20001028                cnn_time
 COMMON         0x2000102c     0xe100 c:/MaximSDK/Examples/MAX78000/CNN/faceid_demo/build/utils_faceid.o
                0x2000102c                rxBuffer
 COMMON         0x2000f12c       0x21 c:/maximsdk/tools/gnutools/bin/../lib/gcc/arm-none-eabi/9.2.1/../../../../arm-none-eabi/lib/thumb/v7e-m+fp/softfp\libc.a(lib_a-lock.o)
                0x2000f12c                __lock___atexit_recursive_mutex
                0x2000f130                __lock___arc4random_mutex
                0x2000f134                __lock___env_recursive_mutex
                0x2000f138                __lock___sinit_recursive_mutex
                0x2000f13c                __lock___malloc_recursive_mutex
                0x2000f140                __lock___at_quick_exit_mutex
                0x2000f144                __lock___dd_hash_mutex
                0x2000f148                __lock___tz_mutex
                0x2000f14c                __lock___sfp_recursive_mutex
 *fill*         0x2000f14d        0x3 
 COMMON         0x2000f150        0x4 c:/maximsdk/tools/gnutools/bin/../lib/gcc/arm-none-eabi/9.2.1/../../../../arm-none-eabi/lib/thumb/v7e-m+fp/softfp\libc.a(lib_a-reent.o)
                0x2000f150                errno
                0x2000f154                _ebss = ALIGN (., 0x4)

.shared         0x2000f154        0x4 load address 0x1004b02c
                0x2000f154                . = ALIGN (0x4)
                0x2000f154                _shared = .
 *(.mailbox*)
                0x2000f154                . = ALIGN (0x4)
 *(.shared*)
 .shared        0x2000f154        0x4 c:/MaximSDK/Examples/MAX78000/CNN/faceid_demo/build/system_max78000.o
                0x2000f154                SystemCoreClock
                0x2000f158                _eshared = ALIGN (., 0x4)
                0x1004b02c                __shared_data = LOADADDR (.shared)
                0x20020000                __StackTop = (ORIGIN (SRAM) + LENGTH (SRAM))
                0x2001f000                __StackLimit = (__StackTop - SIZEOF (.stack_dummy))

.stack_dummy    0x2000f158     0x1000 load address 0x1004b030
 *(.stack*)
 .stack         0x2000f158     0x1000 c:/MaximSDK/Examples/MAX78000/CNN/faceid_demo/build/startup_max78000.o

.heap           0x2000f158      0xc00 load address 0x1004b030
                0x2000f158                . = ALIGN (0x4)
 *(.heap*)
 .heap          0x2000f158      0xc00 c:/MaximSDK/Examples/MAX78000/CNN/faceid_demo/build/startup_max78000.o
                0x2000f158                __HeapBase
                0x2001f000                __HeapLimit = ABSOLUTE (__StackLimit)
                0x20020000                PROVIDE (__stack = __StackTop)
                0x00000001                ASSERT ((__StackLimit >= _ebss), region RAM overflowed with stack)
OUTPUT(c:/MaximSDK/Examples/MAX78000/CNN/faceid_demo/build/max78000.elf elf32-littlearm)

.ARM.attributes
                0x00000000       0x2e
 .ARM.attributes
                0x00000000       0x1e c:/maximsdk/tools/gnutools/bin/../lib/gcc/arm-none-eabi/9.2.1/thumb/v7e-m+fp/softfp/crti.o
 .ARM.attributes
                0x0000001e       0x32 c:/maximsdk/tools/gnutools/bin/../lib/gcc/arm-none-eabi/9.2.1/thumb/v7e-m+fp/softfp/crtbegin.o
 .ARM.attributes
                0x00000050       0x32 c:/MaximSDK/Examples/MAX78000/CNN/faceid_demo/build/main_faceid.o
 .ARM.attributes
                0x00000082       0x32 c:/MaximSDK/Examples/MAX78000/CNN/faceid_demo/build/utils_faceid.o
 .ARM.attributes
                0x000000b4       0x32 c:/MaximSDK/Examples/MAX78000/CNN/faceid_demo/build/board.o
 .ARM.attributes
                0x000000e6       0x32 c:/MaximSDK/Examples/MAX78000/CNN/faceid_demo/build/stdio.o
 .ARM.attributes
                0x00000118       0x32 c:/MaximSDK/Examples/MAX78000/CNN/faceid_demo/build/led.o
 .ARM.attributes
                0x0000014a       0x32 c:/MaximSDK/Examples/MAX78000/CNN/faceid_demo/build/pb.o
 .ARM.attributes
                0x0000017c       0x1b c:/MaximSDK/Examples/MAX78000/CNN/faceid_demo/build/startup_max78000.o
 .ARM.attributes
                0x00000197       0x32 c:/MaximSDK/Examples/MAX78000/CNN/faceid_demo/build/heap.o
 .ARM.attributes
                0x000001c9       0x32 c:/MaximSDK/Examples/MAX78000/CNN/faceid_demo/build/system_max78000.o
 .ARM.attributes
                0x000001fb       0x32 c:/MaximSDK/Libraries/PeriphDrivers/bin/MAX78000/softfp/libPeriphDriver_softfp.a(mxc_delay.o)
 .ARM.attributes
                0x0000022d       0x37 c:/MaximSDK/Libraries/PeriphDrivers/bin/MAX78000/softfp/libPeriphDriver_softfp.a(pins_ai85.o)
 .ARM.attributes
                0x00000264       0x32 c:/MaximSDK/Libraries/PeriphDrivers/bin/MAX78000/softfp/libPeriphDriver_softfp.a(sys_ai85.o)
 .ARM.attributes
                0x00000296       0x32 c:/MaximSDK/Libraries/PeriphDrivers/bin/MAX78000/softfp/libPeriphDriver_softfp.a(gpio_ai85.o)
 .ARM.attributes
                0x000002c8       0x32 c:/MaximSDK/Libraries/PeriphDrivers/bin/MAX78000/softfp/libPeriphDriver_softfp.a(gpio_reva.o)
 .ARM.attributes
                0x000002fa       0x32 c:/MaximSDK/Libraries/PeriphDrivers/bin/MAX78000/softfp/libPeriphDriver_softfp.a(icc_me17.o)
 .ARM.attributes
                0x0000032c       0x32 c:/MaximSDK/Libraries/PeriphDrivers/bin/MAX78000/softfp/libPeriphDriver_softfp.a(icc_reva.o)
 .ARM.attributes
                0x0000035e       0x32 c:/MaximSDK/Libraries/PeriphDrivers/bin/MAX78000/softfp/libPeriphDriver_softfp.a(tmr_ai85.o)
 .ARM.attributes
                0x00000390       0x32 c:/MaximSDK/Libraries/PeriphDrivers/bin/MAX78000/softfp/libPeriphDriver_softfp.a(tmr_revb.o)
 .ARM.attributes
                0x000003c2       0x32 c:/MaximSDK/Libraries/PeriphDrivers/bin/MAX78000/softfp/libPeriphDriver_softfp.a(uart_ai85.o)
 .ARM.attributes
                0x000003f4       0x32 c:/MaximSDK/Libraries/PeriphDrivers/bin/MAX78000/softfp/libPeriphDriver_softfp.a(uart_common.o)
 .ARM.attributes
                0x00000426       0x32 c:/MaximSDK/Libraries/PeriphDrivers/bin/MAX78000/softfp/libPeriphDriver_softfp.a(uart_revb.o)
 .ARM.attributes
                0x00000458       0x32 c:/MaximSDK/Libraries/PeriphDrivers/bin/MAX78000/softfp/libPeriphDriver_softfp.a(gpio_common.o)
 .ARM.attributes
                0x0000048a       0x32 c:/MaximSDK/Libraries/PeriphDrivers/bin/MAX78000/softfp/libPeriphDriver_softfp.a(tmr_common.o)
 .ARM.attributes
                0x000004bc       0x32 c:/maximsdk/tools/gnutools/bin/../lib/gcc/arm-none-eabi/9.2.1/../../../../arm-none-eabi/lib/thumb/v7e-m+fp/softfp\libc.a(lib_a-errno.o)
 .ARM.attributes
                0x000004ee       0x30 c:/maximsdk/tools/gnutools/bin/../lib/gcc/arm-none-eabi/9.2.1/../../../../arm-none-eabi/lib/thumb/v7e-m+fp/softfp\libc.a(lib_a-impure.o)
 .ARM.attributes
                0x0000051e       0x32 c:/maximsdk/tools/gnutools/bin/../lib/gcc/arm-none-eabi/9.2.1/../../../../arm-none-eabi/lib/thumb/v7e-m+fp/softfp\libc.a(lib_a-init.o)
 .ARM.attributes
                0x00000550       0x32 c:/maximsdk/tools/gnutools/bin/../lib/gcc/arm-none-eabi/9.2.1/../../../../arm-none-eabi/lib/thumb/v7e-m+fp/softfp\libc.a(lib_a-mallocr.o)
 .ARM.attributes
                0x00000582       0x1c c:/maximsdk/tools/gnutools/bin/../lib/gcc/arm-none-eabi/9.2.1/../../../../arm-none-eabi/lib/thumb/v7e-m+fp/softfp\libc.a(lib_a-memcpy.o)
 .ARM.attributes
                0x0000059e       0x32 c:/maximsdk/tools/gnutools/bin/../lib/gcc/arm-none-eabi/9.2.1/../../../../arm-none-eabi/lib/thumb/v7e-m+fp/softfp\libc.a(lib_a-memset.o)
 .ARM.attributes
                0x000005d0       0x32 c:/maximsdk/tools/gnutools/bin/../lib/gcc/arm-none-eabi/9.2.1/../../../../arm-none-eabi/lib/thumb/v7e-m+fp/softfp\libc.a(lib_a-mlock.o)
 .ARM.attributes
                0x00000602       0x32 c:/maximsdk/tools/gnutools/bin/../lib/gcc/arm-none-eabi/9.2.1/../../../../arm-none-eabi/lib/thumb/v7e-m+fp/softfp\libc.a(lib_a-printf.o)
 .ARM.attributes
                0x00000634       0x32 c:/maximsdk/tools/gnutools/bin/../lib/gcc/arm-none-eabi/9.2.1/../../../../arm-none-eabi/lib/thumb/v7e-m+fp/softfp\libc.a(lib_a-puts.o)
 .ARM.attributes
                0x00000666       0x32 c:/maximsdk/tools/gnutools/bin/../lib/gcc/arm-none-eabi/9.2.1/../../../../arm-none-eabi/lib/thumb/v7e-m+fp/softfp\libc.a(lib_a-sbrkr.o)
 .ARM.attributes
                0x00000698       0x1c c:/maximsdk/tools/gnutools/bin/../lib/gcc/arm-none-eabi/9.2.1/../../../../arm-none-eabi/lib/thumb/v7e-m+fp/softfp\libc.a(lib_a-strlen.o)
 .ARM.attributes
                0x000006b4       0x32 c:/maximsdk/tools/gnutools/bin/../lib/gcc/arm-none-eabi/9.2.1/../../../../arm-none-eabi/lib/thumb/v7e-m+fp/softfp\libc.a(lib_a-vfprintf.o)
 .ARM.attributes
                0x000006e6       0x32 c:/maximsdk/tools/gnutools/bin/../lib/gcc/arm-none-eabi/9.2.1/../../../../arm-none-eabi/lib/thumb/v7e-m+fp/softfp\libc.a(lib_a-wsetup.o)
 .ARM.attributes
                0x00000718       0x32 c:/maximsdk/tools/gnutools/bin/../lib/gcc/arm-none-eabi/9.2.1/../../../../arm-none-eabi/lib/thumb/v7e-m+fp/softfp\libc.a(lib_a-__call_atexit.o)
 .ARM.attributes
                0x0000074a       0x32 c:/maximsdk/tools/gnutools/bin/../lib/gcc/arm-none-eabi/9.2.1/../../../../arm-none-eabi/lib/thumb/v7e-m+fp/softfp\libc.a(lib_a-atexit.o)
 .ARM.attributes
                0x0000077c       0x32 c:/maximsdk/tools/gnutools/bin/../lib/gcc/arm-none-eabi/9.2.1/../../../../arm-none-eabi/lib/thumb/v7e-m+fp/softfp\libc.a(lib_a-dtoa.o)
 .ARM.attributes
                0x000007ae       0x32 c:/maximsdk/tools/gnutools/bin/../lib/gcc/arm-none-eabi/9.2.1/../../../../arm-none-eabi/lib/thumb/v7e-m+fp/softfp\libc.a(lib_a-fflush.o)
 .ARM.attributes
                0x000007e0       0x32 c:/maximsdk/tools/gnutools/bin/../lib/gcc/arm-none-eabi/9.2.1/../../../../arm-none-eabi/lib/thumb/v7e-m+fp/softfp\libc.a(lib_a-findfp.o)
 .ARM.attributes
                0x00000812       0x32 c:/maximsdk/tools/gnutools/bin/../lib/gcc/arm-none-eabi/9.2.1/../../../../arm-none-eabi/lib/thumb/v7e-m+fp/softfp\libc.a(lib_a-fini.o)
 .ARM.attributes
                0x00000844       0x32 c:/maximsdk/tools/gnutools/bin/../lib/gcc/arm-none-eabi/9.2.1/../../../../arm-none-eabi/lib/thumb/v7e-m+fp/softfp\libc.a(lib_a-freer.o)
 .ARM.attributes
                0x00000876       0x32 c:/maximsdk/tools/gnutools/bin/../lib/gcc/arm-none-eabi/9.2.1/../../../../arm-none-eabi/lib/thumb/v7e-m+fp/softfp\libc.a(lib_a-fvwrite.o)
 .ARM.attributes
                0x000008a8       0x32 c:/maximsdk/tools/gnutools/bin/../lib/gcc/arm-none-eabi/9.2.1/../../../../arm-none-eabi/lib/thumb/v7e-m+fp/softfp\libc.a(lib_a-fwalk.o)
 .ARM.attributes
                0x000008da       0x32 c:/maximsdk/tools/gnutools/bin/../lib/gcc/arm-none-eabi/9.2.1/../../../../arm-none-eabi/lib/thumb/v7e-m+fp/softfp\libc.a(lib_a-localeconv.o)
 .ARM.attributes
                0x0000090c       0x32 c:/maximsdk/tools/gnutools/bin/../lib/gcc/arm-none-eabi/9.2.1/../../../../arm-none-eabi/lib/thumb/v7e-m+fp/softfp\libc.a(lib_a-lock.o)
 .ARM.attributes
                0x0000093e       0x32 c:/maximsdk/tools/gnutools/bin/../lib/gcc/arm-none-eabi/9.2.1/../../../../arm-none-eabi/lib/thumb/v7e-m+fp/softfp\libc.a(lib_a-makebuf.o)
 .ARM.attributes
                0x00000970       0x1c c:/maximsdk/tools/gnutools/bin/../lib/gcc/arm-none-eabi/9.2.1/../../../../arm-none-eabi/lib/thumb/v7e-m+fp/softfp\libc.a(lib_a-memchr.o)
 .ARM.attributes
                0x0000098c       0x32 c:/maximsdk/tools/gnutools/bin/../lib/gcc/arm-none-eabi/9.2.1/../../../../arm-none-eabi/lib/thumb/v7e-m+fp/softfp\libc.a(lib_a-memmove.o)
 .ARM.attributes
                0x000009be       0x32 c:/maximsdk/tools/gnutools/bin/../lib/gcc/arm-none-eabi/9.2.1/../../../../arm-none-eabi/lib/thumb/v7e-m+fp/softfp\libc.a(lib_a-mprec.o)
 .ARM.attributes
                0x000009f0       0x32 c:/maximsdk/tools/gnutools/bin/../lib/gcc/arm-none-eabi/9.2.1/../../../../arm-none-eabi/lib/thumb/v7e-m+fp/softfp\libc.a(lib_a-reallocr.o)
 .ARM.attributes
                0x00000a22       0x32 c:/maximsdk/tools/gnutools/bin/../lib/gcc/arm-none-eabi/9.2.1/../../../../arm-none-eabi/lib/thumb/v7e-m+fp/softfp\libc.a(lib_a-reent.o)
 .ARM.attributes
                0x00000a54       0x32 c:/maximsdk/tools/gnutools/bin/../lib/gcc/arm-none-eabi/9.2.1/../../../../arm-none-eabi/lib/thumb/v7e-m+fp/softfp\libc.a(lib_a-s_frexp.o)
 .ARM.attributes
                0x00000a86       0x32 c:/maximsdk/tools/gnutools/bin/../lib/gcc/arm-none-eabi/9.2.1/../../../../arm-none-eabi/lib/thumb/v7e-m+fp/softfp\libc.a(lib_a-stdio.o)
 .ARM.attributes
                0x00000ab8       0x32 c:/maximsdk/tools/gnutools/bin/../lib/gcc/arm-none-eabi/9.2.1/../../../../arm-none-eabi/lib/thumb/v7e-m+fp/softfp\libc.a(lib_a-strncpy.o)
 .ARM.attributes
                0x00000aea       0x32 c:/maximsdk/tools/gnutools/bin/../lib/gcc/arm-none-eabi/9.2.1/../../../../arm-none-eabi/lib/thumb/v7e-m+fp/softfp\libc.a(lib_a-vfiprintf.o)
 .ARM.attributes
                0x00000b1c       0x32 c:/maximsdk/tools/gnutools/bin/../lib/gcc/arm-none-eabi/9.2.1/../../../../arm-none-eabi/lib/thumb/v7e-m+fp/softfp\libc.a(lib_a-writer.o)
 .ARM.attributes
                0x00000b4e       0x32 c:/maximsdk/tools/gnutools/bin/../lib/gcc/arm-none-eabi/9.2.1/../../../../arm-none-eabi/lib/thumb/v7e-m+fp/softfp\libc.a(lib_a-__atexit.o)
 .ARM.attributes