Archive member included to satisfy reference by file (symbol)

../../../../Libraries/PeriphDrivers/bin/MAX78000/softfp/libPeriphDriver_softfp.a(mxc_delay.o)
                              c:/MaximSDK/Examples/MAX78000/CNN/faceid_evkit/build/tft.o (MXC_Delay)
../../../../Libraries/PeriphDrivers/bin/MAX78000/softfp/libPeriphDriver_softfp.a(pins_ai85.o)
                              c:/MaximSDK/Examples/MAX78000/CNN/faceid_evkit/build/camera.o (gpio_cfg_pcif_xclk)
../../../../Libraries/PeriphDrivers/bin/MAX78000/softfp/libPeriphDriver_softfp.a(sys_ai85.o)
                              c:/MaximSDK/Examples/MAX78000/CNN/faceid_evkit/build/state_faceID.o (MXC_SYS_ClockDisable)
../../../../Libraries/PeriphDrivers/bin/MAX78000/softfp/libPeriphDriver_softfp.a(nvic_table.o)
                              c:/MaximSDK/Examples/MAX78000/CNN/faceid_evkit/build/cnn.o (NVIC_SetVector)
../../../../Libraries/PeriphDrivers/bin/MAX78000/softfp/libPeriphDriver_softfp.a(aes_me17.o)
                              ../../../../Libraries/PeriphDrivers/bin/MAX78000/softfp/libPeriphDriver_softfp.a(sys_ai85.o) (MXC_AES_Init)
../../../../Libraries/PeriphDrivers/bin/MAX78000/softfp/libPeriphDriver_softfp.a(aes_revb.o)
                              ../../../../Libraries/PeriphDrivers/bin/MAX78000/softfp/libPeriphDriver_softfp.a(aes_me17.o) (MXC_AES_RevB_Init)
../../../../Libraries/PeriphDrivers/bin/MAX78000/softfp/libPeriphDriver_softfp.a(cameraif_ai85.o)
                              c:/MaximSDK/Examples/MAX78000/CNN/faceid_evkit/build/camera.o (MXC_PCIF_Init)
../../../../Libraries/PeriphDrivers/bin/MAX78000/softfp/libPeriphDriver_softfp.a(cameraif_reva.o)
                              ../../../../Libraries/PeriphDrivers/bin/MAX78000/softfp/libPeriphDriver_softfp.a(cameraif_ai85.o) (MXC_PCIF_RevA_SetDatawidth)
../../../../Libraries/PeriphDrivers/bin/MAX78000/softfp/libPeriphDriver_softfp.a(dma_me17.o)
                              c:/MaximSDK/Examples/MAX78000/CNN/faceid_evkit/build/main.o (MXC_DMA_Init)
../../../../Libraries/PeriphDrivers/bin/MAX78000/softfp/libPeriphDriver_softfp.a(dma_reva.o)
                              ../../../../Libraries/PeriphDrivers/bin/MAX78000/softfp/libPeriphDriver_softfp.a(dma_me17.o) (MXC_DMA_RevA_Init)
../../../../Libraries/PeriphDrivers/bin/MAX78000/softfp/libPeriphDriver_softfp.a(lp_ai85.o)
                              c:/MaximSDK/Examples/MAX78000/CNN/faceid_evkit/build/state_faceID.o (MXC_LP_EnterSleepMode)
../../../../Libraries/PeriphDrivers/bin/MAX78000/softfp/libPeriphDriver_softfp.a(flc_me17.o)
                              ../../../../Libraries/PeriphDrivers/bin/MAX78000/softfp/libPeriphDriver_softfp.a(sys_ai85.o) (MXC_FLC_UnlockInfoBlock)
../../../../Libraries/PeriphDrivers/bin/MAX78000/softfp/libPeriphDriver_softfp.a(flc_revb.o)
                              ../../../../Libraries/PeriphDrivers/bin/MAX78000/softfp/libPeriphDriver_softfp.a(flc_me17.o) (MXC_FLC_RevB_Busy)
../../../../Libraries/PeriphDrivers/bin/MAX78000/softfp/libPeriphDriver_softfp.a(gpio_ai85.o)
                              c:/MaximSDK/Examples/MAX78000/CNN/faceid_evkit/build/cnn.o (MXC_GPIO_Config)
../../../../Libraries/PeriphDrivers/bin/MAX78000/softfp/libPeriphDriver_softfp.a(gpio_reva.o)
                              ../../../../Libraries/PeriphDrivers/bin/MAX78000/softfp/libPeriphDriver_softfp.a(gpio_ai85.o) (MXC_GPIO_RevA_InGet)
../../../../Libraries/PeriphDrivers/bin/MAX78000/softfp/libPeriphDriver_softfp.a(icc_me17.o)
                              c:/MaximSDK/Examples/MAX78000/CNN/faceid_evkit/build/main.o (MXC_ICC_Enable)
../../../../Libraries/PeriphDrivers/bin/MAX78000/softfp/libPeriphDriver_softfp.a(icc_reva.o)
                              ../../../../Libraries/PeriphDrivers/bin/MAX78000/softfp/libPeriphDriver_softfp.a(icc_me17.o) (MXC_ICC_RevA_ID)
../../../../Libraries/PeriphDrivers/bin/MAX78000/softfp/libPeriphDriver_softfp.a(pt_me17.o)
                              c:/MaximSDK/Examples/MAX78000/CNN/faceid_evkit/build/camera.o (MXC_PT_Init)
../../../../Libraries/PeriphDrivers/bin/MAX78000/softfp/libPeriphDriver_softfp.a(pt_reva.o)
                              ../../../../Libraries/PeriphDrivers/bin/MAX78000/softfp/libPeriphDriver_softfp.a(pt_me17.o) (MXC_PT_RevA_Init)
../../../../Libraries/PeriphDrivers/bin/MAX78000/softfp/libPeriphDriver_softfp.a(rtc_me17.o)
                              c:/MaximSDK/Examples/MAX78000/CNN/faceid_evkit/build/main.o (MXC_RTC_Start)
../../../../Libraries/PeriphDrivers/bin/MAX78000/softfp/libPeriphDriver_softfp.a(rtc_reva.o)
                              ../../../../Libraries/PeriphDrivers/bin/MAX78000/softfp/libPeriphDriver_softfp.a(rtc_me17.o) (MXC_RTC_RevA_EnableInt)
../../../../Libraries/PeriphDrivers/bin/MAX78000/softfp/libPeriphDriver_softfp.a(spi_me17.o)
                              c:/MaximSDK/Examples/MAX78000/CNN/faceid_evkit/build/tft.o (MXC_SPI_Init)
../../../../Libraries/PeriphDrivers/bin/MAX78000/softfp/libPeriphDriver_softfp.a(spi_reva.o)
[...]
Memory Configuration

Name             Origin             Length             Attributes
ROM              0x00000000         0x00010000         xr
FLASH            0x10000000         0x00080000         xr
SRAM             0x20000000         0x00020000         xrw
*default*        0x00000000         0xffffffff

Linker script and memory map

LOAD c:/maximsdk/tools/gnutools/bin/../lib/gcc/arm-none-eabi/9.2.1/thumb/v7e-m+fp/softfp/crti.o
LOAD c:/maximsdk/tools/gnutools/bin/../lib/gcc/arm-none-eabi/9.2.1/thumb/v7e-m+fp/softfp/crtbegin.o
LOAD c:/maximsdk/tools/gnutools/bin/../lib/gcc/arm-none-eabi/9.2.1/../../../../arm-none-eabi/lib/thumb/v7e-m+fp/softfp/crt0.o
LOAD c:/MaximSDK/Examples/MAX78000/CNN/faceid_evkit/build/main.o
LOAD c:/MaximSDK/Examples/MAX78000/CNN/faceid_evkit/build/all_imgs.o
LOAD c:/MaximSDK/Examples/MAX78000/CNN/faceid_evkit/build/utils.o
LOAD c:/MaximSDK/Examples/MAX78000/CNN/faceid_evkit/build/state.o
LOAD c:/MaximSDK/Examples/MAX78000/CNN/faceid_evkit/build/state_home.o
LOAD c:/MaximSDK/Examples/MAX78000/CNN/faceid_evkit/build/state_faceID.o
LOAD c:/MaximSDK/Examples/MAX78000/CNN/faceid_evkit/build/cnn.o
LOAD c:/MaximSDK/Examples/MAX78000/CNN/faceid_evkit/build/embedding_process.o
LOAD c:/MaximSDK/Examples/MAX78000/CNN/faceid_evkit/build/board.o
LOAD c:/MaximSDK/Examples/MAX78000/CNN/faceid_evkit/build/stdio.o
LOAD c:/MaximSDK/Examples/MAX78000/CNN/faceid_evkit/build/led.o
LOAD c:/MaximSDK/Examples/MAX78000/CNN/faceid_evkit/build/pb.o
LOAD c:/MaximSDK/Examples/MAX78000/CNN/faceid_evkit/build/tft.o
LOAD c:/MaximSDK/Examples/MAX78000/CNN/faceid_evkit/build/touchscreen.o
LOAD c:/MaximSDK/Examples/MAX78000/CNN/faceid_evkit/build/camera.o
LOAD c:/MaximSDK/Examples/MAX78000/CNN/faceid_evkit/build/ov7692.o
LOAD c:/MaximSDK/Examples/MAX78000/CNN/faceid_evkit/build/sccb.o
LOAD c:/MaximSDK/Examples/MAX78000/CNN/faceid_evkit/build/startup_max78000.o
LOAD c:/MaximSDK/Examples/MAX78000/CNN/faceid_evkit/build/heap.o
LOAD c:/MaximSDK/Examples/MAX78000/CNN/faceid_evkit/build/system_max78000.o
START GROUP
LOAD ../../../../Libraries/PeriphDrivers/bin/MAX78000/softfp/libPeriphDriver_softfp.a
LOAD c:/maximsdk/tools/gnutools/bin/../lib/gcc/arm-none-eabi/9.2.1/../../../../arm-none-eabi/lib/thumb/v7e-m+fp/softfp\libc.a
LOAD c:/maximsdk/tools/gnutools/bin/../lib/gcc/arm-none-eabi/9.2.1/../../../../arm-none-eabi/lib/thumb/v7e-m+fp/softfp\libm.a
LOAD c:/maximsdk/tools/gnutools/bin/../lib/gcc/arm-none-eabi/9.2.1/../../../../arm-none-eabi/lib/thumb/v7e-m+fp/softfp\libnosys.a
END GROUP
START GROUP
LOAD c:/maximsdk/tools/gnutools/bin/../lib/gcc/arm-none-eabi/9.2.1/thumb/v7e-m+fp/softfp\libgcc.a
LOAD c:/maximsdk/tools/gnutools/bin/../lib/gcc/arm-none-eabi/9.2.1/../../../../arm-none-eabi/lib/thumb/v7e-m+fp/softfp\libc.a
END GROUP
LOAD c:/maximsdk/tools/gnutools/bin/../lib/gcc/arm-none-eabi/9.2.1/thumb/v7e-m+fp/softfp/crtend.o
LOAD c:/maximsdk/tools/gnutools/bin/../lib/gcc/arm-none-eabi/9.2.1/thumb/v7e-m+fp/softfp/crtn.o

.rom
 *(.rom_vector)
 *(.rom_handlers*)

.text           0x10000000    0x41634
                0x10000000                _text = .
 *(.isr_vector)
 .isr_vector    0x10000000      0x1e0 c:/MaximSDK/Examples/MAX78000/CNN/faceid_evkit/build/startup_max78000.o
                0x10000000                __isr_vector
 *(.text*)
 .text          0x100001e0       0x40 c:/maximsdk/tools/gnutools/bin/../lib/gcc/arm-none-eabi/9.2.1/thumb/v7e-m+fp/softfp/crtbegin.o
 .text.WUT_IRQHandler
                0x10000220        0x4 c:/MaximSDK/Examples/MAX78000/CNN/faceid_evkit/build/main.o
                0x10000220                WUT_IRQHandler
 .text.startup.main
                0x10000224      0x1dc c:/MaximSDK/Examples/MAX78000/CNN/faceid_evkit/build/main.o
                0x10000224                main
 .text.utils_get_time_ms
                0x10000400       0x3c c:/MaximSDK/Examples/MAX78000/CNN/faceid_evkit/build/utils.o
                0x10000400                utils_get_time_ms
 .text.state_init
                0x1000043c       0x18 c:/MaximSDK/Examples/MAX78000/CNN/faceid_evkit/build/state.o
                0x1000043c                state_init
 .text.state_set_current
                0x10000454       0x14 c:/MaximSDK/Examples/MAX78000/CNN/faceid_evkit/build/state.o
                0x10000454                state_set_current
 .text.state_get_current
                0x10000468        0xc c:/MaximSDK/Examples/MAX78000/CNN/faceid_evkit/build/state.o
                0x10000468                state_get_current
 .text.init     0x10000474       0xa8 c:/MaximSDK/Examples/MAX78000/CNN/faceid_evkit/build/state_home.o
 .text.key_process
                0x1000051c       0x18 c:/MaximSDK/Examples/MAX78000/CNN/faceid_evkit/build/state_home.o
 .text.get_home_state
                0x10000534        0x8 c:/MaximSDK/Examples/MAX78000/CNN/faceid_evkit/build/state_home.o
                0x10000534                get_home_state
 .text.run_cnn  0x1000053c      0x2b0 c:/MaximSDK/Examples/MAX78000/CNN/faceid_evkit/build/state_faceID.o
 .text.key_process
                0x100007ec       0x18 c:/MaximSDK/Examples/MAX78000/CNN/faceid_evkit/build/state_faceID.o
 .text.init     0x10000804      0x2a8 c:/MaximSDK/Examples/MAX78000/CNN/faceid_evkit/build/state_faceID.o
 .text.get_faceID_state
                0x10000aac        0x8 c:/MaximSDK/Examples/MAX78000/CNN/faceid_evkit/build/state_faceID.o
                0x10000aac                get_faceID_state
 .text.CNN_ISR  0x10000ab4       0x54 c:/MaximSDK/Examples/MAX78000/CNN/faceid_evkit/build/cnn.o
                0x10000ab4                CNN_ISR
 .text.cnn_stop
                0x10000b08       0x14 c:/MaximSDK/Examples/MAX78000/CNN/faceid_evkit/build/cnn.o
                0x10000b08                cnn_stop
 .text.cnn_load_weights
                0x10000b1c      0xc08 c:/MaximSDK/Examples/MAX78000/CNN/faceid_evkit/build/cnn.o
                0x10000b1c                cnn_load_weights
 .text.cnn_load_bias
                0x10001724        0x4 c:/MaximSDK/Examples/MAX78000/CNN/faceid_evkit/build/cnn.o
                0x10001724                cnn_load_bias
 .text.cnn_init
                0x10001728       0x74 c:/MaximSDK/Examples/MAX78000/CNN/faceid_evkit/build/cnn.o
                0x10001728                cnn_init
 .text.cnn_configure
                0x1000179c     0x1328 c:/MaximSDK/Examples/MAX78000/CNN/faceid_evkit/build/cnn.o
                0x1000179c                cnn_configure
 .text.cnn_start
                0x10002ac4       0x50 c:/MaximSDK/Examples/MAX78000/CNN/faceid_evkit/build/cnn.o
                0x10002ac4                cnn_start
 .text.cnn_unload
                0x10002b14      0xde4 c:/MaximSDK/Examples/MAX78000/CNN/faceid_evkit/build/cnn.o
                0x10002b14                cnn_unload
 .text.cnn_enable
                0x100038f8       0x3c c:/MaximSDK/Examples/MAX78000/CNN/faceid_evkit/build/cnn.o
                0x100038f8                cnn_enable
 .text.init_database
                0x10003934       0x94 c:/MaximSDK/Examples/MAX78000/CNN/faceid_evkit/build/embedding_process.o
                0x10003934                init_database
 .text.get_subject
                0x100039c8       0x44 c:/MaximSDK/Examples/MAX78000/CNN/faceid_evkit/build/embedding_process.o
                0x100039c8                get_subject
 .text.get_min_dist_counter
                0x10003a0c       0x18 c:/MaximSDK/Examples/MAX78000/CNN/faceid_evkit/build/embedding_process.o
                0x10003a0c                get_min_dist_counter
 .text.calculate_minDistance
                0x10003a24      0x28c c:/MaximSDK/Examples/MAX78000/CNN/faceid_evkit/build/embedding_process.o
                0x10003a24                calculate_minDistance
 .text.mxc_assert
                0x10003cb0       0x10 c:/MaximSDK/Examples/MAX78000/CNN/faceid_evkit/build/board.o
                0x10003cb0                mxc_assert
 .text.Board_Init
                0x10003cc0       0x70 c:/MaximSDK/Examples/MAX78000/CNN/faceid_evkit/build/board.o
                0x10003cc0                Board_Init
 .text.NMI_Handler
                0x10003d30        0x4 c:/MaximSDK/Examples/MAX78000/CNN/faceid_evkit/build/board.o
                0x10003d30                NMI_Handler
 .text.Camera_Power
                0x10003d34        0x8 c:/MaximSDK/Examples/MAX78000/CNN/faceid_evkit/build/board.o
                0x10003d34                Camera_Power
 .text._close   0x10003d3c        0x8 c:/MaximSDK/Examples/MAX78000/CNN/faceid_evkit/build/stdio.o
                0x10003d3c                _close
 .text._isatty  0x10003d44        0x8 c:/MaximSDK/Examples/MAX78000/CNN/faceid_evkit/build/stdio.o
                0x10003d44                _isatty
 .text._lseek   0x10003d4c        0x8 c:/MaximSDK/Examples/MAX78000/CNN/faceid_evkit/build/stdio.o
                0x10003d4c                _lseek
 .text._fstat   0x10003d54        0x8 c:/MaximSDK/Examples/MAX78000/CNN/faceid_evkit/build/stdio.o
                0x10003d54                _fstat
 .text._read    0x10003d5c       0x50 c:/MaximSDK/Examples/MAX78000/CNN/faceid_evkit/build/stdio.o
                0x10003d5c                _read
 .text._write   0x10003dac       0x4c c:/MaximSDK/Examples/MAX78000/CNN/faceid_evkit/build/stdio.o
                0x10003dac                _write
 .text.LED_On   0x10003df8       0x40 c:/MaximSDK/Examples/MAX78000/CNN/faceid_evkit/build/led.o
                0x10003df8                LED_On
 .text.LED_Off  0x10003e38       0x40 c:/MaximSDK/Examples/MAX78000/CNN/faceid_evkit/build/led.o
                0x10003e38                LED_Off
 .text.LED_Init
                0x10003e78       0x40 c:/MaximSDK/Examples/MAX78000/CNN/faceid_evkit/build/led.o
                0x10003e78                LED_Init
 .text.PB_Init  0x10003eb8       0x34 c:/MaximSDK/Examples/MAX78000/CNN/faceid_evkit/build/pb.o
                0x10003eb8                PB_Init
 .text.GPIO0_IRQHandler
                0x10003eec        0x8 c:/MaximSDK/Examples/MAX78000/CNN/faceid_evkit/build/pb.o
                0x10003eec                GPIO0_IRQHandler
 .text.GPIO1_IRQHandler
                0x10003ef4        0x8 c:/MaximSDK/Examples/MAX78000/CNN/faceid_evkit/build/pb.o
                0x10003ef4                GPIO1_IRQHandler
 .text.GPIO2_IRQHandler
                0x10003efc        0x8 c:/MaximSDK/Examples/MAX78000/CNN/faceid_evkit/build/pb.o
                0x10003efc                GPIO2_IRQHandler
 .text.get_font_info
                0x10003f04       0x40 c:/MaximSDK/Examples/MAX78000/CNN/faceid_evkit/build/tft.o
 .text.setPalette
                0x10003f44       0xcc c:/MaximSDK/Examples/MAX78000/CNN/faceid_evkit/build/tft.o
 .text.spi_transmit
                0x10004010       0xc4 c:/MaximSDK/Examples/MAX78000/CNN/faceid_evkit/build/tft.o
 .text.write_data
                0x100040d4       0x34 c:/MaximSDK/Examples/MAX78000/CNN/faceid_evkit/build/tft.o
 .text.displaySub
                0x10004108       0xac c:/MaximSDK/Examples/MAX78000/CNN/faceid_evkit/build/tft.o
 .text.displaySub_Rotated
                0x100041b4       0xbc c:/MaximSDK/Examples/MAX78000/CNN/faceid_evkit/build/tft.o
 .text.displaySub_Special
                0x10004270       0xb8 c:/MaximSDK/Examples/MAX78000/CNN/faceid_evkit/build/tft.o
 .text.write_color
                0x10004328       0x28 c:/MaximSDK/Examples/MAX78000/CNN/faceid_evkit/build/tft.o
 .text.print_line
                0x10004350       0x74 c:/MaximSDK/Examples/MAX78000/CNN/faceid_evkit/build/tft.o
 .text.RLE_decode
                0x100043c4      0x1a4 c:/MaximSDK/Examples/MAX78000/CNN/faceid_evkit/build/tft.o
 .text.print_line_rgb565
                0x10004568       0xc0 c:/MaximSDK/Examples/MAX78000/CNN/faceid_evkit/build/tft.o
 .text.writeSubBitmap
                0x10004628       0xf8 c:/MaximSDK/Examples/MAX78000/CNN/faceid_evkit/build/tft.o
 .text.get_bitmap_info
                0x10004720       0x50 c:/MaximSDK/Examples/MAX78000/CNN/faceid_evkit/build/tft.o
 .text.MXC_TFT_PrintFont.part.0
                0x10004770      0x1e0 c:/MaximSDK/Examples/MAX78000/CNN/faceid_evkit/build/tft.o
 .text.MXC_TFT_SetRotation
                0x10004950       0x30 c:/MaximSDK/Examples/MAX78000/CNN/faceid_evkit/build/tft.o
                0x10004950                MXC_TFT_SetRotation
 .text.MXC_TFT_SetBackGroundColor
                0x10004980       0xd0 c:/MaximSDK/Examples/MAX78000/CNN/faceid_evkit/build/tft.o
                0x10004980                MXC_TFT_SetBackGroundColor
 .text.MXC_TFT_SetPalette
                0x10004a50       0x30 c:/MaximSDK/Examples/MAX78000/CNN/faceid_evkit/build/tft.o
                0x10004a50                MXC_TFT_SetPalette
 .text.MXC_TFT_Backlight
                0x10004a80       0x1c c:/MaximSDK/Examples/MAX78000/CNN/faceid_evkit/build/tft.o
                0x10004a80                MXC_TFT_Backlight
 .text.MXC_TFT_Init
                0x10004a9c      0x40c c:/MaximSDK/Examples/MAX78000/CNN/faceid_evkit/build/tft.o
                0x10004a9c                MXC_TFT_Init
 .text.MXC_TFT_ShowImage
                0x10004ea8       0xcc c:/MaximSDK/Examples/MAX78000/CNN/faceid_evkit/build/tft.o
                0x10004ea8                MXC_TFT_ShowImage
 .text.MXC_TFT_ShowImageCameraRGB565
                0x10004f74       0xdc c:/MaximSDK/Examples/MAX78000/CNN/faceid_evkit/build/tft.o
                0x10004f74                MXC_TFT_ShowImageCameraRGB565
 .text.MXC_TFT_PrintFont
                0x10005050       0x1c c:/MaximSDK/Examples/MAX78000/CNN/faceid_evkit/build/tft.o
                0x10005050                MXC_TFT_PrintFont
 .text.MXC_TFT_ClearArea
                0x1000506c       0xdc c:/MaximSDK/Examples/MAX78000/CNN/faceid_evkit/build/tft.o
                0x1000506c                MXC_TFT_ClearArea
 .text.MXC_TFT_WriteReg
                0x10005148       0x20 c:/MaximSDK/Examples/MAX78000/CNN/faceid_evkit/build/tft.o
                0x10005148                MXC_TFT_WriteReg
 .text.spi_transmit_tsc2046
                0x10005168       0x80 c:/MaximSDK/Examples/MAX78000/CNN/faceid_evkit/build/touchscreen.o
 .text.MXC_TS_Start
                0x100051e8       0x20 c:/MaximSDK/Examples/MAX78000/CNN/faceid_evkit/build/touchscreen.o
                0x100051e8                MXC_TS_Start
 .text.MXC_TS_Stop
                0x10005208       0x20 c:/MaximSDK/Examples/MAX78000/CNN/faceid_evkit/build/touchscreen.o
                0x10005208                MXC_TS_Stop
 .text.tsHandler
                0x10005228       0xd8 c:/MaximSDK/Examples/MAX78000/CNN/faceid_evkit/build/touchscreen.o
 .text.MXC_TS_Init
                0x10005300      0x124 c:/MaximSDK/Examples/MAX78000/CNN/faceid_evkit/build/touchscreen.o
                0x10005300                MXC_TS_Init
 .text.MXC_TS_AddButton
                0x10005424       0x3c c:/MaximSDK/Examples/MAX78000/CNN/faceid_evkit/build/touchscreen.o
                0x10005424                MXC_TS_AddButton
 .text.MXC_TS_RemoveAllButton
                0x10005460       0x18 c:/MaximSDK/Examples/MAX78000/CNN/faceid_evkit/build/touchscreen.o
                0x10005460                MXC_TS_RemoveAllButton
 .text.MXC_TS_GetKey
                0x10005478       0x10 c:/MaximSDK/Examples/MAX78000/CNN/faceid_evkit/build/touchscreen.o
                0x10005478                MXC_TS_GetKey
 .text.camera_irq_handler
                0x10005488      0x13c c:/MaximSDK/Examples/MAX78000/CNN/faceid_evkit/build/camera.o
                0x10005488                camera_irq_handler
 .text.stream_callback
                0x100055c4       0xbc c:/MaximSDK/Examples/MAX78000/CNN/faceid_evkit/build/camera.o
 .text.setup_dma
                0x10005680       0x84 c:/MaximSDK/Examples/MAX78000/CNN/faceid_evkit/build/camera.o
 .text.stream_irq_handler
                0x10005704        0x4 c:/MaximSDK/Examples/MAX78000/CNN/faceid_evkit/build/camera.o
                0x10005704                stream_irq_handler
 .text.camera_init
                0x10005708      0x148 c:/MaximSDK/Examples/MAX78000/CNN/faceid_evkit/build/camera.o
                0x10005708                camera_init
 .text.camera_setup
                0x10005850      0x1b8 c:/MaximSDK/Examples/MAX78000/CNN/faceid_evkit/build/camera.o
                0x10005850                camera_setup
 .text.camera_get_slave_address
                0x10005a08        0xc c:/MaximSDK/Examples/MAX78000/CNN/faceid_evkit/build/camera.o
                0x10005a08                camera_get_slave_address
 .text.camera_get_product_id
                0x10005a14        0xc c:/MaximSDK/Examples/MAX78000/CNN/faceid_evkit/build/camera.o
                0x10005a14                camera_get_product_id
 .text.camera_get_manufacture_id
                0x10005a20        0xc c:/MaximSDK/Examples/MAX78000/CNN/faceid_evkit/build/camera.o
                0x10005a20                camera_get_manufacture_id
 .text.camera_start_capture_image
                0x10005a2c       0x3c c:/MaximSDK/Examples/MAX78000/CNN/faceid_evkit/build/camera.o
                0x10005a2c                camera_start_capture_image
 .text.camera_is_image_rcv
                0x10005a68       0x10 c:/MaximSDK/Examples/MAX78000/CNN/faceid_evkit/build/camera.o
                0x10005a68                camera_is_image_rcv
 .text.camera_get_image
                0x10005a78       0xac c:/MaximSDK/Examples/MAX78000/CNN/faceid_evkit/build/camera.o
                0x10005a78                camera_get_image
 .text.camera_get_luminance_level
                0x10005b24        0xc c:/MaximSDK/Examples/MAX78000/CNN/faceid_evkit/build/camera.o
                0x10005b24                camera_get_luminance_level
 .text.get_slave_address
                0x10005b30        0xc c:/MaximSDK/Examples/MAX78000/CNN/faceid_evkit/build/ov7692.o
 .text.get_pixformat
                0x10005b3c       0x10 c:/MaximSDK/Examples/MAX78000/CNN/faceid_evkit/build/ov7692.o
 .text.set_contrast
                0x10005b4c        0x4 c:/MaximSDK/Examples/MAX78000/CNN/faceid_evkit/build/ov7692.o
 .text.set_gainceiling
                0x10005b50        0x4 c:/MaximSDK/Examples/MAX78000/CNN/faceid_evkit/build/ov7692.o
 .text.get_luminance
                0x10005b54       0x60 c:/MaximSDK/Examples/MAX78000/CNN/faceid_evkit/build/ov7692.o
 .text.read_reg
                0x10005bb4       0x20 c:/MaximSDK/Examples/MAX78000/CNN/faceid_evkit/build/ov7692.o
 .text.get_manufacture_id
                0x10005bd4       0x3c c:/MaximSDK/Examples/MAX78000/CNN/faceid_evkit/build/ov7692.o
 .text.get_product_id
                0x10005c10       0x3c c:/MaximSDK/Examples/MAX78000/CNN/faceid_evkit/build/ov7692.o
 .text.set_vflip
                0x10005c4c       0x3c c:/MaximSDK/Examples/MAX78000/CNN/faceid_evkit/build/ov7692.o
 .text.set_hmirror
                0x10005c88       0x3c c:/MaximSDK/Examples/MAX78000/CNN/faceid_evkit/build/ov7692.o
 .text.set_windowing
                0x10005cc4      0x150 c:/MaximSDK/Examples/MAX78000/CNN/faceid_evkit/build/ov7692.o
 .text.set_framesize
                0x10005e14       0xc0 c:/MaximSDK/Examples/MAX78000/CNN/faceid_evkit/build/ov7692.o
 .text.write_reg
                0x10005ed4       0x10 c:/MaximSDK/Examples/MAX78000/CNN/faceid_evkit/build/ov7692.o
 .text.sleep    0x10005ee4       0x3c c:/MaximSDK/Examples/MAX78000/CNN/faceid_evkit/build/ov7692.o
 .text.reset    0x10005f20       0x64 c:/MaximSDK/Examples/MAX78000/CNN/faceid_evkit/build/ov7692.o
 .text.dump_registers
                0x10005f84       0xa4 c:/MaximSDK/Examples/MAX78000/CNN/faceid_evkit/build/ov7692.o
 .text.init     0x10006028       0x1c c:/MaximSDK/Examples/MAX78000/CNN/faceid_evkit/build/ov7692.o
 .text.set_negateimage
                0x10006044       0x98 c:/MaximSDK/Examples/MAX78000/CNN/faceid_evkit/build/ov7692.o
 .text.set_pixformat
                0x100060dc       0x54 c:/MaximSDK/Examples/MAX78000/CNN/faceid_evkit/build/ov7692.o
 .text.set_saturation
                0x10006130        0x4 c:/MaximSDK/Examples/MAX78000/CNN/faceid_evkit/build/ov7692.o
 .text.set_colorbar
                0x10006134        0x4 c:/MaximSDK/Examples/MAX78000/CNN/faceid_evkit/build/ov7692.o
 .text.set_brightness
                0x10006138        0x4 c:/MaximSDK/Examples/MAX78000/CNN/faceid_evkit/build/ov7692.o
 .text.sensor_register
                0x1000613c       0xb8 c:/MaximSDK/Examples/MAX78000/CNN/faceid_evkit/build/ov7692.o
                0x1000613c                sensor_register
 .text.start    0x100061f4       0x34 c:/MaximSDK/Examples/MAX78000/CNN/faceid_evkit/build/sccb.o
 .text.send_byte
                0x10006228       0x68 c:/MaximSDK/Examples/MAX78000/CNN/faceid_evkit/build/sccb.o
 .text.stop     0x10006290       0x2c c:/MaximSDK/Examples/MAX78000/CNN/faceid_evkit/build/sccb.o
 .text.get_byte
                0x100062bc       0x54 c:/MaximSDK/Examples/MAX78000/CNN/faceid_evkit/build/sccb.o
 .text.send_NACK
                0x10006310       0x34 c:/MaximSDK/Examples/MAX78000/CNN/faceid_evkit/build/sccb.o
 .text.sccb_init
                0x10006344       0x2c c:/MaximSDK/Examples/MAX78000/CNN/faceid_evkit/build/sccb.o
                0x10006344                sccb_init
 .text.sccb_scan
                0x10006370       0x30 c:/MaximSDK/Examples/MAX78000/CNN/faceid_evkit/build/sccb.o
                0x10006370                sccb_scan
 .text.sccb_read_byt
                0x100063a0       0x58 c:/MaximSDK/Examples/MAX78000/CNN/faceid_evkit/build/sccb.o
                0x100063a0                sccb_read_byt
 .text.sccb_write_byt
                0x100063f8       0x5c c:/MaximSDK/Examples/MAX78000/CNN/faceid_evkit/build/sccb.o
                0x100063f8                sccb_write_byt
 .text          0x10006454      0x148 c:/MaximSDK/Examples/MAX78000/CNN/faceid_evkit/build/startup_max78000.o
                0x10006454                Reset_Handler
                0x10006492                HardFault_Handler
                0x10006494                MemManage_Handler
                0x10006496                BusFault_Handler
                0x10006498                UsageFault_Handler
                0x1000649a                SVC_Handler
                0x1000649c                DebugMon_Handler
                0x1000649e                PendSV_Handler
                0x100064a0                SysTick_Handler
                0x100064a2                Default_Handler
                0x100064a4                PF_IRQHandler
                0x100064a6                WDT0_IRQHandler
                0x100064a8                RSV02_IRQHandler
                0x100064aa                RTC_IRQHandler
                0x100064ac                TRNG_IRQHandler
                0x100064ae                TMR0_IRQHandler
                0x100064b0                TMR1_IRQHandler
                0x100064b2                TMR2_IRQHandler
                0x100064b4                TMR3_IRQHandler
                0x100064b6                TMR4_IRQHandler
                0x100064b8                TMR5_IRQHandler
                0x100064ba                RSV11_IRQHandler
                0x100064bc                RSV12_IRQHandler
                0x100064be                I2C0_IRQHandler
                0x100064c0                UART0_IRQHandler
                0x100064c2                UART1_IRQHandler
                0x100064c4                SPI1_IRQHandler
                0x100064c6                RSV17_IRQHandler
                0x100064c8                RSV18_IRQHandler
                0x100064ca                RSV19_IRQHandler
                0x100064cc                ADC_IRQHandler
                0x100064ce                RSV21_IRQHandler
                0x100064d0                RSV22_IRQHandler
                0x100064d2                FLC0_IRQHandler
                0x100064da                RSV27_IRQHandler
                0x100064dc                DMA0_IRQHandler
                0x100064de                DMA1_IRQHandler
                0x100064e0                DMA2_IRQHandler
                0x100064e2                DMA3_IRQHandler
                0x100064e4                RSV32_IRQHandler
                0x100064e6                RSV33_IRQHandler
                0x100064e8                UART2_IRQHandler
                0x100064ea                RSV35_IRQHandler
                0x100064ec                I2C1_IRQHandler
                0x100064ee                RSV37_IRQHandler
                0x100064f0                RSV38_IRQHandler
                0x100064f2                RSV39_IRQHandler
                0x100064f4                RSV40_IRQHandler
                0x100064f6                RSV41_IRQHandler
                0x100064f8                RSV42_IRQHandler
                0x100064fa                RSV43_IRQHandler
                0x100064fc                RSV44_IRQHandler
                0x100064fe                RSV45_IRQHandler
                0x10006500                RSV46_IRQHandler
                0x10006502                RSV47_IRQHandler
                0x10006504                RSV48_IRQHandler
                0x10006506                RSV49_IRQHandler
                0x10006508                RSV50_IRQHandler
                0x1000650a                RSV51_IRQHandler
                0x1000650c                RSV52_IRQHandler
                0x10006510                GPIOWAKE_IRQHandler
                0x10006512                RSV55_IRQHandler
                0x10006514                SPI0_IRQHandler
                0x10006516                WDT1_IRQHandler
                0x10006518                RSV58_IRQHandler
                0x1000651a                PT_IRQHandler
                0x1000651c                RSV60_IRQHandler
                0x1000651e                RSV61_IRQHandler
                0x10006520                I2C2_IRQHandler
                0x10006522                RISCV_IRQHandler
                0x10006524                RSV64_IRQHandler
                0x10006526                RSV65_IRQHandler
                0x10006528                RSV66_IRQHandler
                0x1000652a                OWM_IRQHandler
                0x1000652c                RSV68_IRQHandler
                0x1000652e                RSV69_IRQHandler
                0x10006530                RSV70_IRQHandler
                0x10006532                RSV71_IRQHandler
                0x10006534                RSV72_IRQHandler
                0x10006536                RSV73_IRQHandler
                0x10006538                RSV74_IRQHandler
                0x1000653a                RSV75_IRQHandler
                0x1000653c                RSV76_IRQHandler
                0x1000653e                RSV77_IRQHandler
                0x10006540                RSV78_IRQHandler
                0x10006542                RSV79_IRQHandler
                0x10006544                RSV80_IRQHandler
                0x10006546                RSV81_IRQHandler
                0x10006548                ECC_IRQHandler
                0x1000654a                DVS_IRQHandler
                0x1000654c                SIMO_IRQHandler
                0x1000654e                RSV85_IRQHandler
                0x10006550                RSV86_IRQHandler
                0x10006552                RSV87_IRQHandler
                0x10006554                UART3_IRQHandler
                0x10006556                RSV89_IRQHandler
                0x10006558                RSV90_IRQHandler
                0x1000655a                PCIF_IRQHandler
                0x1000655c                RSV92_IRQHandler
                0x1000655e                RSV93_IRQHandler
                0x10006560                RSV94_IRQHandler
                0x10006562                RSV95_IRQHandler
                0x10006564                RSV96_IRQHandler
                0x10006566                AES_IRQHandler
                0x10006568                RSV98_IRQHandler
                0x1000656a                I2S_IRQHandler
                0x1000656c                CNN_FIFO_IRQHandler
                0x1000656e                CNN_IRQHandler
                0x10006570                RSV102_IRQHandler
                0x10006572                LPCMP_IRQHandler
 .text._sbrk    0x1000659c       0x40 c:/MaximSDK/Examples/MAX78000/CNN/faceid_evkit/build/heap.o
                0x1000659c                _sbrk
 .text.SystemCoreClockUpdate
                0x100065dc       0x68 c:/MaximSDK/Examples/MAX78000/CNN/faceid_evkit/build/system_max78000.o
                0x100065dc                SystemCoreClockUpdate
 .text.PreInit  0x10006644        0x4 c:/MaximSDK/Examples/MAX78000/CNN/faceid_evkit/build/system_max78000.o
                0x10006644                PreInit
 .text.SystemInit
                0x10006648       0x38 c:/MaximSDK/Examples/MAX78000/CNN/faceid_evkit/build/system_max78000.o
                0x10006648                SystemInit
 .text.MXC_DelayInit
                0x10006680       0x80 ../../../../Libraries/PeriphDrivers/bin/MAX78000/softfp/libPeriphDriver_softfp.a(mxc_delay.o)
 .text.MXC_DelayAsync
                0x10006700       0x3c ../../../../Libraries/PeriphDrivers/bin/MAX78000/softfp/libPeriphDriver_softfp.a(mxc_delay.o)
                0x10006700                MXC_DelayAsync
 .text.MXC_DelayCheck
                0x1000673c       0x74 ../../../../Libraries/PeriphDrivers/bin/MAX78000/softfp/libPeriphDriver_softfp.a(mxc_delay.o)
                0x1000673c                MXC_DelayCheck
 .text.MXC_DelayAbort
                0x100067b0       0x34 ../../../../Libraries/PeriphDrivers/bin/MAX78000/softfp/libPeriphDriver_softfp.a(mxc_delay.o)
                0x100067b0                MXC_DelayAbort
 .text.MXC_Delay
                0x100067e4       0x74 ../../../../Libraries/PeriphDrivers/bin/MAX78000/softfp/libPeriphDriver_softfp.a(mxc_delay.o)
                0x100067e4                MXC_Delay
 .text.MXC_SYS_IsClockEnabled
                0x10006858       0x50 ../../../../Libraries/PeriphDrivers/bin/MAX78000/softfp/libPeriphDriver_softfp.a(sys_ai85.o)
                0x10006858                MXC_SYS_IsClockEnabled
 .text.MXC_SYS_ClockDisable
                0x100068a8       0x44 ../../../../Libraries/PeriphDrivers/bin/MAX78000/softfp/libPeriphDriver_softfp.a(sys_ai85.o)
                0x100068a8                MXC_SYS_ClockDisable
 .text.MXC_SYS_ClockEnable
                0x100068ec       0x4c ../../../../Libraries/PeriphDrivers/bin/MAX78000/softfp/libPeriphDriver_softfp.a(sys_ai85.o)
                0x100068ec                MXC_SYS_ClockEnable
 .text.MXC_SYS_Clock_Timeout
                0x10006938       0x30 ../../../../Libraries/PeriphDrivers/bin/MAX78000/softfp/libPeriphDriver_softfp.a(sys_ai85.o)
                0x10006938                MXC_SYS_Clock_Timeout
 .text.MXC_SYS_ClockSourceEnable
                0x10006968       0x74 ../../../../Libraries/PeriphDrivers/bin/MAX78000/softfp/libPeriphDriver_softfp.a(sys_ai85.o)
                0x10006968                MXC_SYS_ClockSourceEnable
 .text.MXC_SYS_Clock_Select
                0x100069dc       0xf4 ../../../../Libraries/PeriphDrivers/bin/MAX78000/softfp/libPeriphDriver_softfp.a(sys_ai85.o)
                0x100069dc                MXC_SYS_Clock_Select
 .text.MXC_SYS_Reset_Periph
                0x10006ad0       0x3c ../../../../Libraries/PeriphDrivers/bin/MAX78000/softfp/libPeriphDriver_softfp.a(sys_ai85.o)
                0x10006ad0                MXC_SYS_Reset_Periph
 .text.NVIC_SetVector
                0x10006b0c       0x4c ../../../../Libraries/PeriphDrivers/bin/MAX78000/softfp/libPeriphDriver_softfp.a(nvic_table.o)
                0x10006b0c                NVIC_SetVector
 .text.MXC_PCIF_Init
                0x10006b58       0x6c ../../../../Libraries/PeriphDrivers/bin/MAX78000/softfp/libPeriphDriver_softfp.a(cameraif_ai85.o)
                0x10006b58                MXC_PCIF_Init
 .text.MXC_PCIF_SetDataWidth
                0x10006bc4        0xc ../../../../Libraries/PeriphDrivers/bin/MAX78000/softfp/libPeriphDriver_softfp.a(cameraif_ai85.o)
                0x10006bc4                MXC_PCIF_SetDataWidth
 .text.MXC_PCIF_SetTimingSel
                0x10006bd0        0xc ../../../../Libraries/PeriphDrivers/bin/MAX78000/softfp/libPeriphDriver_softfp.a(cameraif_ai85.o)
                0x10006bd0                MXC_PCIF_SetTimingSel
 .text.MXC_PCIF_SetThreshold
                0x10006bdc        0xc ../../../../Libraries/PeriphDrivers/bin/MAX78000/softfp/libPeriphDriver_softfp.a(cameraif_ai85.o)
                0x10006bdc                MXC_PCIF_SetThreshold
 .text.MXC_PCIF_EnableInt
                0x10006be8        0xc ../../../../Libraries/PeriphDrivers/bin/MAX78000/softfp/libPeriphDriver_softfp.a(cameraif_ai85.o)
                0x10006be8                MXC_PCIF_EnableInt
 .text.MXC_PCIF_DisableInt
                0x10006bf4        0xc ../../../../Libraries/PeriphDrivers/bin/MAX78000/softfp/libPeriphDriver_softfp.a(cameraif_ai85.o)
                0x10006bf4                MXC_PCIF_DisableInt
 .text.MXC_PCIF_Start
                0x10006c00        0xc ../../../../Libraries/PeriphDrivers/bin/MAX78000/softfp/libPeriphDriver_softfp.a(cameraif_ai85.o)
                0x10006c00                MXC_PCIF_Start
 .text.MXC_PCIF_RevA_SetDatawidth
                0x10006c0c       0x14 ../../../../Libraries/PeriphDrivers/bin/MAX78000/softfp/libPeriphDriver_softfp.a(cameraif_reva.o)
                0x10006c0c                MXC_PCIF_RevA_SetDatawidth
 .text.MXC_PCIF_RevA_SetTimingSel
                0x10006c20       0x14 ../../../../Libraries/PeriphDrivers/bin/MAX78000/softfp/libPeriphDriver_softfp.a(cameraif_reva.o)
                0x10006c20                MXC_PCIF_RevA_SetTimingSel
 .text.MXC_PCIF_RevA_SetThreshold
                0x10006c34       0x18 ../../../../Libraries/PeriphDrivers/bin/MAX78000/softfp/libPeriphDriver_softfp.a(cameraif_reva.o)
                0x10006c34                MXC_PCIF_RevA_SetThreshold
 .text.MXC_PCIF_RevA_EnableInt
                0x10006c4c        0xc ../../../../Libraries/PeriphDrivers/bin/MAX78000/softfp/libPeriphDriver_softfp.a(cameraif_reva.o)
                0x10006c4c                MXC_PCIF_RevA_EnableInt
 .text.MXC_PCIF_RevA_DisableInt
                0x10006c58       0x10 ../../../../Libraries/PeriphDrivers/bin/MAX78000/softfp/libPeriphDriver_softfp.a(cameraif_reva.o)
                0x10006c58                MXC_PCIF_RevA_DisableInt
 .text.MXC_PCIF_RevA_Start
                0x10006c68       0x14 ../../../../Libraries/PeriphDrivers/bin/MAX78000/softfp/libPeriphDriver_softfp.a(cameraif_reva.o)
                0x10006c68                MXC_PCIF_RevA_Start
 .text.MXC_DMA_Init
                0x10006c7c       0x30 ../../../../Libraries/PeriphDrivers/bin/MAX78000/softfp/libPeriphDriver_softfp.a(dma_me17.o)
                0x10006c7c                MXC_DMA_Init
 .text.MXC_DMA_AcquireChannel
                0x10006cac        0xc ../../../../Libraries/PeriphDrivers/bin/MAX78000/softfp/libPeriphDriver_softfp.a(dma_me17.o)
                0x10006cac                MXC_DMA_AcquireChannel
 .text.MXC_DMA_SetCallback
                0x10006cb8        0x4 ../../../../Libraries/PeriphDrivers/bin/MAX78000/softfp/libPeriphDriver_softfp.a(dma_me17.o)
                0x10006cb8                MXC_DMA_SetCallback
 .text.MXC_DMA_ChannelClearFlags
                0x10006cbc        0x4 ../../../../Libraries/PeriphDrivers/bin/MAX78000/softfp/libPeriphDriver_softfp.a(dma_me17.o)
                0x10006cbc                MXC_DMA_ChannelClearFlags
 .text.MXC_DMA_Handler
                0x10006cc0        0xc ../../../../Libraries/PeriphDrivers/bin/MAX78000/softfp/libPeriphDriver_softfp.a(dma_me17.o)
                0x10006cc0                MXC_DMA_Handler
 .text.MXC_DMA_RevA_Init
                0x10006ccc       0x94 ../../../../Libraries/PeriphDrivers/bin/MAX78000/softfp/libPeriphDriver_softfp.a(dma_reva.o)
                0x10006ccc                MXC_DMA_RevA_Init
 .text.MXC_DMA_RevA_AcquireChannel
                0x10006d60       0x70 ../../../../Libraries/PeriphDrivers/bin/MAX78000/softfp/libPeriphDriver_softfp.a(dma_reva.o)
                0x10006d60                MXC_DMA_RevA_AcquireChannel
 .text.MXC_DMA_RevA_SetCallback
                0x10006dd0       0x24 ../../../../Libraries/PeriphDrivers/bin/MAX78000/softfp/libPeriphDriver_softfp.a(dma_reva.o)
                0x10006dd0                MXC_DMA_RevA_SetCallback
 .text.MXC_DMA_RevA_ChannelClearFlags
                0x10006df4       0x2c ../../../../Libraries/PeriphDrivers/bin/MAX78000/softfp/libPeriphDriver_softfp.a(dma_reva.o)
                0x10006df4                MXC_DMA_RevA_ChannelClearFlags
 .text.MXC_DMA_RevA_Handler
                0x10006e20       0x78 ../../../../Libraries/PeriphDrivers/bin/MAX78000/softfp/libPeriphDriver_softfp.a(dma_reva.o)
                0x10006e20                MXC_DMA_RevA_Handler
 .text.MXC_LP_EnterSleepMode
                0x10006e98       0x28 ../../../../Libraries/PeriphDrivers/bin/MAX78000/softfp/libPeriphDriver_softfp.a(lp_ai85.o)
                0x10006e98                MXC_LP_EnterSleepMode
 .text.MXC_LP_EnterLowPowerMode
                0x10006ec0       0x40 ../../../../Libraries/PeriphDrivers/bin/MAX78000/softfp/libPeriphDriver_softfp.a(lp_ai85.o)
                0x10006ec0                MXC_LP_EnterLowPowerMode
 .text.MXC_LP_EnterStandbyMode
                0x10006f00       0x40 ../../../../Libraries/PeriphDrivers/bin/MAX78000/softfp/libPeriphDriver_softfp.a(lp_ai85.o)
                0x10006f00                MXC_LP_EnterStandbyMode
 .text.MXC_LP_EnableWUTAlarmWakeup
                0x10006f40       0x10 ../../../../Libraries/PeriphDrivers/bin/MAX78000/softfp/libPeriphDriver_softfp.a(lp_ai85.o)
                0x10006f40                MXC_LP_EnableWUTAlarmWakeup
 .text.MXC_GPIO_Init
                0x10006f50       0x38 ../../../../Libraries/PeriphDrivers/bin/MAX78000/softfp/libPeriphDriver_softfp.a(gpio_ai85.o)
                0x10006f50                MXC_GPIO_Init
 .text.MXC_GPIO_Config
                0x10006f88      0x190 ../../../../Libraries/PeriphDrivers/bin/MAX78000/softfp/libPeriphDriver_softfp.a(gpio_ai85.o)
                0x10006f88                MXC_GPIO_Config
 .text.MXC_GPIO_OutSet
                0x10007118       0x34 ../../../../Libraries/PeriphDrivers/bin/MAX78000/softfp/libPeriphDriver_softfp.a(gpio_ai85.o)
                0x10007118                MXC_GPIO_OutSet
 .text.MXC_GPIO_OutClr
                0x1000714c       0x34 ../../../../Libraries/PeriphDrivers/bin/MAX78000/softfp/libPeriphDriver_softfp.a(gpio_ai85.o)
                0x1000714c                MXC_GPIO_OutClr
 .text.MXC_GPIO_EnableInt
                0x10007180        0x4 ../../../../Libraries/PeriphDrivers/bin/MAX78000/softfp/libPeriphDriver_softfp.a(gpio_ai85.o)
                0x10007180                MXC_GPIO_EnableInt
 .text.MXC_GPIO_DisableInt
                0x10007184        0x4 ../../../../Libraries/PeriphDrivers/bin/MAX78000/softfp/libPeriphDriver_softfp.a(gpio_ai85.o)
                0x10007184                MXC_GPIO_DisableInt
 .text.MXC_GPIO_RegisterCallback
                0x10007188        0x4 ../../../../Libraries/PeriphDrivers/bin/MAX78000/softfp/libPeriphDriver_softfp.a(gpio_ai85.o)
                0x10007188                MXC_GPIO_RegisterCallback
 .text.MXC_GPIO_Handler
                0x1000718c        0x4 ../../../../Libraries/PeriphDrivers/bin/MAX78000/softfp/libPeriphDriver_softfp.a(gpio_ai85.o)
                0x1000718c                MXC_GPIO_Handler
 .text.MXC_GPIO_ClearFlags
                0x10007190        0x4 ../../../../Libraries/PeriphDrivers/bin/MAX78000/softfp/libPeriphDriver_softfp.a(gpio_ai85.o)
                0x10007190                MXC_GPIO_ClearFlags
 .text.MXC_GPIO_GetFlags
                0x10007194        0x4 ../../../../Libraries/PeriphDrivers/bin/MAX78000/softfp/libPeriphDriver_softfp.a(gpio_ai85.o)
                0x10007194                MXC_GPIO_GetFlags
 .text.MXC_GPIO_SetVSSEL
                0x10007198        0x4 ../../../../Libraries/PeriphDrivers/bin/MAX78000/softfp/libPeriphDriver_softfp.a(gpio_ai85.o)
                0x10007198                MXC_GPIO_SetVSSEL
 .text.MXC_GPIO_RevA_OutSet
                0x1000719c        0x4 ../../../../Libraries/PeriphDrivers/bin/MAX78000/softfp/libPeriphDriver_softfp.a(gpio_reva.o)
                0x1000719c                MXC_GPIO_RevA_OutSet
 .text.MXC_GPIO_RevA_OutClr
                0x100071a0        0x4 ../../../../Libraries/PeriphDrivers/bin/MAX78000/softfp/libPeriphDriver_softfp.a(gpio_reva.o)
                0x100071a0                MXC_GPIO_RevA_OutClr
 .text.MXC_GPIO_RevA_EnableInt
                0x100071a4        0x4 ../../../../Libraries/PeriphDrivers/bin/MAX78000/softfp/libPeriphDriver_softfp.a(gpio_reva.o)
                0x100071a4                MXC_GPIO_RevA_EnableInt
 .text.MXC_GPIO_RevA_DisableInt
                0x100071a8        0x4 ../../../../Libraries/PeriphDrivers/bin/MAX78000/softfp/libPeriphDriver_softfp.a(gpio_reva.o)
                0x100071a8                MXC_GPIO_RevA_DisableInt
 .text.MXC_GPIO_RevA_ClearFlags
                0x100071ac        0x4 ../../../../Libraries/PeriphDrivers/bin/MAX78000/softfp/libPeriphDriver_softfp.a(gpio_reva.o)
                0x100071ac                MXC_GPIO_RevA_ClearFlags
 .text.MXC_GPIO_RevA_GetFlags
                0x100071b0        0x4 ../../../../Libraries/PeriphDrivers/bin/MAX78000/softfp/libPeriphDriver_softfp.a(gpio_reva.o)
                0x100071b0                MXC_GPIO_RevA_GetFlags
 .text.MXC_GPIO_RevA_SetVSSEL
                0x100071b4       0x30 ../../../../Libraries/PeriphDrivers/bin/MAX78000/softfp/libPeriphDriver_softfp.a(gpio_reva.o)
                0x100071b4                MXC_GPIO_RevA_SetVSSEL
 .text.MXC_GPIO_RevA_SetAF
                0x100071e4       0x58 ../../../../Libraries/PeriphDrivers/bin/MAX78000/softfp/libPeriphDriver_softfp.a(gpio_reva.o)
                0x100071e4                MXC_GPIO_RevA_SetAF
 .text.MXC_ICC_Enable
                0x1000723c        0x4 ../../../../Libraries/PeriphDrivers/bin/MAX78000/softfp/libPeriphDriver_softfp.a(icc_me17.o)
                0x1000723c                MXC_ICC_Enable
 .text.MXC_ICC_RevA_Enable
                0x10007240       0x30 ../../../../Libraries/PeriphDrivers/bin/MAX78000/softfp/libPeriphDriver_softfp.a(icc_reva.o)
                0x10007240                MXC_ICC_RevA_Enable
 .text.MXC_PT_Init
                0x10007270      0x128 ../../../../Libraries/PeriphDrivers/bin/MAX78000/softfp/libPeriphDriver_softfp.a(pt_me17.o)
                0x10007270                MXC_PT_Init
 .text.MXC_PT_Config
                0x10007398       0x5c ../../../../Libraries/PeriphDrivers/bin/MAX78000/softfp/libPeriphDriver_softfp.a(pt_me17.o)
                0x10007398                MXC_PT_Config
 .text.MXC_PT_SqrWaveConfig
                0x100073f4       0x20 ../../../../Libraries/PeriphDrivers/bin/MAX78000/softfp/libPeriphDriver_softfp.a(pt_me17.o)
                0x100073f4                MXC_PT_SqrWaveConfig
 .text.MXC_PT_Start
                0x10007414        0xc ../../../../Libraries/PeriphDrivers/bin/MAX78000/softfp/libPeriphDriver_softfp.a(pt_me17.o)
                0x10007414                MXC_PT_Start
 .text.MXC_PT_IsActive
                0x10007420        0xc ../../../../Libraries/PeriphDrivers/bin/MAX78000/softfp/libPeriphDriver_softfp.a(pt_me17.o)
                0x10007420                MXC_PT_IsActive
 .text.MXC_PT_RevA_Init
                0x1000742c        0xc ../../../../Libraries/PeriphDrivers/bin/MAX78000/softfp/libPeriphDriver_softfp.a(pt_reva.o)
                0x1000742c                MXC_PT_RevA_Init
 .text.MXC_PT_RevA_Config
                0x10007438       0xbc ../../../../Libraries/PeriphDrivers/bin/MAX78000/softfp/libPeriphDriver_softfp.a(pt_reva.o)
                0x10007438                MXC_PT_RevA_Config
 .text.MXC_PT_RevA_SqrWaveConfig
                0x100074f4       0x1c ../../../../Libraries/PeriphDrivers/bin/MAX78000/softfp/libPeriphDriver_softfp.a(pt_reva.o)
                0x100074f4                MXC_PT_RevA_SqrWaveConfig
 .text.MXC_PT_RevA_Start
                0x10007510       0x10 ../../../../Libraries/PeriphDrivers/bin/MAX78000/softfp/libPeriphDriver_softfp.a(pt_reva.o)
                0x10007510                MXC_PT_RevA_Start
 .text.MXC_PT_RevA_IsActive
                0x10007520        0xc ../../../../Libraries/PeriphDrivers/bin/MAX78000/softfp/libPeriphDriver_softfp.a(pt_reva.o)
                0x10007520                MXC_PT_RevA_IsActive
 .text.MXC_RTC_Start
                0x1000752c        0xc ../../../../Libraries/PeriphDrivers/bin/MAX78000/softfp/libPeriphDriver_softfp.a(rtc_me17.o)
                0x1000752c                MXC_RTC_Start
 .text.MXC_RTC_Init
                0x10007538       0x20 ../../../../Libraries/PeriphDrivers/bin/MAX78000/softfp/libPeriphDriver_softfp.a(rtc_me17.o)
                0x10007538                MXC_RTC_Init
 .text.MXC_RTC_GetSubSecond
                0x10007558        0x4 ../../../../Libraries/PeriphDrivers/bin/MAX78000/softfp/libPeriphDriver_softfp.a(rtc_me17.o)
                0x10007558                MXC_RTC_GetSubSecond
 .text.MXC_RTC_GetSecond
                0x1000755c        0x4 ../../../../Libraries/PeriphDrivers/bin/MAX78000/softfp/libPeriphDriver_softfp.a(rtc_me17.o)
                0x1000755c                MXC_RTC_GetSecond
 .text.MXC_RTC_CheckBusy
                0x10007560       0x34 ../../../../Libraries/PeriphDrivers/bin/MAX78000/softfp/libPeriphDriver_softfp.a(rtc_reva.o)
                0x10007560                MXC_RTC_CheckBusy
 .text.MXC_RTC_RevA_Start
                0x10007594       0x38 ../../../../Libraries/PeriphDrivers/bin/MAX78000/softfp/libPeriphDriver_softfp.a(rtc_reva.o)
                0x10007594                MXC_RTC_RevA_Start
 .text.MXC_RTC_RevA_Init
                0x100075cc       0x50 ../../../../Libraries/PeriphDrivers/bin/MAX78000/softfp/libPeriphDriver_softfp.a(rtc_reva.o)
                0x100075cc                MXC_RTC_RevA_Init
 .text.MXC_RTC_RevA_GetSubSecond
                0x1000761c        0xc ../../../../Libraries/PeriphDrivers/bin/MAX78000/softfp/libPeriphDriver_softfp.a(rtc_reva.o)
                0x1000761c                MXC_RTC_RevA_GetSubSecond
 .text.MXC_RTC_RevA_GetSecond
                0x10007628        0xc ../../../../Libraries/PeriphDrivers/bin/MAX78000/softfp/libPeriphDriver_softfp.a(rtc_reva.o)
                0x10007628                MXC_RTC_RevA_GetSecond
 .text.MXC_SPI_Init
                0x10007634      0x1e8 ../../../../Libraries/PeriphDrivers/bin/MAX78000/softfp/libPeriphDriver_softfp.a(spi_me17.o)
                0x10007634                MXC_SPI_Init
 .text.MXC_SPI_GetPeripheralClock
                0x1000781c       0x70 ../../../../Libraries/PeriphDrivers/bin/MAX78000/softfp/libPeriphDriver_softfp.a(spi_me17.o)
                0x1000781c                MXC_SPI_GetPeripheralClock
 .text.MXC_SPI_SetFrequency
                0x1000788c        0x4 ../../../../Libraries/PeriphDrivers/bin/MAX78000/softfp/libPeriphDriver_softfp.a(spi_me17.o)
                0x1000788c                MXC_SPI_SetFrequency
 .text.MXC_SPI_SetDataSize
                0x10007890        0x4 ../../../../Libraries/PeriphDrivers/bin/MAX78000/softfp/libPeriphDriver_softfp.a(spi_me17.o)
                0x10007890                MXC_SPI_SetDataSize
 .text.MXC_SPI_GetDataSize
                0x10007894        0x4 ../../../../Libraries/PeriphDrivers/bin/MAX78000/softfp/libPeriphDriver_softfp.a(spi_me17.o)
                0x10007894                MXC_SPI_GetDataSize
 .text.MXC_SPI_SetSlave
                0x10007898        0x4 ../../../../Libraries/PeriphDrivers/bin/MAX78000/softfp/libPeriphDriver_softfp.a(spi_me17.o)
                0x10007898                MXC_SPI_SetSlave
 .text.MXC_SPI_SetWidth
                0x1000789c        0x4 ../../../../Libraries/PeriphDrivers/bin/MAX78000/softfp/libPeriphDriver_softfp.a(spi_me17.o)
                0x1000789c                MXC_SPI_SetWidth
 .text.MXC_SPI_GetWidth
                0x100078a0        0x4 ../../../../Libraries/PeriphDrivers/bin/MAX78000/softfp/libPeriphDriver_softfp.a(spi_me17.o)
                0x100078a0                MXC_SPI_GetWidth
 .text.MXC_SPI_StartTransmission
                0x100078a4        0x4 ../../../../Libraries/PeriphDrivers/bin/MAX78000/softfp/libPeriphDriver_softfp.a(spi_me17.o)
                0x100078a4                MXC_SPI_StartTransmission
 .text.MXC_SPI_GetActive
                0x100078a8        0x4 ../../../../Libraries/PeriphDrivers/bin/MAX78000/softfp/libPeriphDriver_softfp.a(spi_me17.o)
                0x100078a8                MXC_SPI_GetActive
 .text.MXC_SPI_ReadRXFIFO
                0x100078ac        0x4 ../../../../Libraries/PeriphDrivers/bin/MAX78000/softfp/libPeriphDriver_softfp.a(spi_me17.o)
                0x100078ac                MXC_SPI_ReadRXFIFO
 .text.MXC_SPI_GetRXFIFOAvailable
                0x100078b0        0x4 ../../../../Libraries/PeriphDrivers/bin/MAX78000/softfp/libPeriphDriver_softfp.a(spi_me17.o)
                0x100078b0                MXC_SPI_GetRXFIFOAvailable
 .text.MXC_SPI_WriteTXFIFO
                0x100078b4        0x4 ../../../../Libraries/PeriphDrivers/bin/MAX78000/softfp/libPeriphDriver_softfp.a(spi_me17.o)
                0x100078b4                MXC_SPI_WriteTXFIFO
 .text.MXC_SPI_GetTXFIFOAvailable
                0x100078b8        0x4 ../../../../Libraries/PeriphDrivers/bin/MAX78000/softfp/libPeriphDriver_softfp.a(spi_me17.o)
                0x100078b8                MXC_SPI_GetTXFIFOAvailable
 .text.MXC_SPI_SetRXThreshold
                0x100078bc        0x4 ../../../../Libraries/PeriphDrivers/bin/MAX78000/softfp/libPeriphDriver_softfp.a(spi_me17.o)
                0x100078bc                MXC_SPI_SetRXThreshold
 .text.MXC_SPI_SetTXThreshold
                0x100078c0        0x4 ../../../../Libraries/PeriphDrivers/bin/MAX78000/softfp/libPeriphDriver_softfp.a(spi_me17.o)
                0x100078c0                MXC_SPI_SetTXThreshold
 .text.MXC_SPI_MasterTransaction
                0x100078c4        0x4 ../../../../Libraries/PeriphDrivers/bin/MAX78000/softfp/libPeriphDriver_softfp.a(spi_me17.o)
                0x100078c4                MXC_SPI_MasterTransaction
 .text.MXC_SPI_RevA_TransSetup
                0x100078c8      0x1a4 ../../../../Libraries/PeriphDrivers/bin/MAX78000/softfp/libPeriphDriver_softfp.a(spi_reva.o)
 .text.MXC_SPI_RevA_TransHandler
                0x10007a6c      0x164 ../../../../Libraries/PeriphDrivers/bin/MAX78000/softfp/libPeriphDriver_softfp.a(spi_reva.o)
 .text.MXC_SPI_RevA_MasterTransHandler
                0x10007bd0       0x68 ../../../../Libraries/PeriphDrivers/bin/MAX78000/softfp/libPeriphDriver_softfp.a(spi_reva.o)
 .text.MXC_SPI_RevA_Init
                0x10007c38       0xd8 ../../../../Libraries/PeriphDrivers/bin/MAX78000/softfp/libPeriphDriver_softfp.a(spi_reva.o)
                0x10007c38                MXC_SPI_RevA_Init
 .text.MXC_SPI_RevA_SetFrequency
                0x10007d10       0x94 ../../../../Libraries/PeriphDrivers/bin/MAX78000/softfp/libPeriphDriver_softfp.a(spi_reva.o)
                0x10007d10                MXC_SPI_RevA_SetFrequency
 .text.MXC_SPI_RevA_SetDataSize
                0x10007da4       0x9c ../../../../Libraries/PeriphDrivers/bin/MAX78000/softfp/libPeriphDriver_softfp.a(spi_reva.o)
                0x10007da4                MXC_SPI_RevA_SetDataSize
 .text.MXC_SPI_RevA_GetDataSize
                0x10007e40       0x3c ../../../../Libraries/PeriphDrivers/bin/MAX78000/softfp/libPeriphDriver_softfp.a(spi_reva.o)
                0x10007e40                MXC_SPI_RevA_GetDataSize
 .text.MXC_SPI_RevA_SetSlave
                0x10007e7c       0x60 ../../../../Libraries/PeriphDrivers/bin/MAX78000/softfp/libPeriphDriver_softfp.a(spi_reva.o)
                0x10007e7c                MXC_SPI_RevA_SetSlave
 .text.MXC_SPI_RevA_SetWidth
                0x10007edc       0x6c ../../../../Libraries/PeriphDrivers/bin/MAX78000/softfp/libPeriphDriver_softfp.a(spi_reva.o)
                0x10007edc                MXC_SPI_RevA_SetWidth
 .text.MXC_SPI_RevA_GetWidth
                0x10007f48       0x24 ../../../../Libraries/PeriphDrivers/bin/MAX78000/softfp/libPeriphDriver_softfp.a(spi_reva.o)
                0x10007f48                MXC_SPI_RevA_GetWidth
 .text.MXC_SPI_RevA_StartTransmission
                0x10007f6c       0x40 ../../../../Libraries/PeriphDrivers/bin/MAX78000/softfp/libPeriphDriver_softfp.a(spi_reva.o)
                0x10007f6c                MXC_SPI_RevA_StartTransmission
 .text.MXC_SPI_RevA_GetActive
                0x10007fac       0x10 ../../../../Libraries/PeriphDrivers/bin/MAX78000/softfp/libPeriphDriver_softfp.a(spi_reva.o)
                0x10007fac                MXC_SPI_RevA_GetActive
 .text.MXC_SPI_RevA_ReadRXFIFO
                0x10007fbc       0x88 ../../../../Libraries/PeriphDrivers/bin/MAX78000/softfp/libPeriphDriver_softfp.a(spi_reva.o)
                0x10007fbc                MXC_SPI_RevA_ReadRXFIFO
 .text.MXC_SPI_RevA_GetRXFIFOAvailable
                0x10008044        0x8 ../../../../Libraries/PeriphDrivers/bin/MAX78000/softfp/libPeriphDriver_softfp.a(spi_reva.o)
                0x10008044                MXC_SPI_RevA_GetRXFIFOAvailable
 .text.MXC_SPI_RevA_WriteTXFIFO
                0x1000804c       0x90 ../../../../Libraries/PeriphDrivers/bin/MAX78000/softfp/libPeriphDriver_softfp.a(spi_reva.o)
                0x1000804c                MXC_SPI_RevA_WriteTXFIFO
 .text.MXC_SPI_RevA_GetTXFIFOAvailable
                0x100080dc       0x38 ../../../../Libraries/PeriphDrivers/bin/MAX78000/softfp/libPeriphDriver_softfp.a(spi_reva.o)
                0x100080dc                MXC_SPI_RevA_GetTXFIFOAvailable
 .text.MXC_SPI_RevA_SetRXThreshold
                0x10008114       0x4c ../../../../Libraries/PeriphDrivers/bin/MAX78000/softfp/libPeriphDriver_softfp.a(spi_reva.o)
                0x10008114                MXC_SPI_RevA_SetRXThreshold
 .text.MXC_SPI_RevA_SetTXThreshold
                0x10008160       0x48 ../../../../Libraries/PeriphDrivers/bin/MAX78000/softfp/libPeriphDriver_softfp.a(spi_reva.o)
                0x10008160                MXC_SPI_RevA_SetTXThreshold
 .text.MXC_SPI_RevA_MasterTransaction
                0x100081a8       0x2c ../../../../Libraries/PeriphDrivers/bin/MAX78000/softfp/libPeriphDriver_softfp.a(spi_reva.o)
                0x100081a8                MXC_SPI_RevA_MasterTransaction
 .text.MXC_TMR_Init
                0x100081d4      0x344 ../../../../Libraries/PeriphDrivers/bin/MAX78000/softfp/libPeriphDriver_softfp.a(tmr_ai85.o)
                0x100081d4                MXC_TMR_Init
 .text.MXC_TMR_Start
                0x10008518        0x4 ../../../../Libraries/PeriphDrivers/bin/MAX78000/softfp/libPeriphDriver_softfp.a(tmr_ai85.o)
                0x10008518                MXC_TMR_Start
 .text.MXC_TMR_Stop
                0x1000851c        0x4 ../../../../Libraries/PeriphDrivers/bin/MAX78000/softfp/libPeriphDriver_softfp.a(tmr_ai85.o)
                0x1000851c                MXC_TMR_Stop
 .text.MXC_TMR_ClearFlags
                0x10008520        0x4 ../../../../Libraries/PeriphDrivers/bin/MAX78000/softfp/libPeriphDriver_softfp.a(tmr_ai85.o)
                0x10008520                MXC_TMR_ClearFlags
 .text.MXC_TMR_SetCount
                0x10008524        0x4 ../../../../Libraries/PeriphDrivers/bin/MAX78000/softfp/libPeriphDriver_softfp.a(tmr_ai85.o)
                0x10008524                MXC_TMR_SetCount
 .text.MXC_TMR_TO_Start
                0x10008528        0x4 ../../../../Libraries/PeriphDrivers/bin/MAX78000/softfp/libPeriphDriver_softfp.a(tmr_ai85.o)
                0x10008528                MXC_TMR_TO_Start
 .text.MXC_TMR_TO_Stop
                0x1000852c        0x4 ../../../../Libraries/PeriphDrivers/bin/MAX78000/softfp/libPeriphDriver_softfp.a(tmr_ai85.o)
                0x1000852c                MXC_TMR_TO_Stop
 .text.MXC_TMR_TO_Elapsed
                0x10008530        0x4 ../../../../Libraries/PeriphDrivers/bin/MAX78000/softfp/libPeriphDriver_softfp.a(tmr_ai85.o)
                0x10008530                MXC_TMR_TO_Elapsed
 .text.MXC_TMR_SW_Start
                0x10008534        0x4 ../../../../Libraries/PeriphDrivers/bin/MAX78000/softfp/libPeriphDriver_softfp.a(tmr_ai85.o)
                0x10008534                MXC_TMR_SW_Start
 .text.MXC_TMR_SW_Stop
                0x10008538        0x4 ../../../../Libraries/PeriphDrivers/bin/MAX78000/softfp/libPeriphDriver_softfp.a(tmr_ai85.o)
                0x10008538                MXC_TMR_SW_Stop
 .text.MXC_TMR_GetTime
                0x1000853c        0x4 ../../../../Libraries/PeriphDrivers/bin/MAX78000/softfp/libPeriphDriver_softfp.a(tmr_ai85.o)
                0x1000853c                MXC_TMR_GetTime
 .text.MXC_TMR_RevB_ConfigGeneric
                0x10008540       0xe4 ../../../../Libraries/PeriphDrivers/bin/MAX78000/softfp/libPeriphDriver_softfp.a(tmr_revb.o)
                0x10008540                MXC_TMR_RevB_ConfigGeneric
 .text.MXC_TMR_RevB_Init
                0x10008624       0xc4 ../../../../Libraries/PeriphDrivers/bin/MAX78000/softfp/libPeriphDriver_softfp.a(tmr_revb.o)
                0x10008624                MXC_TMR_RevB_Init
 .text.MXC_TMR_RevB_Start
                0x100086e8       0x5c ../../../../Libraries/PeriphDrivers/bin/MAX78000/softfp/libPeriphDriver_softfp.a(tmr_revb.o)
                0x100086e8                MXC_TMR_RevB_Start
 .text.MXC_TMR_RevB_Stop
                0x10008744       0x58 ../../../../Libraries/PeriphDrivers/bin/MAX78000/softfp/libPeriphDriver_softfp.a(tmr_revb.o)
                0x10008744                MXC_TMR_RevB_Stop
 .text.MXC_TMR_RevB_ClearFlags
                0x1000879c       0x58 ../../../../Libraries/PeriphDrivers/bin/MAX78000/softfp/libPeriphDriver_softfp.a(tmr_revb.o)
                0x1000879c                MXC_TMR_RevB_ClearFlags
 .text.MXC_TMR_RevB_SetCount
                0x100087f4       0x5c ../../../../Libraries/PeriphDrivers/bin/MAX78000/softfp/libPeriphDriver_softfp.a(tmr_revb.o)
                0x100087f4                MXC_TMR_RevB_SetCount
 .text.MXC_TMR_RevB_TO_Start
                0x10008850       0xf8 ../../../../Libraries/PeriphDrivers/bin/MAX78000/softfp/libPeriphDriver_softfp.a(tmr_revb.o)
                0x10008850                MXC_TMR_RevB_TO_Start
 .text.MXC_TMR_RevB_GetTime
                0x10008948      0x15c ../../../../Libraries/PeriphDrivers/bin/MAX78000/softfp/libPeriphDriver_softfp.a(tmr_revb.o)
                0x10008948                MXC_TMR_RevB_GetTime
 .text.MXC_UART_GetFrequency.part.0
                0x10008aa4       0x64 ../../../../Libraries/PeriphDrivers/bin/MAX78000/softfp/libPeriphDriver_softfp.a(uart_ai85.o)
 .text.MXC_UART_Shutdown
                0x10008b08       0x70 ../../../../Libraries/PeriphDrivers/bin/MAX78000/softfp/libPeriphDriver_softfp.a(uart_ai85.o)
                0x10008b08                MXC_UART_Shutdown
 .text.MXC_UART_Init
                0x10008b78       0xb8 ../../../../Libraries/PeriphDrivers/bin/MAX78000/softfp/libPeriphDriver_softfp.a(uart_ai85.o)
                0x10008b78                MXC_UART_Init
 .text.MXC_UART_SetFrequency
                0x10008c30       0xc4 ../../../../Libraries/PeriphDrivers/bin/MAX78000/softfp/libPeriphDriver_softfp.a(uart_ai85.o)
                0x10008c30                MXC_UART_SetFrequency
 .text.MXC_UART_GetFrequency
                0x10008cf4       0x30 ../../../../Libraries/PeriphDrivers/bin/MAX78000/softfp/libPeriphDriver_softfp.a(uart_ai85.o)
                0x10008cf4                MXC_UART_GetFrequency
 .text.MXC_UART_SetDataSize
                0x10008d24        0x4 ../../../../Libraries/PeriphDrivers/bin/MAX78000/softfp/libPeriphDriver_softfp.a(uart_ai85.o)
                0x10008d24                MXC_UART_SetDataSize
 .text.MXC_UART_SetStopBits
                0x10008d28        0x4 ../../../../Libraries/PeriphDrivers/bin/MAX78000/softfp/libPeriphDriver_softfp.a(uart_ai85.o)
                0x10008d28                MXC_UART_SetStopBits
 .text.MXC_UART_SetParity
                0x10008d2c        0x4 ../../../../Libraries/PeriphDrivers/bin/MAX78000/softfp/libPeriphDriver_softfp.a(uart_ai85.o)
                0x10008d2c                MXC_UART_SetParity
 .text.MXC_UART_ReadCharacterRaw
                0x10008d30        0x4 ../../../../Libraries/PeriphDrivers/bin/MAX78000/softfp/libPeriphDriver_softfp.a(uart_ai85.o)
                0x10008d30                MXC_UART_ReadCharacterRaw
 .text.MXC_UART_WriteCharacterRaw
                0x10008d34        0x4 ../../../../Libraries/PeriphDrivers/bin/MAX78000/softfp/libPeriphDriver_softfp.a(uart_ai85.o)
                0x10008d34                MXC_UART_WriteCharacterRaw
 .text.MXC_UART_ReadCharacter
                0x10008d38        0x4 ../../../../Libraries/PeriphDrivers/bin/MAX78000/softfp/libPeriphDriver_softfp.a(uart_ai85.o)
                0x10008d38                MXC_UART_ReadCharacter
 .text.MXC_UART_WriteCharacter
                0x10008d3c        0x4 ../../../../Libraries/PeriphDrivers/bin/MAX78000/softfp/libPeriphDriver_softfp.a(uart_ai85.o)
                0x10008d3c                MXC_UART_WriteCharacter
 .text.MXC_UART_GetRXFIFOAvailable
                0x10008d40        0x4 ../../../../Libraries/PeriphDrivers/bin/MAX78000/softfp/libPeriphDriver_softfp.a(uart_ai85.o)
                0x10008d40                MXC_UART_GetRXFIFOAvailable
 .text.MXC_UART_GetTXFIFOAvailable
                0x10008d44        0x4 ../../../../Libraries/PeriphDrivers/bin/MAX78000/softfp/libPeriphDriver_softfp.a(uart_ai85.o)
                0x10008d44                MXC_UART_GetTXFIFOAvailable
 .text.MXC_UART_SetRXThreshold
                0x10008d48        0x4 ../../../../Libraries/PeriphDrivers/bin/MAX78000/softfp/libPeriphDriver_softfp.a(uart_ai85.o)
                0x10008d48                MXC_UART_SetRXThreshold
 .text.MXC_UART_Common_ReadCharacter
                0x10008d4c       0x18 ../../../../Libraries/PeriphDrivers/bin/MAX78000/softfp/libPeriphDriver_softfp.a(uart_common.o)
                0x10008d4c                MXC_UART_Common_ReadCharacter
 .text.MXC_UART_Common_WriteCharacter
                0x10008d64       0x1c ../../../../Libraries/PeriphDrivers/bin/MAX78000/softfp/libPeriphDriver_softfp.a(uart_common.o)
                0x10008d64                MXC_UART_Common_WriteCharacter
 .text.MXC_UART_RevB_Init
                0x10008d80       0x70 ../../../../Libraries/PeriphDrivers/bin/MAX78000/softfp/libPeriphDriver_softfp.a(uart_revb.o)
                0x10008d80                MXC_UART_RevB_Init
 .text.MXC_UART_RevB_SetFrequency
                0x10008df0       0x9c ../../../../Libraries/PeriphDrivers/bin/MAX78000/softfp/libPeriphDriver_softfp.a(uart_revb.o)
                0x10008df0                MXC_UART_RevB_SetFrequency
 .text.MXC_UART_RevB_GetFrequency
                0x10008e8c       0x74 ../../../../Libraries/PeriphDrivers/bin/MAX78000/softfp/libPeriphDriver_softfp.a(uart_revb.o)
                0x10008e8c                MXC_UART_RevB_GetFrequency
 .text.MXC_UART_RevB_SetDataSize
                0x10008f00       0x40 ../../../../Libraries/PeriphDrivers/bin/MAX78000/softfp/libPeriphDriver_softfp.a(uart_revb.o)
                0x10008f00                MXC_UART_RevB_SetDataSize
 .text.MXC_UART_RevB_SetStopBits
                0x10008f40       0x4c ../../../../Libraries/PeriphDrivers/bin/MAX78000/softfp/libPeriphDriver_softfp.a(uart_revb.o)
                0x10008f40                MXC_UART_RevB_SetStopBits
 .text.MXC_UART_RevB_SetParity
                0x10008f8c       0x9c ../../../../Libraries/PeriphDrivers/bin/MAX78000/softfp/libPeriphDriver_softfp.a(uart_revb.o)
                0x10008f8c                MXC_UART_RevB_SetParity
 .text.MXC_UART_RevB_ReadCharacterRaw
                0x10009028       0x38 ../../../../Libraries/PeriphDrivers/bin/MAX78000/softfp/libPeriphDriver_softfp.a(uart_revb.o)
                0x10009028                MXC_UART_RevB_ReadCharacterRaw
 .text.MXC_UART_RevB_WriteCharacterRaw
                0x10009060       0x3c ../../../../Libraries/PeriphDrivers/bin/MAX78000/softfp/libPeriphDriver_softfp.a(uart_revb.o)
                0x10009060                MXC_UART_RevB_WriteCharacterRaw
 .text.MXC_UART_RevB_GetRXFIFOAvailable
                0x1000909c        0x8 ../../../../Libraries/PeriphDrivers/bin/MAX78000/softfp/libPeriphDriver_softfp.a(uart_revb.o)
                0x1000909c                MXC_UART_RevB_GetRXFIFOAvailable
 .text.MXC_UART_RevB_GetTXFIFOAvailable
                0x100090a4        0xc ../../../../Libraries/PeriphDrivers/bin/MAX78000/softfp/libPeriphDriver_softfp.a(uart_revb.o)
                0x100090a4                MXC_UART_RevB_GetTXFIFOAvailable
 .text.MXC_UART_RevB_SetRXThreshold
                0x100090b0       0x3c ../../../../Libraries/PeriphDrivers/bin/MAX78000/softfp/libPeriphDriver_softfp.a(uart_revb.o)
                0x100090b0                MXC_UART_RevB_SetRXThreshold
 .text.MXC_WUT_Init
                0x100090ec       0x20 ../../../../Libraries/PeriphDrivers/bin/MAX78000/softfp/libPeriphDriver_softfp.a(wut_me17.o)
                0x100090ec                MXC_WUT_Init
 .text.MXC_WUT_Enable
                0x1000910c        0xc ../../../../Libraries/PeriphDrivers/bin/MAX78000/softfp/libPeriphDriver_softfp.a(wut_me17.o)
                0x1000910c                MXC_WUT_Enable
 .text.MXC_WUT_Config
                0x10009118        0xc ../../../../Libraries/PeriphDrivers/bin/MAX78000/softfp/libPeriphDriver_softfp.a(wut_me17.o)
                0x10009118                MXC_WUT_Config
 .text.MXC_WUT_IntClear
                0x10009124        0xc ../../../../Libraries/PeriphDrivers/bin/MAX78000/softfp/libPeriphDriver_softfp.a(wut_me17.o)
                0x10009124                MXC_WUT_IntClear
 .text.MXC_WUT_GetTicks
                0x10009130       0x20 ../../../../Libraries/PeriphDrivers/bin/MAX78000/softfp/libPeriphDriver_softfp.a(wut_me17.o)
                0x10009130                MXC_WUT_GetTicks
 .text.MXC_WUT_RevA_Init
                0x10009150       0x2c ../../../../Libraries/PeriphDrivers/bin/MAX78000/softfp/libPeriphDriver_softfp.a(wut_reva.o)
                0x10009150                MXC_WUT_RevA_Init
 .text.MXC_WUT_RevA_Enable
                0x1000917c        0xc ../../../../Libraries/PeriphDrivers/bin/MAX78000/softfp/libPeriphDriver_softfp.a(wut_reva.o)
                0x1000917c                MXC_WUT_RevA_Enable
 .text.MXC_WUT_RevA_Config
                0x10009188       0x24 ../../../../Libraries/PeriphDrivers/bin/MAX78000/softfp/libPeriphDriver_softfp.a(wut_reva.o)
                0x10009188                MXC_WUT_RevA_Config
 .text.MXC_WUT_RevA_IntClear
                0x100091ac        0x8 ../../../../Libraries/PeriphDrivers/bin/MAX78000/softfp/libPeriphDriver_softfp.a(wut_reva.o)
                0x100091ac                MXC_WUT_RevA_IntClear
 .text.MXC_WUT_RevA_GetTicks
                0x100091b4       0x74 ../../../../Libraries/PeriphDrivers/bin/MAX78000/softfp/libPeriphDriver_softfp.a(wut_reva.o)
                0x100091b4                MXC_WUT_RevA_GetTicks
 .text.MXC_GetLock
                0x10009228       0x1c ../../../../Libraries/PeriphDrivers/bin/MAX78000/softfp/libPeriphDriver_softfp.a(mxc_lock.o)
                0x10009228                MXC_GetLock
 .text.MXC_FreeLock
                0x10009244        0xc ../../../../Libraries/PeriphDrivers/bin/MAX78000/softfp/libPeriphDriver_softfp.a(mxc_lock.o)
                0x10009244                MXC_FreeLock
 .text.MXC_GPIO_Common_Init
                0x10009250       0x3c ../../../../Libraries/PeriphDrivers/bin/MAX78000/softfp/libPeriphDriver_softfp.a(gpio_common.o)
                0x10009250                MXC_GPIO_Common_Init
 .text.MXC_GPIO_Common_RegisterCallback
                0x1000928c       0x78 ../../../../Libraries/PeriphDrivers/bin/MAX78000/softfp/libPeriphDriver_softfp.a(gpio_common.o)
                0x1000928c                MXC_GPIO_Common_RegisterCallback
 .text.MXC_GPIO_Common_Handler
                0x10009304       0x88 ../../../../Libraries/PeriphDrivers/bin/MAX78000/softfp/libPeriphDriver_softfp.a(gpio_common.o)
                0x10009304                MXC_GPIO_Common_Handler
 .text.MXC_TMR_Common_TO_Stop
                0x1000938c       0x14 ../../../../Libraries/PeriphDrivers/bin/MAX78000/softfp/libPeriphDriver_softfp.a(tmr_common.o)
                0x1000938c                MXC_TMR_Common_TO_Stop
 .text.MXC_TMR_Common_SW_Start
                0x100093a0        0x8 ../../../../Libraries/PeriphDrivers/bin/MAX78000/softfp/libPeriphDriver_softfp.a(tmr_common.o)
                0x100093a0                MXC_TMR_Common_SW_Start
 .text.MXC_TMR_Common_SW_Stop
                0x100093a8       0x14 ../../../../Libraries/PeriphDrivers/bin/MAX78000/softfp/libPeriphDriver_softfp.a(tmr_common.o)
                0x100093a8                MXC_TMR_Common_SW_Stop
 .text.MXC_TMR_Common_TO_Elapsed
                0x100093bc       0x58 ../../../../Libraries/PeriphDrivers/bin/MAX78000/softfp/libPeriphDriver_softfp.a(tmr_common.o)
                0x100093bc                MXC_TMR_Common_TO_Elapsed
 .text.__errno  0x10009414        0xc c:/maximsdk/tools/gnutools/bin/../lib/gcc/arm-none-eabi/9.2.1/../../../../arm-none-eabi/lib/thumb/v7e-m+fp/softfp\libc.a(lib_a-errno.o)
                0x10009414                __errno
 .text.__libc_init_array
                0x10009420       0x48 c:/maximsdk/tools/gnutools/bin/../lib/gcc/arm-none-eabi/9.2.1/../../../../arm-none-eabi/lib/thumb/v7e-m+fp/softfp\libc.a(lib_a-init.o)
                0x10009420                __libc_init_array
 .text.malloc   0x10009468       0x10 c:/maximsdk/tools/gnutools/bin/../lib/gcc/arm-none-eabi/9.2.1/../../../../arm-none-eabi/lib/thumb/v7e-m+fp/softfp\libc.a(lib_a-malloc.o)
                0x10009468                malloc
 .text.free     0x10009478       0x10 c:/maximsdk/tools/gnutools/bin/../lib/gcc/arm-none-eabi/9.2.1/../../../../arm-none-eabi/lib/thumb/v7e-m+fp/softfp\libc.a(lib_a-malloc.o)
                0x10009478                free
 .text._malloc_r
                0x10009488      0x574 c:/maximsdk/tools/gnutools/bin/../lib/gcc/arm-none-eabi/9.2.1/../../../../arm-none-eabi/lib/thumb/v7e-m+fp/softfp\libc.a(lib_a-mallocr.o)
                0x10009488                _malloc_r
 .text          0x100099fc      0x134 c:/maximsdk/tools/gnutools/bin/../lib/gcc/arm-none-eabi/9.2.1/../../../../arm-none-eabi/lib/thumb/v7e-m+fp/softfp\libc.a(lib_a-memcpy.o)
                0x100099fc                memcpy
 .text.memset   0x10009b30       0xa0 c:/maximsdk/tools/gnutools/bin/../lib/gcc/arm-none-eabi/9.2.1/../../../../arm-none-eabi/lib/thumb/v7e-m+fp/softfp\libc.a(lib_a-memset.o)
                0x10009b30                memset
 .text.__malloc_lock
                0x10009bd0        0xc c:/maximsdk/tools/gnutools/bin/../lib/gcc/arm-none-eabi/9.2.1/../../../../arm-none-eabi/lib/thumb/v7e-m+fp/softfp\libc.a(lib_a-mlock.o)
                0x10009bd0                __malloc_lock
 .text.__malloc_unlock
                0x10009bdc        0xc c:/maximsdk/tools/gnutools/bin/../lib/gcc/arm-none-eabi/9.2.1/../../../../arm-none-eabi/lib/thumb/v7e-m+fp/softfp\libc.a(lib_a-mlock.o)
                0x10009bdc                __malloc_unlock
 .text.printf   0x10009be8       0x28 c:/maximsdk/tools/gnutools/bin/../lib/gcc/arm-none-eabi/9.2.1/../../../../arm-none-eabi/lib/thumb/v7e-m+fp/softfp\libc.a(lib_a-printf.o)
                0x10009be8                printf
 .text._puts_r  0x10009c10       0x9c c:/maximsdk/tools/gnutools/bin/../lib/gcc/arm-none-eabi/9.2.1/../../../../arm-none-eabi/lib/thumb/v7e-m+fp/softfp\libc.a(lib_a-puts.o)
                0x10009c10                _puts_r
 .text.puts     0x10009cac       0x10 c:/maximsdk/tools/gnutools/bin/../lib/gcc/arm-none-eabi/9.2.1/../../../../arm-none-eabi/lib/thumb/v7e-m+fp/softfp\libc.a(lib_a-puts.o)
                0x10009cac                puts
 .text._sbrk_r  0x10009cbc       0x24 c:/maximsdk/tools/gnutools/bin/../lib/gcc/arm-none-eabi/9.2.1/../../../../arm-none-eabi/lib/thumb/v7e-m+fp/softfp\libc.a(lib_a-sbrkr.o)
                0x10009cbc                _sbrk_r
 .text.sprintf  0x10009ce0       0x44 c:/maximsdk/tools/gnutools/bin/../lib/gcc/arm-none-eabi/9.2.1/../../../../arm-none-eabi/lib/thumb/v7e-m+fp/softfp\libc.a(lib_a-sprintf.o)
                0x10009ce0                sprintf
 *fill*         0x10009d24       0x1c 
 .text          0x10009d40       0xdc c:/maximsdk/tools/gnutools/bin/../lib/gcc/arm-none-eabi/9.2.1/../../../../arm-none-eabi/lib/thumb/v7e-m+fp/softfp\libc.a(lib_a-strlen.o)
                0x10009d40                strlen
 *fill*         0x10009e1c        0x4 
 .text._svfprintf_r
                0x10009e20     0x1b34 c:/maximsdk/tools/gnutools/bin/../lib/gcc/arm-none-eabi/9.2.1/../../../../arm-none-eabi/lib/thumb/v7e-m+fp/softfp\libc.a(lib_a-svfprintf.o)
                0x10009e20                _svfprintf_r
 *fill*         0x1000b954        0x4 
 .text._vfprintf_r
                0x1000b958     0x1bdc c:/maximsdk/tools/gnutools/bin/../lib/gcc/arm-none-eabi/9.2.1/../../../../arm-none-eabi/lib/thumb/v7e-m+fp/softfp\libc.a(lib_a-vfprintf.o)
                0x1000b958                _vfprintf_r
 .text.__sbprintf
                0x1000d534       0x84 c:/maximsdk/tools/gnutools/bin/../lib/gcc/arm-none-eabi/9.2.1/../../../../arm-none-eabi/lib/thumb/v7e-m+fp/softfp\libc.a(lib_a-vfprintf.o)
 .text.__swsetup_r
                0x1000d5b8       0xd0 c:/maximsdk/tools/gnutools/bin/../lib/gcc/arm-none-eabi/9.2.1/../../../../arm-none-eabi/lib/thumb/v7e-m+fp/softfp\libc.a(lib_a-wsetup.o)
                0x1000d5b8                __swsetup_r
 .text.startup.register_fini
                0x1000d688       0x14 c:/maximsdk/tools/gnutools/bin/../lib/gcc/arm-none-eabi/9.2.1/../../../../arm-none-eabi/lib/thumb/v7e-m+fp/softfp\libc.a(lib_a-__call_atexit.o)
 .text.atexit   0x1000d69c        0xc c:/maximsdk/tools/gnutools/bin/../lib/gcc/arm-none-eabi/9.2.1/../../../../arm-none-eabi/lib/thumb/v7e-m+fp/softfp\libc.a(lib_a-atexit.o)
                0x1000d69c                atexit
 .text.quorem   0x1000d6a8      0x11c c:/maximsdk/tools/gnutools/bin/../lib/gcc/arm-none-eabi/9.2.1/../../../../arm-none-eabi/lib/thumb/v7e-m+fp/softfp\libc.a(lib_a-dtoa.o)
 *fill*         0x1000d7c4        0x4 
 .text._dtoa_r  0x1000d7c8      0xeec c:/maximsdk/tools/gnutools/bin/../lib/gcc/arm-none-eabi/9.2.1/../../../../arm-none-eabi/lib/thumb/v7e-m+fp/softfp\libc.a(lib_a-dtoa.o)
                0x1000d7c8                _dtoa_r
 .text.__sflush_r
                0x1000e6b4      0x130 c:/maximsdk/tools/gnutools/bin/../lib/gcc/arm-none-eabi/9.2.1/../../../../arm-none-eabi/lib/thumb/v7e-m+fp/softfp\libc.a(lib_a-fflush.o)
                0x1000e6b4                __sflush_r
 .text._fflush_r
                0x1000e7e4       0x5c c:/maximsdk/tools/gnutools/bin/../lib/gcc/arm-none-eabi/9.2.1/../../../../arm-none-eabi/lib/thumb/v7e-m+fp/softfp\libc.a(lib_a-fflush.o)
                0x1000e7e4                _fflush_r
 .text.std      0x1000e840       0x50 c:/maximsdk/tools/gnutools/bin/../lib/gcc/arm-none-eabi/9.2.1/../../../../arm-none-eabi/lib/thumb/v7e-m+fp/softfp\libc.a(lib_a-findfp.o)
 .text._cleanup_r
                0x1000e890        0xc c:/maximsdk/tools/gnutools/bin/../lib/gcc/arm-none-eabi/9.2.1/../../../../arm-none-eabi/lib/thumb/v7e-m+fp/softfp\libc.a(lib_a-findfp.o)
                0x1000e890                _cleanup_r
 .text.__sinit  0x1000e89c       0x54 c:/maximsdk/tools/gnutools/bin/../lib/gcc/arm-none-eabi/9.2.1/../../../../arm-none-eabi/lib/thumb/v7e-m+fp/softfp\libc.a(lib_a-findfp.o)
                0x1000e89c                __sinit
 .text.__sfp_lock_acquire
                0x1000e8f0        0xc c:/maximsdk/tools/gnutools/bin/../lib/gcc/arm-none-eabi/9.2.1/../../../../arm-none-eabi/lib/thumb/v7e-m+fp/softfp\libc.a(lib_a-findfp.o)
                0x1000e8f0                __sfp_lock_acquire
 .text.__sfp_lock_release
                0x1000e8fc        0xc c:/maximsdk/tools/gnutools/bin/../lib/gcc/arm-none-eabi/9.2.1/../../../../arm-none-eabi/lib/thumb/v7e-m+fp/softfp\libc.a(lib_a-findfp.o)
                0x1000e8fc                __sfp_lock_release
 .text.__libc_fini_array
                0x1000e908       0x2c c:/maximsdk/tools/gnutools/bin/../lib/gcc/arm-none-eabi/9.2.1/../../../../arm-none-eabi/lib/thumb/v7e-m+fp/softfp\libc.a(lib_a-fini.o)
                0x1000e908                __libc_fini_array
 .text._malloc_trim_r
                0x1000e934       0xa0 c:/maximsdk/tools/gnutools/bin/../lib/gcc/arm-none-eabi/9.2.1/../../../../arm-none-eabi/lib/thumb/v7e-m+fp/softfp\libc.a(lib_a-freer.o)
                0x1000e934                _malloc_trim_r
 .text._free_r  0x1000e9d4      0x208 c:/maximsdk/tools/gnutools/bin/../lib/gcc/arm-none-eabi/9.2.1/../../../../arm-none-eabi/lib/thumb/v7e-m+fp/softfp\libc.a(lib_a-freer.o)
                0x1000e9d4                _free_r
 .text.__sfvwrite_r
                0x1000ebdc      0x2e0 c:/maximsdk/tools/gnutools/bin/../lib/gcc/arm-none-eabi/9.2.1/../../../../arm-none-eabi/lib/thumb/v7e-m+fp/softfp\libc.a(lib_a-fvwrite.o)
                0x1000ebdc                __sfvwrite_r
 .text._fwalk_reent
                0x1000eebc       0x48 c:/maximsdk/tools/gnutools/bin/../lib/gcc/arm-none-eabi/9.2.1/../../../../arm-none-eabi/lib/thumb/v7e-m+fp/softfp\libc.a(lib_a-fwalk.o)
                0x1000eebc                _fwalk_reent
 .text._localeconv_r
                0x1000ef04        0x8 c:/maximsdk/tools/gnutools/bin/../lib/gcc/arm-none-eabi/9.2.1/../../../../arm-none-eabi/lib/thumb/v7e-m+fp/softfp\libc.a(lib_a-localeconv.o)
                0x1000ef04                _localeconv_r
 .text.__retarget_lock_init_recursive
                0x1000ef0c        0x4 c:/maximsdk/tools/gnutools/bin/../lib/gcc/arm-none-eabi/9.2.1/../../../../arm-none-eabi/lib/thumb/v7e-m+fp/softfp\libc.a(lib_a-lock.o)
                0x1000ef0c                __retarget_lock_init_recursive
 .text.__retarget_lock_close_recursive
                0x1000ef10        0x4 c:/maximsdk/tools/gnutools/bin/../lib/gcc/arm-none-eabi/9.2.1/../../../../arm-none-eabi/lib/thumb/v7e-m+fp/softfp\libc.a(lib_a-lock.o)
                0x1000ef10                __retarget_lock_close_recursive
 .text.__retarget_lock_acquire_recursive
                0x1000ef14        0x4 c:/maximsdk/tools/gnutools/bin/../lib/gcc/arm-none-eabi/9.2.1/../../../../arm-none-eabi/lib/thumb/v7e-m+fp/softfp\libc.a(lib_a-lock.o)
                0x1000ef14                __retarget_lock_acquire_recursive
 .text.__retarget_lock_release_recursive
                0x1000ef18        0x4 c:/maximsdk/tools/gnutools/bin/../lib/gcc/arm-none-eabi/9.2.1/../../../../arm-none-eabi/lib/thumb/v7e-m+fp/softfp\libc.a(lib_a-lock.o)
                0x1000ef18                __retarget_lock_release_recursive
 .text.__swhatbuf_r
                0x1000ef1c       0x5c c:/maximsdk/tools/gnutools/bin/../lib/gcc/arm-none-eabi/9.2.1/../../../../arm-none-eabi/lib/thumb/v7e-m+fp/softfp\libc.a(lib_a-makebuf.o)
                0x1000ef1c                __swhatbuf_r
 .text.__smakebuf_r
                0x1000ef78       0x98 c:/maximsdk/tools/gnutools/bin/../lib/gcc/arm-none-eabi/9.2.1/../../../../arm-none-eabi/lib/thumb/v7e-m+fp/softfp\libc.a(lib_a-makebuf.o)
                0x1000ef78                __smakebuf_r
 .text          0x1000f010       0xa0 c:/maximsdk/tools/gnutools/bin/../lib/gcc/arm-none-eabi/9.2.1/../../../../arm-none-eabi/lib/thumb/v7e-m+fp/softfp\libc.a(lib_a-memchr.o)
                0x1000f010                memchr
 .text.memmove  0x1000f0b0       0xd8 c:/maximsdk/tools/gnutools/bin/../lib/gcc/arm-none-eabi/9.2.1/../../../../arm-none-eabi/lib/thumb/v7e-m+fp/softfp\libc.a(lib_a-memmove.o)
                0x1000f0b0                memmove
 .text._Balloc  0x1000f188       0x4c c:/maximsdk/tools/gnutools/bin/../lib/gcc/arm-none-eabi/9.2.1/../../../../arm-none-eabi/lib/thumb/v7e-m+fp/softfp\libc.a(lib_a-mprec.o)
                0x1000f188                _Balloc
 .text._Bfree   0x1000f1d4       0x14 c:/maximsdk/tools/gnutools/bin/../lib/gcc/arm-none-eabi/9.2.1/../../../../arm-none-eabi/lib/thumb/v7e-m+fp/softfp\libc.a(lib_a-mprec.o)
                0x1000f1d4                _Bfree
 .text.__multadd
                0x1000f1e8       0x8c c:/maximsdk/tools/gnutools/bin/../lib/gcc/arm-none-eabi/9.2.1/../../../../arm-none-eabi/lib/thumb/v7e-m+fp/softfp\libc.a(lib_a-mprec.o)
                0x1000f1e8                __multadd
 .text.__hi0bits
                0x1000f274       0x40 c:/maximsdk/tools/gnutools/bin/../lib/gcc/arm-none-eabi/9.2.1/../../../../arm-none-eabi/lib/thumb/v7e-m+fp/softfp\libc.a(lib_a-mprec.o)
                0x1000f274                __hi0bits
 .text.__lo0bits
                0x1000f2b4       0x60 c:/maximsdk/tools/gnutools/bin/../lib/gcc/arm-none-eabi/9.2.1/../../../../arm-none-eabi/lib/thumb/v7e-m+fp/softfp\libc.a(lib_a-mprec.o)
                0x1000f2b4                __lo0bits
 .text.__i2b    0x1000f314       0x14 c:/maximsdk/tools/gnutools/bin/../lib/gcc/arm-none-eabi/9.2.1/../../../../arm-none-eabi/lib/thumb/v7e-m+fp/softfp\libc.a(lib_a-mprec.o)
                0x1000f314                __i2b
 .text.__multiply
                0x1000f328      0x144 c:/maximsdk/tools/gnutools/bin/../lib/gcc/arm-none-eabi/9.2.1/../../../../arm-none-eabi/lib/thumb/v7e-m+fp/softfp\libc.a(lib_a-mprec.o)
                0x1000f328                __multiply
 .text.__pow5mult
                0x1000f46c       0xa0 c:/maximsdk/tools/gnutools/bin/../lib/gcc/arm-none-eabi/9.2.1/../../../../arm-none-eabi/lib/thumb/v7e-m+fp/softfp\libc.a(lib_a-mprec.o)
                0x1000f46c                __pow5mult
 .text.__lshift
                0x1000f50c       0xd4 c:/maximsdk/tools/gnutools/bin/../lib/gcc/arm-none-eabi/9.2.1/../../../../arm-none-eabi/lib/thumb/v7e-m+fp/softfp\libc.a(lib_a-mprec.o)
                0x1000f50c                __lshift
 .text.__mcmp   0x1000f5e0       0x3c c:/maximsdk/tools/gnutools/bin/../lib/gcc/arm-none-eabi/9.2.1/../../../../arm-none-eabi/lib/thumb/v7e-m+fp/softfp\libc.a(lib_a-mprec.o)
                0x1000f5e0                __mcmp
 .text.__mdiff  0x1000f61c      0x138 c:/maximsdk/tools/gnutools/bin/../lib/gcc/arm-none-eabi/9.2.1/../../../../arm-none-eabi/lib/thumb/v7e-m+fp/softfp\libc.a(lib_a-mprec.o)
                0x1000f61c                __mdiff
 .text.__d2b    0x1000f754       0xbc c:/maximsdk/tools/gnutools/bin/../lib/gcc/arm-none-eabi/9.2.1/../../../../arm-none-eabi/lib/thumb/v7e-m+fp/softfp\libc.a(lib_a-mprec.o)
                0x1000f754                __d2b
 .text._realloc_r
                0x1000f810      0x3e0 c:/maximsdk/tools/gnutools/bin/../lib/gcc/arm-none-eabi/9.2.1/../../../../arm-none-eabi/lib/thumb/v7e-m+fp/softfp\libc.a(lib_a-reallocr.o)
                0x1000f810                _realloc_r
 .text.frexp    0x1000fbf0       0x70 c:/maximsdk/tools/gnutools/bin/../lib/gcc/arm-none-eabi/9.2.1/../../../../arm-none-eabi/lib/thumb/v7e-m+fp/softfp\libc.a(lib_a-s_frexp.o)
                0x1000fbf0                frexp
 .text.__sread  0x1000fc60       0x24 c:/maximsdk/tools/gnutools/bin/../lib/gcc/arm-none-eabi/9.2.1/../../../../arm-none-eabi/lib/thumb/v7e-m+fp/softfp\libc.a(lib_a-stdio.o)
                0x1000fc60                __sread
 .text.__swrite
                0x1000fc84       0x40 c:/maximsdk/tools/gnutools/bin/../lib/gcc/arm-none-eabi/9.2.1/../../../../arm-none-eabi/lib/thumb/v7e-m+fp/softfp\libc.a(lib_a-stdio.o)
                0x1000fc84                __swrite
 .text.__sseek  0x1000fcc4       0x20 c:/maximsdk/tools/gnutools/bin/../lib/gcc/arm-none-eabi/9.2.1/../../../../arm-none-eabi/lib/thumb/v7e-m+fp/softfp\libc.a(lib_a-stdio.o)
                0x1000fcc4                __sseek
 .text.__sclose
                0x1000fce4        0x8 c:/maximsdk/tools/gnutools/bin/../lib/gcc/arm-none-eabi/9.2.1/../../../../arm-none-eabi/lib/thumb/v7e-m+fp/softfp\libc.a(lib_a-stdio.o)
                0x1000fce4                __sclose
 .text.strncpy  0x1000fcec       0x68 c:/maximsdk/tools/gnutools/bin/../lib/gcc/arm-none-eabi/9.2.1/../../../../arm-none-eabi/lib/thumb/v7e-m+fp/softfp\libc.a(lib_a-strncpy.o)
                0x1000fcec                strncpy
 .text.__ssprint_r
                0x1000fd54       0xf8 c:/maximsdk/tools/gnutools/bin/../lib/gcc/arm-none-eabi/9.2.1/../../../../arm-none-eabi/lib/thumb/v7e-m+fp/softfp\libc.a(lib_a-svfiprintf.o)
                0x1000fd54                __ssprint_r
 .text.__sprint_r.part.0
                0x1000fe4c       0x78 c:/maximsdk/tools/gnutools/bin/../lib/gcc/arm-none-eabi/9.2.1/../../../../arm-none-eabi/lib/thumb/v7e-m+fp/softfp\libc.a(lib_a-vfiprintf.o)
 .text.__sprint_r
                0x1000fec4       0x18 c:/maximsdk/tools/gnutools/bin/../lib/gcc/arm-none-eabi/9.2.1/../../../../arm-none-eabi/lib/thumb/v7e-m+fp/softfp\libc.a(lib_a-vfiprintf.o)
                0x1000fec4                __sprint_r
 .text.__swbuf_r
                0x1000fedc       0xb0 c:/maximsdk/tools/gnutools/bin/../lib/gcc/arm-none-eabi/9.2.1/../../../../arm-none-eabi/lib/thumb/v7e-m+fp/softfp\libc.a(lib_a-wbuf.o)
                0x1000fedc                __swbuf_r
 .text._write_r
                0x1000ff8c       0x2c c:/maximsdk/tools/gnutools/bin/../lib/gcc/arm-none-eabi/9.2.1/../../../../arm-none-eabi/lib/thumb/v7e-m+fp/softfp\libc.a(lib_a-writer.o)
                0x1000ff8c                _write_r
 .text.__register_exitproc
                0x1000ffb8       0x8c c:/maximsdk/tools/gnutools/bin/../lib/gcc/arm-none-eabi/9.2.1/../../../../arm-none-eabi/lib/thumb/v7e-m+fp/softfp\libc.a(lib_a-__atexit.o)
                0x1000ffb8                __register_exitproc
 .text._calloc_r
                0x10010044       0x60 c:/maximsdk/tools/gnutools/bin/../lib/gcc/arm-none-eabi/9.2.1/../../../../arm-none-eabi/lib/thumb/v7e-m+fp/softfp\libc.a(lib_a-callocr.o)
                0x10010044                _calloc_r
 .text._close_r
                0x100100a4       0x24 c:/maximsdk/tools/gnutools/bin/../lib/gcc/arm-none-eabi/9.2.1/../../../../arm-none-eabi/lib/thumb/v7e-m+fp/softfp\libc.a(lib_a-closer.o)
                0x100100a4                _close_r
 .text._fclose_r
                0x100100c8       0xcc c:/maximsdk/tools/gnutools/bin/../lib/gcc/arm-none-eabi/9.2.1/../../../../arm-none-eabi/lib/thumb/v7e-m+fp/softfp\libc.a(lib_a-fclose.o)
                0x100100c8                _fclose_r
 .text.__fputwc
                0x10010194       0xa8 c:/maximsdk/tools/gnutools/bin/../lib/gcc/arm-none-eabi/9.2.1/../../../../arm-none-eabi/lib/thumb/v7e-m+fp/softfp\libc.a(lib_a-fputwc.o)
                0x10010194                __fputwc
 .text._fputwc_r
                0x1001023c       0x68 c:/maximsdk/tools/gnutools/bin/../lib/gcc/arm-none-eabi/9.2.1/../../../../arm-none-eabi/lib/thumb/v7e-m+fp/softfp\libc.a(lib_a-fputwc.o)
                0x1001023c                _fputwc_r
 .text._fstat_r
                0x100102a4       0x2c c:/maximsdk/tools/gnutools/bin/../lib/gcc/arm-none-eabi/9.2.1/../../../../arm-none-eabi/lib/thumb/v7e-m+fp/softfp\libc.a(lib_a-fstatr.o)
                0x100102a4                _fstat_r
 .text._isatty_r
                0x100102d0       0x24 c:/maximsdk/tools/gnutools/bin/../lib/gcc/arm-none-eabi/9.2.1/../../../../arm-none-eabi/lib/thumb/v7e-m+fp/softfp\libc.a(lib_a-isattyr.o)
                0x100102d0                _isatty_r
 .text.__locale_mb_cur_max
                0x100102f4        0xc c:/maximsdk/tools/gnutools/bin/../lib/gcc/arm-none-eabi/9.2.1/../../../../arm-none-eabi/lib/thumb/v7e-m+fp/softfp\libc.a(lib_a-locale.o)
                0x100102f4                __locale_mb_cur_max
 .text._lseek_r
                0x10010300       0x2c c:/maximsdk/tools/gnutools/bin/../lib/gcc/arm-none-eabi/9.2.1/../../../../arm-none-eabi/lib/thumb/v7e-m+fp/softfp\libc.a(lib_a-lseekr.o)
                0x10010300                _lseek_r
 .text.__ascii_mbtowc
                0x1001032c       0x2c c:/maximsdk/tools/gnutools/bin/../lib/gcc/arm-none-eabi/9.2.1/../../../../arm-none-eabi/lib/thumb/v7e-m+fp/softfp\libc.a(lib_a-mbtowc_r.o)
                0x1001032c                __ascii_mbtowc
 .text._read_r  0x10010358       0x2c c:/maximsdk/tools/gnutools/bin/../lib/gcc/arm-none-eabi/9.2.1/../../../../arm-none-eabi/lib/thumb/v7e-m+fp/softfp\libc.a(lib_a-readr.o)
                0x10010358                _read_r
 .text._wcrtomb_r
                0x10010384       0x3c c:/maximsdk/tools/gnutools/bin/../lib/gcc/arm-none-eabi/9.2.1/../../../../arm-none-eabi/lib/thumb/v7e-m+fp/softfp\libc.a(lib_a-wcrtomb.o)
                0x10010384                _wcrtomb_r
 .text.__ascii_wctomb
                0x100103c0       0x1c c:/maximsdk/tools/gnutools/bin/../lib/gcc/arm-none-eabi/9.2.1/../../../../arm-none-eabi/lib/thumb/v7e-m+fp/softfp\libc.a(lib_a-wctomb_r.o)
                0x100103c0                __ascii_wctomb
 .text          0x100103dc      0x378 c:/maximsdk/tools/gnutools/bin/../lib/gcc/arm-none-eabi/9.2.1/thumb/v7e-m+fp/softfp\libgcc.a(_arm_addsubdf3.o)
                0x100103dc                __aeabi_drsub
                0x100103e4                __aeabi_dsub
                0x100103e4                __subdf3
                0x100103e8                __aeabi_dadd
                0x100103e8                __adddf3
                0x10010660                __floatunsidf
                0x10010660                __aeabi_ui2d
                0x10010680                __floatsidf
                0x10010680                __aeabi_i2d
                0x100106a4                __aeabi_f2d
                0x100106a4                __extendsfdf2
                0x100106e8                __floatundidf
                0x100106e8                __aeabi_ul2d
                0x100106f8                __floatdidf
                0x100106f8                __aeabi_l2d
 .text          0x10010754      0x424 c:/maximsdk/tools/gnutools/bin/../lib/gcc/arm-none-eabi/9.2.1/thumb/v7e-m+fp/softfp\libgcc.a(_arm_muldivdf3.o)
                0x10010754                __aeabi_dmul
                0x10010754                __muldf3
                0x100109a8                __divdf3
                0x100109a8                __aeabi_ddiv
 .text          0x10010b78      0x110 c:/maximsdk/tools/gnutools/bin/../lib/gcc/arm-none-eabi/9.2.1/thumb/v7e-m+fp/softfp\libgcc.a(_arm_cmpdf2.o)
                0x10010b78                __gtdf2
                0x10010b78                __gedf2
                0x10010b80                __ltdf2
                0x10010b80                __ledf2
                0x10010b88                __nedf2
                0x10010b88                __eqdf2
                0x10010b88                __cmpdf2
                0x10010c04                __aeabi_cdrcmple
                0x10010c14                __aeabi_cdcmpeq
                0x10010c14                __aeabi_cdcmple
                0x10010c24                __aeabi_dcmpeq
                0x10010c38                __aeabi_dcmplt
                0x10010c4c                __aeabi_dcmple
                0x10010c60                __aeabi_dcmpge
                0x10010c74                __aeabi_dcmpgt
 .text          0x10010c88       0x2c c:/maximsdk/tools/gnutools/bin/../lib/gcc/arm-none-eabi/9.2.1/thumb/v7e-m+fp/softfp\libgcc.a(_arm_unorddf2.o)
                0x10010c88                __unorddf2
                0x10010c88                __aeabi_dcmpun
 .text          0x10010cb4       0x50 c:/maximsdk/tools/gnutools/bin/../lib/gcc/arm-none-eabi/9.2.1/thumb/v7e-m+fp/softfp\libgcc.a(_arm_fixdfsi.o)
                0x10010cb4                __aeabi_d2iz
                0x10010cb4                __fixdfsi
 .text          0x10010d04       0x30 c:/maximsdk/tools/gnutools/bin/../lib/gcc/arm-none-eabi/9.2.1/thumb/v7e-m+fp/softfp\libgcc.a(_aeabi_uldivmod.o)
                0x10010d04                __aeabi_uldivmod
 .text          0x10010d34      0x2c4 c:/maximsdk/tools/gnutools/bin/../lib/gcc/arm-none-eabi/9.2.1/thumb/v7e-m+fp/softfp\libgcc.a(_udivmoddi4.o)
                0x10010d34                __udivmoddi4
 .text          0x10010ff8        0x4 c:/maximsdk/tools/gnutools/bin/../lib/gcc/arm-none-eabi/9.2.1/thumb/v7e-m+fp/softfp\libgcc.a(_dvmd_tls.o)
                0x10010ff8                __aeabi_idiv0
                0x10010ff8                __aeabi_ldiv0
 *(.rodata*)
 .rodata.main.str1.4
                0x10010ffc      0x170 c:/MaximSDK/Examples/MAX78000/CNN/faceid_evkit/build/main.o
 .rodata        0x1001116c       0x18 c:/MaximSDK/Examples/MAX78000/CNN/faceid_evkit/build/main.o
 .rodata.str1.4
                0x10011184       0x23 c:/MaximSDK/Examples/MAX78000/CNN/faceid_evkit/build/state_home.o
 *fill*         0x100111a7        0x1 
 .rodata        0x100111a8       0x20 c:/MaximSDK/Examples/MAX78000/CNN/faceid_evkit/build/state_home.o
 .rodata.run_cnn.str1.4
                0x100111c8       0x9e c:/MaximSDK/Examples/MAX78000/CNN/faceid_evkit/build/state_faceID.o
                                 0xa2 (size before relaxing)
 *fill*         0x10011266        0x2 
 .rodata.init.str1.4
                0x10011268       0xa1 c:/MaximSDK/Examples/MAX78000/CNN/faceid_evkit/build/state_faceID.o
 *fill*         0x10011309        0x3 
 .rodata.str1.4
                0x1001130c       0x16 c:/MaximSDK/Examples/MAX78000/CNN/faceid_evkit/build/state_faceID.o
                                 0x22 (size before relaxing)
 *fill*         0x10011322        0x2 
 .rodata        0x10011324       0x10 c:/MaximSDK/Examples/MAX78000/CNN/faceid_evkit/build/state_faceID.o
 .rodata.kernels_0
                0x10011334      0xb04 c:/MaximSDK/Examples/MAX78000/CNN/faceid_evkit/build/cnn.o
 .rodata.kernels_1
                0x10011e38      0xb04 c:/MaximSDK/Examples/MAX78000/CNN/faceid_evkit/build/cnn.o
 .rodata.kernels_10
                0x1001293c      0xb04 c:/MaximSDK/Examples/MAX78000/CNN/faceid_evkit/build/cnn.o
 .rodata.kernels_11
                0x10013440      0xb04 c:/MaximSDK/Examples/MAX78000/CNN/faceid_evkit/build/cnn.o
 .rodata.kernels_12
                0x10013f44      0xb04 c:/MaximSDK/Examples/MAX78000/CNN/faceid_evkit/build/cnn.o
 .rodata.kernels_13
                0x10014a48      0xb04 c:/MaximSDK/Examples/MAX78000/CNN/faceid_evkit/build/cnn.o
 .rodata.kernels_14
                0x1001554c      0xb04 c:/MaximSDK/Examples/MAX78000/CNN/faceid_evkit/build/cnn.o
 .rodata.kernels_15
                0x10016050      0xb04 c:/MaximSDK/Examples/MAX78000/CNN/faceid_evkit/build/cnn.o
 .rodata.kernels_16
                0x10016b54      0xb04 c:/MaximSDK/Examples/MAX78000/CNN/faceid_evkit/build/cnn.o
 .rodata.kernels_17
                0x10017658      0xb04 c:/MaximSDK/Examples/MAX78000/CNN/faceid_evkit/build/cnn.o
 .rodata.kernels_18
                0x1001815c      0xb04 c:/MaximSDK/Examples/MAX78000/CNN/faceid_evkit/build/cnn.o
 .rodata.kernels_19